Adrian_McPherson/Adrian_McPherson_0002 Adrian_McPherson_0001 Adrian_McPherson_0001
Alan_Greenspan/Alan_Greenspan_0002 Alan_Greenspan_0001 Alan_Greenspan_0001
Alan_Greenspan/Alan_Greenspan_0005 Alan_Greenspan_0001 Alan_Greenspan_0001
Alan_Greenspan/Alan_Greenspan_0004 Alan_Greenspan_0003 Alan_Greenspan_0003
Alastair_Campbell/Alastair_Campbell_0005 Alastair_Campbell_0001 Alastair_Campbell_0001
Alastair_Campbell/Alastair_Campbell_0004 Alastair_Campbell_0002 Alastair_Campbell_0002
Al_Davis/Al_Davis_0002 Al_Davis_0001 Al_Davis_0001
Alexander_Downer/Alexander_Downer_0002 Alexander_Downer_0001 Alexander_Downer_0001
Alexander_Downer/Alexander_Downer_0003 Alexander_Downer_0001 Alexander_Downer_0001
Alexander_Downer/Alexander_Downer_0004 Alexander_Downer_0001 Alexander_Downer_0001
Alexander_Downer/Alexander_Downer_0004 Alexander_Downer_0003 Alexander_Downer_0003
Al_Gore/Al_Gore_0006 Al_Gore_0002 Al_Gore_0002
Al_Gore/Al_Gore_0006 Al_Gore_0004 Al_Gore_0004
Alice_Fisher/Alice_Fisher_0002 Alice_Fisher_0001 Alice_Fisher_0001
Alison_Lohman/Alison_Lohman_0002 Alison_Lohman_0001 Alison_Lohman_0001
Alvaro_Silva_Calderon/Alvaro_Silva_Calderon_0002 Alvaro_Silva_Calderon_0001 Alvaro_Silva_Calderon_0001
Alvaro_Silva_Calderon/Alvaro_Silva_Calderon_0003 Alvaro_Silva_Calderon_0001 Alvaro_Silva_Calderon_0001
Alvaro_Uribe/Alvaro_Uribe_0020 Alvaro_Uribe_0007 Alvaro_Uribe_0007
Alvaro_Uribe/Alvaro_Uribe_0025 Alvaro_Uribe_0008 Alvaro_Uribe_0008
Alvaro_Uribe/Alvaro_Uribe_0013 Alvaro_Uribe_0012 Alvaro_Uribe_0012
Alvaro_Uribe/Alvaro_Uribe_0028 Alvaro_Uribe_0020 Alvaro_Uribe_0020
Anders_Ebbeson/Anders_Ebbeson_0003 Anders_Ebbeson_0002 Anders_Ebbeson_0002
Andrew_Bunner/Andrew_Bunner_0002 Andrew_Bunner_0001 Andrew_Bunner_0001
Anibal_Ibarra/Anibal_Ibarra_0003 Anibal_Ibarra_0001 Anibal_Ibarra_0001
Antonio_Trillanes/Antonio_Trillanes_0003 Antonio_Trillanes_0001 Antonio_Trillanes_0001
Antonio_Trillanes/Antonio_Trillanes_0003 Antonio_Trillanes_0002 Antonio_Trillanes_0002
Asa_Hutchinson/Asa_Hutchinson_0002 Asa_Hutchinson_0001 Asa_Hutchinson_0001
Barbara_Walters/Barbara_Walters_0003 Barbara_Walters_0001 Barbara_Walters_0001
Barbara_Walters/Barbara_Walters_0004 Barbara_Walters_0001 Barbara_Walters_0001
Barbara_Walters/Barbara_Walters_0004 Barbara_Walters_0003 Barbara_Walters_0003
Benazir_Bhutto/Benazir_Bhutto_0004 Benazir_Bhutto_0001 Benazir_Bhutto_0001
Benazir_Bhutto/Benazir_Bhutto_0003 Benazir_Bhutto_0002 Benazir_Bhutto_0002
Benazir_Bhutto/Benazir_Bhutto_0004 Benazir_Bhutto_0002 Benazir_Bhutto_0002
Ben_Howland/Ben_Howland_0002 Ben_Howland_0001 Ben_Howland_0001
Ben_Howland/Ben_Howland_0003 Ben_Howland_0001 Ben_Howland_0001
Ben_Howland/Ben_Howland_0004 Ben_Howland_0003 Ben_Howland_0003
Bill_Simon/Bill_Simon_0009 Bill_Simon_0005 Bill_Simon_0005
Bill_Simon/Bill_Simon_0015 Bill_Simon_0011 Bill_Simon_0011
Billy_Sollie/Billy_Sollie_0002 Billy_Sollie_0001 Billy_Sollie_0001
Boris_Berezovsky/Boris_Berezovsky_0001 Ashraf_Ghani_0001 Boris_Berezovsky_0001
Boris_Berezovsky/Boris_Berezovsky_0002 Boris_Berezovsky_0001 Boris_Berezovsky_0001
Brooke_Shields/Brooke_Shields_0002 Brooke_Shields_0001 Brooke_Shields_0001
Bruce_Paltrow/Bruce_Paltrow_0001 Abdullah_Nasseef_0001 Bruce_Paltrow_0001
Bulent_Ecevit/Bulent_Ecevit_0004 Bulent_Ecevit_0001 Bulent_Ecevit_0001
Bulent_Ecevit/Bulent_Ecevit_0005 Bulent_Ecevit_0001 Bulent_Ecevit_0001
Bulent_Ecevit/Bulent_Ecevit_0006 Bulent_Ecevit_0002 Bulent_Ecevit_0002
Bulent_Ecevit/Bulent_Ecevit_0006 Bulent_Ecevit_0004 Bulent_Ecevit_0004
Candie_Kung/Candie_Kung_0002 Candie_Kung_0001 Candie_Kung_0001
Candie_Kung/Candie_Kung_0004 Candie_Kung_0001 Candie_Kung_0001
Carlo_Ancelotti/Carlo_Ancelotti_0002 Carlo_Ancelotti_0001 Carlo_Ancelotti_0001
Carlo_Ancelotti/Carlo_Ancelotti_0003 Carlo_Ancelotti_0002 Carlo_Ancelotti_0002
Carlos_Moya/Carlos_Moya_0017 Carlos_Moya_0008 Carlos_Moya_0008
Carlos_Moya/Carlos_Moya_0018 Carlos_Moya_0010 Carlos_Moya_0010
Carlos_Vives/Carlos_Vives_0004 Carlos_Vives_0001 Carlos_Vives_0001
Carlos_Vives/Carlos_Vives_0004 Carlos_Vives_0002 Carlos_Vives_0002
Carson_Daly/Carson_Daly_0002 Carson_Daly_0001 Carson_Daly_0001
Cassandra_Heise/Cassandra_Heise_0001 Ashley_Postell_0001 Cassandra_Heise_0001
Cate_Blanchett/Cate_Blanchett_0002 Cate_Blanchett_0001 Cate_Blanchett_0001
Cate_Blanchett/Cate_Blanchett_0003 Cate_Blanchett_0001 Cate_Blanchett_0001
Cate_Blanchett/Cate_Blanchett_0004 Cate_Blanchett_0001 Cate_Blanchett_0001
Cate_Blanchett/Cate_Blanchett_0003 Cate_Blanchett_0002 Cate_Blanchett_0002
Cate_Blanchett/Cate_Blanchett_0004 Cate_Blanchett_0002 Cate_Blanchett_0002
Charlie_Sheen/Charlie_Sheen_0001 Adam_Kennedy_0001 Charlie_Sheen_0001
Chok_Tong_Goh/Chok_Tong_Goh_0002 Chok_Tong_Goh_0001 Chok_Tong_Goh_0001
Chris_Byrd/Chris_Byrd_0002 Chris_Byrd_0001 Chris_Byrd_0001
Chris_Cooper/Chris_Cooper_0002 Chris_Cooper_0001 Chris_Cooper_0001
Chris_Hernandez/Chris_Hernandez_0001 Ascencion_Barajas_0001 Chris_Hernandez_0001
Christine_Gregoire/Christine_Gregoire_0004 Christine_Gregoire_0001 Christine_Gregoire_0001
Christine_Gregoire/Christine_Gregoire_0003 Christine_Gregoire_0002 Christine_Gregoire_0002
Christine_Gregoire/Christine_Gregoire_0004 Christine_Gregoire_0002 Christine_Gregoire_0002
Christopher_Patten/Christopher_Patten_0002 Christopher_Patten_0001 Christopher_Patten_0001
Chris_Tucker/Chris_Tucker_0002 Chris_Tucker_0001 Chris_Tucker_0001
Clint_Eastwood/Clint_Eastwood_0004 Clint_Eastwood_0001 Clint_Eastwood_0001
Clint_Eastwood/Clint_Eastwood_0006 Clint_Eastwood_0001 Clint_Eastwood_0001
Colleen_OClair/Colleen_OClair_0001 Christopher_Russell_0001 Colleen_OClair_0001
Constance_Marie/Constance_Marie_0002 Constance_Marie_0001 Constance_Marie_0001
Constance_Marie/Constance_Marie_0003 Constance_Marie_0001 Constance_Marie_0001
David_Przybyszewski/David_Przybyszewski_0001 Anibal_Ibarra_0002 David_Przybyszewski_0001
Delphine_Chuillot/Delphine_Chuillot_0001 Brian_Cashman_0001 Delphine_Chuillot_0001
Dennis_Hastert/Dennis_Hastert_0003 Dennis_Hastert_0002 Dennis_Hastert_0002
Dennis_Hastert/Dennis_Hastert_0006 Dennis_Hastert_0003 Dennis_Hastert_0003
Dennis_Hastert/Dennis_Hastert_0006 Dennis_Hastert_0004 Dennis_Hastert_0004
Dennis_Hastert/Dennis_Hastert_0006 Dennis_Hastert_0005 Dennis_Hastert_0005
Dionne_Warwick/Dionne_Warwick_0001 Andrea_De_Cruz_0001 Dionne_Warwick_0001
Dolly_Parton/Dolly_Parton_0002 Dolly_Parton_0001 Dolly_Parton_0001
Doug_Duncan/Doug_Duncan_0002 Doug_Duncan_0001 Doug_Duncan_0001
Edith_Masai/Edith_Masai_0001 Andy_Warhol_0001 Edith_Masai_0001
Eduardo_Chillida/Eduardo_Chillida_0001 Adrian_McPherson_0002 Eduardo_Chillida_0001
Eduardo_Romero/Eduardo_Romero_0001 Bulent_Ecevit_0006 Eduardo_Romero_0001
Edward_Kennedy/Edward_Kennedy_0002 Edward_Kennedy_0001 Edward_Kennedy_0001
Edward_Kennedy/Edward_Kennedy_0003 Edward_Kennedy_0002 Edward_Kennedy_0002
Edward_Said/Edward_Said_0002 Edward_Said_0001 Edward_Said_0001
Edward_Said/Edward_Said_0002 Bill_Simon_0001 Edward_Said_0002
Elena_Bovina/Elena_Bovina_0002 Elena_Bovina_0001 Elena_Bovina_0001
Elena_Bovina/Elena_Bovina_0003 Elena_Bovina_0001 Elena_Bovina_0001
Elena_Bovina/Elena_Bovina_0002 David_Przybyszewski_0001 Elena_Bovina_0002
Elena_Bovina/Elena_Bovina_0003 Elena_Bovina_0002 Elena_Bovina_0002
Eliane_Karp/Eliane_Karp_0001 Chistian_Stahl_0001 Eliane_Karp_0001
Eliane_Karp/Eliane_Karp_0003 Eliane_Karp_0001 Eliane_Karp_0001
Eliane_Karp/Eliane_Karp_0003 Eliane_Karp_0002 Eliane_Karp_0002
Eliane_Karp/Eliane_Karp_0004 Eliane_Karp_0002 Eliane_Karp_0002
Eliane_Karp/Eliane_Karp_0004 Eliane_Karp_0003 Eliane_Karp_0003
Elvis_Presley/Elvis_Presley_0002 Elvis_Presley_0001 Elvis_Presley_0001
Eminem/Eminem_0001 Catherine_Donkers_0001 Eminem_0001
Erika_Harold/Erika_Harold_0003 Erika_Harold_0001 Erika_Harold_0001
Erika_Harold/Erika_Harold_0003 Erika_Harold_0002 Erika_Harold_0002
Erika_Harold/Erika_Harold_0004 Erika_Harold_0003 Erika_Harold_0003
Erika_Harold/Erika_Harold_0005 Erika_Harold_0004 Erika_Harold_0004
Ernie_Els/Ernie_Els_0003 Ernie_Els_0001 Ernie_Els_0001
Ernie_Els/Ernie_Els_0004 Ernie_Els_0001 Ernie_Els_0001
Ernie_Els/Ernie_Els_0002 Andrew_Weissmann_0001 Ernie_Els_0002
Ernie_Els/Ernie_Els_0003 Ernie_Els_0002 Ernie_Els_0002
Evan_Marriott/Evan_Marriott_0001 Blas_Ople_0001 Evan_Marriott_0001
Evgeni_Plushenko/Evgeni_Plushenko_0001 Caroline_Dhavernas_0001 Evgeni_Plushenko_0001
Felipe_Fernandez/Felipe_Fernandez_0001 Blas_Ople_0001 Felipe_Fernandez_0001
Felipe_Fernandez/Felipe_Fernandez_0001 Christopher_Whittle_0001 Felipe_Fernandez_0001
Franco_Dragone/Franco_Dragone_0001 Bijan_Darvish_0001 Franco_Dragone_0001
Franco_Dragone/Franco_Dragone_0002 Franco_Dragone_0001 Franco_Dragone_0001
Frank_Abagnale_Jr/Frank_Abagnale_Jr_0001 Edward_Said_0001 Frank_Abagnale_Jr_0001
Frank_Solich/Frank_Solich_0004 Frank_Solich_0001 Frank_Solich_0001
Frank_Solich/Frank_Solich_0005 Frank_Solich_0002 Frank_Solich_0002
Frank_Solich/Frank_Solich_0004 Frank_Solich_0003 Frank_Solich_0003
Frank_Taylor/Frank_Taylor_0001 Bijan_Darvish_0002 Frank_Taylor_0001
Frank_Taylor/Frank_Taylor_0001 Dale_Bosworth_0001 Frank_Taylor_0001
Gabriel_Batistuta/Gabriel_Batistuta_0002 Gabriel_Batistuta_0001 Gabriel_Batistuta_0001
Gary_Carter/Gary_Carter_0002 Gary_Carter_0001 Gary_Carter_0001
Gary_Carter/Gary_Carter_0003 Gary_Carter_0001 Gary_Carter_0001
Gary_Doer/Gary_Doer_0002 Gary_Doer_0001 Gary_Doer_0001
Gary_Doer/Gary_Doer_0003 Gary_Doer_0002 Gary_Doer_0002
Gary_Sinise/Gary_Sinise_0001 Asa_Hutchinson_0002 Gary_Sinise_0001
Gene_Sauers/Gene_Sauers_0001 Alice_Fisher_0001 Gene_Sauers_0001
George_Tenet/George_Tenet_0002 George_Tenet_0001 George_Tenet_0001
George_Voinovich/George_Voinovich_0003 George_Voinovich_0001 George_Voinovich_0001
George_Voinovich/George_Voinovich_0003 George_Voinovich_0002 George_Voinovich_0002
Georgi_Parvanov/Georgi_Parvanov_0002 Georgi_Parvanov_0001 Georgi_Parvanov_0001
Gerard_Kleisterlee/Gerard_Kleisterlee_0001 Bob_Cantrell_0001 Gerard_Kleisterlee_0001
Gilberto_Simoni/Gilberto_Simoni_0001 Bulent_Ecevit_0006 Gilberto_Simoni_0001
Gina_Centrello/Gina_Centrello_0001 Cate_Blanchett_0003 Gina_Centrello_0001
Gina_Centrello/Gina_Centrello_0001 Gene_Sauers_0001 Gina_Centrello_0001
Goldie_Hawn/Goldie_Hawn_0007 Goldie_Hawn_0001 Goldie_Hawn_0001
Goldie_Hawn/Goldie_Hawn_0003 Goldie_Hawn_0002 Goldie_Hawn_0002
Goldie_Hawn/Goldie_Hawn_0007 Goldie_Hawn_0003 Goldie_Hawn_0003
Goldie_Hawn/Goldie_Hawn_0007 Goldie_Hawn_0006 Goldie_Hawn_0006
Goran_Persson/Goran_Persson_0002 Goran_Persson_0001 Goran_Persson_0001
Gro_Harlem_Brundtland/Gro_Harlem_Brundtland_0002 Gro_Harlem_Brundtland_0001 Gro_Harlem_Brundtland_0001
Guillaume_Soro/Guillaume_Soro_0002 Guillaume_Soro_0001 Guillaume_Soro_0001
Gwyneth_Paltrow/Gwyneth_Paltrow_0005 Gwyneth_Paltrow_0001 Gwyneth_Paltrow_0001
Gwyneth_Paltrow/Gwyneth_Paltrow_0006 Gwyneth_Paltrow_0001 Gwyneth_Paltrow_0001
Gwyneth_Paltrow/Gwyneth_Paltrow_0006 Gwyneth_Paltrow_0002 Gwyneth_Paltrow_0002
Gwyneth_Paltrow/Gwyneth_Paltrow_0006 Gwyneth_Paltrow_0003 Gwyneth_Paltrow_0003
Hee-Won_Han/Hee-Won_Han_0002 Hee-Won_Han_0001 Hee-Won_Han_0001
Herb_Sendek/Herb_Sendek_0003 Herb_Sendek_0001 Herb_Sendek_0001
Herb_Sendek/Herb_Sendek_0004 Herb_Sendek_0003 Herb_Sendek_0003
Hong_Myung/Hong_Myung_0001 Gong_Ruina_0001 Hong_Myung_0001
Howard_Smith/Howard_Smith_0002 Howard_Smith_0001 Howard_Smith_0001
Howard_Smith/Howard_Smith_0002 Abdullah_Nasseef_0001 Howard_Smith_0002
Howard_Smith/Howard_Smith_0002 Billy_Gilman_0001 Howard_Smith_0002
Hugh_Grant/Hugh_Grant_0008 Hugh_Grant_0005 Hugh_Grant_0005
Hugh_Grant/Hugh_Grant_0009 Hugh_Grant_0006 Hugh_Grant_0006
Hussein_Malik/Hussein_Malik_0001 Billy_Sollie_0002 Hussein_Malik_0001
Irfan_Ahmed/Irfan_Ahmed_0001 Chris_Cooper_0002 Irfan_Ahmed_0001
Irina_Lobacheva/Irina_Lobacheva_0001 Brad_Miller_0001 Irina_Lobacheva_0001
Irina_Lobacheva/Irina_Lobacheva_0001 Franco_Frattini_0001 Irina_Lobacheva_0001
Ismail_Cem/Ismail_Cem_0001 Andrea_De_Cruz_0001 Ismail_Cem_0001
Jack_Straw/Jack_Straw_0028 Jack_Straw_0025 Jack_Straw_0025
James_Franco/James_Franco_0002 James_Franco_0001 James_Franco_0001
James_Ivory/James_Ivory_0002 James_Ivory_0001 James_Ivory_0001
James_Schultz/James_Schultz_0002 James_Schultz_0001 James_Schultz_0001
James_Traficant/James_Traficant_0002 James_Traficant_0001 James_Traficant_0001
James_Traficant/James_Traficant_0003 James_Traficant_0002 James_Traficant_0002
Jan_De_Bont/Jan_De_Bont_0001 Abdullah_Nasseef_0001 Jan_De_Bont_0001
Jane_Pauley/Jane_Pauley_0002 Jane_Pauley_0001 Jane_Pauley_0001
Jane_Pauley/Jane_Pauley_0002 Benazir_Bhutto_0004 Jane_Pauley_0002
Janine_Pietsch/Janine_Pietsch_0001 Dionne_Warwick_0001 Janine_Pietsch_0001
Janine_Pietsch/Janine_Pietsch_0001 Enrique_Bolanos_0004 Janine_Pietsch_0001
Jan_Ullrich/Jan_Ullrich_0004 Jan_Ullrich_0001 Jan_Ullrich_0001
Jan_Ullrich/Jan_Ullrich_0006 Jan_Ullrich_0002 Jan_Ullrich_0002
Jan_Ullrich/Jan_Ullrich_0006 Jan_Ullrich_0003 Jan_Ullrich_0003
Jason_Jennings/Jason_Jennings_0001 Frank_Taylor_0001 Jason_Jennings_0001
Jason_Jennings/Jason_Jennings_0002 Jason_Jennings_0001 Jason_Jennings_0001
Javier_Weber/Javier_Weber_0001 Jan_Ullrich_0003 Javier_Weber_0001
Javier_Weber/Javier_Weber_0002 Javier_Weber_0001 Javier_Weber_0001
Jean_Todt/Jean_Todt_0001 Geoff_Dixon_0001 Jean_Todt_0001
Jeff_George/Jeff_George_0001 Danny_Morgan_0001 Jeff_George_0001
Jeff_George/Jeff_George_0001 Dick_Posthumus_0001 Jeff_George_0001
Jennifer_Pena/Jennifer_Pena_0001 Chris_Tucker_0002 Jennifer_Pena_0001
Jennifer_Pena/Jennifer_Pena_0001 Edward_Kennedy_0002 Jennifer_Pena_0001
Jennifer_Rodriguez/Jennifer_Rodriguez_0002 Jennifer_Rodriguez_0001 Jennifer_Rodriguez_0001
Jeong_Se-hyun/Jeong_Se-hyun_0006 Jeong_Se-hyun_0002 Jeong_Se-hyun_0002
Jeong_Se-hyun/Jeong_Se-hyun_0007 Jeong_Se-hyun_0003 Jeong_Se-hyun_0003
Jeong_Se-hyun/Jeong_Se-hyun_0008 Jeong_Se-hyun_0006 Jeong_Se-hyun_0006
Jeong_Se-hyun/Jeong_Se-hyun_0009 Jeong_Se-hyun_0007 Jeong_Se-hyun_0007
Jeong_Se-hyun/Jeong_Se-hyun_0009 Jeong_Se-hyun_0008 Jeong_Se-hyun_0008
Jeong_Se-hyun/Jeong_Se-hyun_0009 Hector_Grullon_0001 Jeong_Se-hyun_0009
Jeremy_Fogel/Jeremy_Fogel_0001 Caroline_Dhavernas_0001 Jeremy_Fogel_0001
Jerry_Hall/Jerry_Hall_0001 Christine_Rau_0001 Jerry_Hall_0001
Jewel_Howard-Taylor/Jewel_Howard-Taylor_0001 Barbara_Walters_0001 Jewel_Howard-Taylor_0001
Jim_Nochols/Jim_Nochols_0001 Abdullah_Nasseef_0001 Jim_Nochols_0001
Jim_Parque/Jim_Parque_0001 Andres_Manuel_Lopez_Obrador_0001 Jim_Parque_0001
Jim_Parque/Jim_Parque_0001 Delphine_Chuillot_0001 Jim_Parque_0001
Jim_Ryan/Jim_Ryan_0001 Dan_Quayle_0001 Jim_Ryan_0001
Jim_Wong/Jim_Wong_0001 Dick_Posthumus_0001 Jim_Wong_0001
Joan_Jett/Joan_Jett_0001 Ashley_Judd_0001 Joan_Jett_0001
Joanna_Poitier/Joanna_Poitier_0001 Jennifer_Rodriguez_0002 Joanna_Poitier_0001
Jo_Dee_Messina/Jo_Dee_Messina_0002 Jo_Dee_Messina_0001 Jo_Dee_Messina_0001
Joe_DeLamielleure/Joe_DeLamielleure_0001 Dewayne_White_0001 Joe_DeLamielleure_0001
Joe_Lieberman/Joe_Lieberman_0011 Joe_Lieberman_0008 Joe_Lieberman_0008
Joe_Lieberman/Joe_Lieberman_0010 Joe_Lieberman_0009 Joe_Lieberman_0009
Joe_Mantello/Joe_Mantello_0001 Joe_Lieberman_0010 Joe_Mantello_0001
Joe_Mantello/Joe_Mantello_0002 Joe_Mantello_0001 Joe_Mantello_0001
Johannes_Rau/Johannes_Rau_0001 Brad_Gushue_0001 Johannes_Rau_0001
John_Allen_Muhammad/John_Allen_Muhammad_0002 Doug_Duncan_0002 John_Allen_Muhammad_0002
John_Allen_Muhammad/John_Allen_Muhammad_0009 John_Allen_Muhammad_0002 John_Allen_Muhammad_0002
John_Allen_Muhammad/John_Allen_Muhammad_0007 John_Allen_Muhammad_0005 John_Allen_Muhammad_0005
John_Allen_Muhammad/John_Allen_Muhammad_0010 John_Allen_Muhammad_0006 John_Allen_Muhammad_0006
John_Allen_Muhammad/John_Allen_Muhammad_0010 Danny_Morgan_0001 John_Allen_Muhammad_0010
John_Blaney/John_Blaney_0002 John_Blaney_0001 John_Blaney_0001
John_Blaney/John_Blaney_0002 Curtis_Rodriguez_0001 John_Blaney_0002
John_Brady/John_Brady_0002 John_Brady_0001 John_Brady_0001
John_Connolly/John_Connolly_0001 James_W_Kennedy_0001 John_Connolly_0001
John_Howard/John_Howard_0015 John_Howard_0005 John_Howard_0005
John_Howard/John_Howard_0017 John_Howard_0012 John_Howard_0012
John_Moe/John_Moe_0001 Carson_Daly_0001 John_Moe_0001
Johnny_Tapia/Johnny_Tapia_0002 Johnny_Tapia_0001 Johnny_Tapia_0001
Johnny_Tapia/Johnny_Tapia_0003 Johnny_Tapia_0002 Johnny_Tapia_0002
John_Tyson/John_Tyson_0001 Carlo_Ancelotti_0001 John_Tyson_0001
Jorge_Moreno/Jorge_Moreno_0001 Alicia_Witt_0001 Jorge_Moreno_0001
Jorge_Valdano/Jorge_Valdano_0002 Jorge_Valdano_0001 Jorge_Valdano_0001
Joseph_Deiss/Joseph_Deiss_0003 Joseph_Deiss_0001 Joseph_Deiss_0001
Juan_Roman_Carrasco/Juan_Roman_Carrasco_0001 Anthony_Ervin_0001 Juan_Roman_Carrasco_0001
Judith_Nathan/Judith_Nathan_0001 James_Coviello_0001 Judith_Nathan_0001
Julian_Fantino/Julian_Fantino_0001 Al_Davis_0001 Julian_Fantino_0001
Julio_Cesar_Chavez/Julio_Cesar_Chavez_0001 Gilberto_Simoni_0001 Julio_Cesar_Chavez_0001
Junichiro_Koizumi/Junichiro_Koizumi_0053 Junichiro_Koizumi_0001 Junichiro_Koizumi_0001
Junichiro_Koizumi/Junichiro_Koizumi_0055 Junichiro_Koizumi_0026 Junichiro_Koizumi_0026
Junichiro_Koizumi/Junichiro_Koizumi_0045 Junichiro_Koizumi_0029 Junichiro_Koizumi_0029
Junichiro_Koizumi/Junichiro_Koizumi_0042 Jane_Menelaus_0001 Junichiro_Koizumi_0042
Karen_Clarkson/Karen_Clarkson_0001 Alexandre_Herchcovitch_0001 Karen_Clarkson_0001
Karen_Clarkson/Karen_Clarkson_0001 Benazir_Bhutto_0005 Karen_Clarkson_0001
Kate_Capshaw/Kate_Capshaw_0002 Kate_Capshaw_0001 Kate_Capshaw_0001
Kathleen_Kennedy_Townsend/Kathleen_Kennedy_Townsend_0003 Curtis_Rodriguez_0001 Kathleen_Kennedy_Townsend_0003
Kathryn_Bigelow/Kathryn_Bigelow_0002 Kathryn_Bigelow_0001 Kathryn_Bigelow_0001
Katrin_Cartlidge/Katrin_Cartlidge_0001 Antonio_Trillanes_0001 Katrin_Cartlidge_0001
Ken_Kutaragi/Ken_Kutaragi_0001 Alexandra_Pelosi_0001 Ken_Kutaragi_0001
Ken_Kutaragi/Ken_Kutaragi_0001 Jewel_Howard-Taylor_0001 Ken_Kutaragi_0001
Kenneth_Cooper/Kenneth_Cooper_0001 Hiroki_Gomi_0001 Kenneth_Cooper_0001
Kent_McCord/Kent_McCord_0001 Alan_Greenspan_0004 Kent_McCord_0001
Kent_McCord/Kent_McCord_0001 Jack_Osbourne_0001 Kent_McCord_0001
Kevin_James/Kevin_James_0001 Joan_Jett_0001 Kevin_James_0001
Kevin_Spacey/Kevin_Spacey_0002 Kevin_Spacey_0001 Kevin_Spacey_0001
Kevin_Spacey/Kevin_Spacey_0003 Kevin_Spacey_0001 Kevin_Spacey_0001
Kevin_Spacey/Kevin_Spacey_0002 Doug_Duncan_0001 Kevin_Spacey_0002
Kim_Ryong-sung/Kim_Ryong-sung_0008 Kim_Ryong-sung_0006 Kim_Ryong-sung_0006
Kim_Ryong-sung/Kim_Ryong-sung_0011 Kim_Ryong-sung_0008 Kim_Ryong-sung_0008
Klaus_Zwickel/Klaus_Zwickel_0002 Klaus_Zwickel_0001 Klaus_Zwickel_0001
Koichi_Haraguchi/Koichi_Haraguchi_0001 Henk_Bekedam_0001 Koichi_Haraguchi_0001
Kristen_Breitweiser/Kristen_Breitweiser_0003 Kristen_Breitweiser_0002 Kristen_Breitweiser_0002
Kristen_Breitweiser/Kristen_Breitweiser_0003 Karen_Clarkson_0001 Kristen_Breitweiser_0003
Kristin_Chenoweth/Kristin_Chenoweth_0001 Jerome_Golmard_0001 Kristin_Chenoweth_0001
Laila_Ali/Laila_Ali_0003 Laila_Ali_0002 Laila_Ali_0002
Larry_Brown/Larry_Brown_0003 Larry_Brown_0001 Larry_Brown_0001
Larry_Brown/Larry_Brown_0004 Larry_Brown_0002 Larry_Brown_0002
Larry_Brown/Larry_Brown_0007 Larry_Brown_0002 Larry_Brown_0002
Larry_Brown/Larry_Brown_0007 Larry_Brown_0004 Larry_Brown_0004
Larry_Brown/Larry_Brown_0007 Larry_Brown_0006 Larry_Brown_0006
Larry_Campbell/Larry_Campbell_0001 Allan_Wagner_0001 Larry_Campbell_0001
Larry_Johnson/Larry_Johnson_0002 Larry_Johnson_0001 Larry_Johnson_0001
Lars_Von_Trier/Lars_Von_Trier_0002 Lars_Von_Trier_0001 Lars_Von_Trier_0001
Lars_Von_Trier/Lars_Von_Trier_0003 Lars_Von_Trier_0002 Lars_Von_Trier_0002
Leander_Paes/Leander_Paes_0001 Boris_Berezovsky_0002 Leander_Paes_0001
Leander_Paes/Leander_Paes_0002 Leander_Paes_0001 Leander_Paes_0001
Leigh_Winchell/Leigh_Winchell_0001 Bob_Goldman_0001 Leigh_Winchell_0001
Liam_Neeson/Liam_Neeson_0003 Liam_Neeson_0001 Liam_Neeson_0001
Liam_Neeson/Liam_Neeson_0002 Enrique_Bolanos_0004 Liam_Neeson_0002
Liam_Neeson/Liam_Neeson_0003 Liam_Neeson_0002 Liam_Neeson_0002
Li_Ka-shing/Li_Ka-shing_0001 Alastair_Campbell_0004 Li_Ka-shing_0001
Linda_Amicangioli/Linda_Amicangioli_0001 Ismail_Cem_0001 Linda_Amicangioli_0001
Lino_Oviedo/Lino_Oviedo_0001 Alicia_Witt_0001 Lino_Oviedo_0001
Lino_Oviedo/Lino_Oviedo_0003 Lino_Oviedo_0001 Lino_Oviedo_0001
Lino_Oviedo/Lino_Oviedo_0003 Lino_Oviedo_0002 Lino_Oviedo_0002
Louis_Van_Gaal/Louis_Van_Gaal_0001 Darrell_Royal_0001 Louis_Van_Gaal_0001
Louis_Van_Gaal/Louis_Van_Gaal_0001 Franco_Dragone_0002 Louis_Van_Gaal_0001
Lubomir_Zaoralek/Lubomir_Zaoralek_0001 Bilal_Erdogan_0001 Lubomir_Zaoralek_0001
Lubomir_Zaoralek/Lubomir_Zaoralek_0001 Dennis_Hastert_0005 Lubomir_Zaoralek_0001
Ludivine_Sagnier/Ludivine_Sagnier_0003 Ludivine_Sagnier_0001 Ludivine_Sagnier_0001
Ludivine_Sagnier/Ludivine_Sagnier_0004 Ludivine_Sagnier_0003 Ludivine_Sagnier_0003
Luis_Berrondo/Luis_Berrondo_0001 Alexander_Downer_0003 Luis_Berrondo_0001
Luis_Berrondo/Luis_Berrondo_0001 Jim_Ryan_0001 Luis_Berrondo_0001
Luis_Berrondo/Luis_Berrondo_0001 Lubomir_Zaoralek_0001 Luis_Berrondo_0001
Luis_Fonsi/Luis_Fonsi_0001 Georgi_Parvanov_0001 Luis_Fonsi_0001
Lynne_Cheney/Lynne_Cheney_0002 Lynne_Cheney_0001 Lynne_Cheney_0001
Lynne_Cheney/Lynne_Cheney_0003 Lynne_Cheney_0002 Lynne_Cheney_0002
Lyudmila_Putin/Lyudmila_Putin_0001 Eddy_Hartenstein_0001 Lyudmila_Putin_0001
Maggie_Smith/Maggie_Smith_0001 Bob_Goldman_0001 Maggie_Smith_0001
Maggie_Smith/Maggie_Smith_0001 Leonardo_Del_Vecchio_0001 Maggie_Smith_0001
Maggie_Smith/Maggie_Smith_0002 Maggie_Smith_0001 Maggie_Smith_0001
Manuel_Gehring/Manuel_Gehring_0001 Henk_Bekedam_0001 Manuel_Gehring_0001
Manuel_Gehring/Manuel_Gehring_0001 Jack_Straw_0001 Manuel_Gehring_0001
Marcelo_Salas/Marcelo_Salas_0002 Marcelo_Salas_0001 Marcelo_Salas_0001
Marco_Irizarry/Marco_Irizarry_0001 Gianni_Agnelli_0001 Marco_Irizarry_0001
Marcos_Cafu/Marcos_Cafu_0001 Ana_Sebastiao_0001 Marcos_Cafu_0001
Marc_Racicot/Marc_Racicot_0001 Larry_Johnson_0002 Marc_Racicot_0001
Marcus_Allen/Marcus_Allen_0001 Cedric_Benson_0001 Marcus_Allen_0001
Marcus_Allen/Marcus_Allen_0001 Ernie_Els_0002 Marcus_Allen_0001
Mariangel_Ruiz_Torrealba/Mariangel_Ruiz_Torrealba_0002 Mariangel_Ruiz_Torrealba_0001 Mariangel_Ruiz_Torrealba_0001
Marisa_Tomei/Marisa_Tomei_0002 Marisa_Tomei_0001 Marisa_Tomei_0001
Mark_Swartz/Mark_Swartz_0001 Billy_Sollie_0001 Mark_Swartz_0001
Mary_Landrieu/Mary_Landrieu_0003 Bob_Cantrell_0001 Mary_Landrieu_0003
Mary_Steenburgen/Mary_Steenburgen_0002 Mary_Steenburgen_0001 Mary_Steenburgen_0001
Mary_Steenburgen/Mary_Steenburgen_0002 Luis_Rosario_Huertas_0001 Mary_Steenburgen_0002
Mathilda_Karel_Spak/Mathilda_Karel_Spak_0001 Edward_Kennedy_0001 Mathilda_Karel_Spak_0001
Matthias_Sammer/Matthias_Sammer_0001 Eddy_Hartenstein_0001 Matthias_Sammer_0001
Matt_Welsh/Matt_Welsh_0001 Brian_Cook_0001 Matt_Welsh_0001
Mauricio_Macri/Mauricio_Macri_0001 Mathilda_Karel_Spak_0001 Mauricio_Macri_0001
Mauricio_Pochetino/Mauricio_Pochetino_0001 Chris_Hernandez_0001 Mauricio_Pochetino_0001
Mayumi_Moriyama/Mayumi_Moriyama_0001 Jason_Petty_0001 Mayumi_Moriyama_0001
Mel_Brooks/Mel_Brooks_0001 Christine_Rau_0001 Mel_Brooks_0001
Mel_Brooks/Mel_Brooks_0002 Mel_Brooks_0001 Mel_Brooks_0001
Mel_Gibson/Mel_Gibson_0001 John_Connolly_0001 Mel_Gibson_0001
Mel_Gibson/Mel_Gibson_0002 Mel_Gibson_0001 Mel_Gibson_0001
Mian_Khursheed_Mehmood_Kasuri/Mian_Khursheed_Mehmood_Kasuri_0003 Mian_Khursheed_Mehmood_Kasuri_0002 Mian_Khursheed_Mehmood_Kasuri_0002
Mian_Khursheed_Mehmood_Kasuri/Mian_Khursheed_Mehmood_Kasuri_0004 Mian_Khursheed_Mehmood_Kasuri_0003 Mian_Khursheed_Mehmood_Kasuri_0003
Michael_Adams/Michael_Adams_0001 Jim_Parque_0001 Michael_Adams_0001
Michael_Kirby/Michael_Kirby_0001 Henk_Bekedam_0001 Michael_Kirby_0001
Michael_Moore/Michael_Moore_0001 Joanna_Poitier_0001 Michael_Moore_0001
Michael_Moore/Michael_Moore_0002 Michael_Moore_0001 Michael_Moore_0001
Michael_Moore/Michael_Moore_0003 Michael_Moore_0002 Michael_Moore_0002
Michael_Moore/Michael_Moore_0003 John_Connolly_0001 Michael_Moore_0003
Michel_Duclos/Michel_Duclos_0002 Michel_Duclos_0001 Michel_Duclos_0001
Michelle_Pfeiffer/Michelle_Pfeiffer_0002 Michelle_Pfeiffer_0001 Michelle_Pfeiffer_0001
Michel_Therrien/Michel_Therrien_0001 Dave_McGinnis_0001 Michel_Therrien_0001
Miranda_Gaddis/Miranda_Gaddis_0001 Mark_Polansky_0001 Miranda_Gaddis_0001
Mireya_Moscoso/Mireya_Moscoso_0003 Mireya_Moscoso_0002 Mireya_Moscoso_0002
Mireya_Moscoso/Mireya_Moscoso_0005 Mireya_Moscoso_0002 Mireya_Moscoso_0002
Mireya_Moscoso/Mireya_Moscoso_0005 Mireya_Moscoso_0004 Mireya_Moscoso_0004
Mohamed_Hammam/Mohamed_Hammam_0001 Mike_Gable_0001 Mohamed_Hammam_0001
Nabil_Shaath/Nabil_Shaath_0003 Nabil_Shaath_0001 Nabil_Shaath_0001
Nabil_Shaath/Nabil_Shaath_0003 Nabil_Shaath_0002 Nabil_Shaath_0002
Naomi_Watts/Naomi_Watts_0018 Naomi_Watts_0001 Naomi_Watts_0001
Naomi_Watts/Naomi_Watts_0009 Naomi_Watts_0006 Naomi_Watts_0006
Naomi_Watts/Naomi_Watts_0018 Naomi_Watts_0013 Naomi_Watts_0013
Natalie_Cole/Natalie_Cole_0003 Natalie_Cole_0001 Natalie_Cole_0001
Natalie_Cole/Natalie_Cole_0003 Natalie_Cole_0002 Natalie_Cole_0002
Natalya_Sazanovich/Natalya_Sazanovich_0001 Andrea_De_Cruz_0001 Natalya_Sazanovich_0001
Natasha_Henstridge/Natasha_Henstridge_0001 Kent_McCord_0001 Natasha_Henstridge_0001
Natasha_Henstridge/Natasha_Henstridge_0001 Louis_Van_Gaal_0001 Natasha_Henstridge_0001
Nate_Hybl/Nate_Hybl_0001 Frank_Abagnale_Jr_0001 Nate_Hybl_0001
Nathalie_Baye/Nathalie_Baye_0002 Nathalie_Baye_0001 Nathalie_Baye_0001
Nathalie_Baye/Nathalie_Baye_0004 Nathalie_Baye_0001 Nathalie_Baye_0001
Nathalie_Baye/Nathalie_Baye_0004 Nathalie_Baye_0002 Nathalie_Baye_0002
Nathalie_Baye/Nathalie_Baye_0004 Nathalie_Baye_0003 Nathalie_Baye_0003
Nick_Turner/Nick_Turner_0001 Dan_Quayle_0001 Nick_Turner_0001
Norbert_van_Heyst/Norbert_van_Heyst_0001 Brenda_van_Dam_0001 Norbert_van_Heyst_0001
Norman_Mineta/Norman_Mineta_0001 Andres_Manuel_Lopez_Obrador_0001 Norman_Mineta_0001
Norman_Mineta/Norman_Mineta_0001 Jack_Straw_0003 Norman_Mineta_0001
Norman_Mineta/Norman_Mineta_0001 John_Connolly_0001 Norman_Mineta_0001
Norman_Mineta/Norman_Mineta_0001 Kenneth_Cooper_0001 Norman_Mineta_0001
Oleg_Romantsev/Oleg_Romantsev_0001 Abdullah_Nasseef_0001 Oleg_Romantsev_0001
Oleg_Romantsev/Oleg_Romantsev_0001 Junichi_Inamoto_0001 Oleg_Romantsev_0001
Oleksandr_Moroz/Oleksandr_Moroz_0001 Johannes_Rau_0001 Oleksandr_Moroz_0001
Oleksandr_Moroz/Oleksandr_Moroz_0002 Oleksandr_Moroz_0001 Oleksandr_Moroz_0001
Oscar_DLeon/Oscar_DLeon_0001 Bruno_Junquiera_0001 Oscar_DLeon_0001
Oscar_DLeon/Oscar_DLeon_0001 Luis_Fonsi_0001 Oscar_DLeon_0001
Oscar_Elias_Biscet/Oscar_Elias_Biscet_0002 Oscar_Elias_Biscet_0001 Oscar_Elias_Biscet_0001
Oscar_Elias_Biscet/Oscar_Elias_Biscet_0002 Andrew_Bunner_0002 Oscar_Elias_Biscet_0002
Oscar_Elias_Biscet/Oscar_Elias_Biscet_0002 John_Hartson_0001 Oscar_Elias_Biscet_0002
Osmond_Smith/Osmond_Smith_0001 Dominique_Perben_0001 Osmond_Smith_0001
Oswaldo_Paya/Oswaldo_Paya_0003 Oswaldo_Paya_0001 Oswaldo_Paya_0001
Oswaldo_Paya/Oswaldo_Paya_0004 Oswaldo_Paya_0003 Oswaldo_Paya_0003
Patricia_Clarkson/Patricia_Clarkson_0001 Alvaro_Uribe_0014 Patricia_Clarkson_0001
Patricia_Clarkson/Patricia_Clarkson_0002 Patricia_Clarkson_0001 Patricia_Clarkson_0001
Patricia_Clarkson/Patricia_Clarkson_0003 Patricia_Clarkson_0001 Patricia_Clarkson_0001
Patricia_Clarkson/Patricia_Clarkson_0003 Patricia_Clarkson_0002 Patricia_Clarkson_0002
Patricia_Clarkson/Patricia_Clarkson_0004 Patricia_Clarkson_0002 Patricia_Clarkson_0002
Patrick_Roy/Patrick_Roy_0002 Patrick_Roy_0001 Patrick_Roy_0001
Paul_Byrd/Paul_Byrd_0002 Paul_Byrd_0001 Paul_Byrd_0001
Paul-Henri_Mathieu/Paul-Henri_Mathieu_0002 Paul-Henri_Mathieu_0001 Paul-Henri_Mathieu_0001
Paul-Henri_Mathieu/Paul-Henri_Mathieu_0003 Paul-Henri_Mathieu_0001 Paul-Henri_Mathieu_0001
Paul-Henri_Mathieu/Paul-Henri_Mathieu_0002 Andy_Warhol_0001 Paul-Henri_Mathieu_0002
Paul_Johnson/Paul_Johnson_0001 Darla_Moore_0001 Paul_Johnson_0001
Paul_Kagame/Paul_Kagame_0002 Paul_Kagame_0001 Paul_Kagame_0001
Paul_Kagame/Paul_Kagame_0002 Liam_Neeson_0001 Paul_Kagame_0002
Percy_Gibson/Percy_Gibson_0001 Assad_Ahmadi_0001 Percy_Gibson_0001
Percy_Gibson/Percy_Gibson_0001 Brad_Miller_0001 Percy_Gibson_0001
Percy_Gibson/Percy_Gibson_0001 Mary_Landrieu_0003 Percy_Gibson_0001
Peter_Costello/Peter_Costello_0001 Blas_Ople_0001 Peter_Costello_0001
Peter_Costello/Peter_Costello_0001 Gabriel_Batistuta_0001 Peter_Costello_0001
Peter_Costello/Peter_Costello_0002 Peter_Costello_0001 Peter_Costello_0001
Peter_Costello/Peter_Costello_0002 Marisa_Tomei_0002 Peter_Costello_0002
Peter_Greenaway/Peter_Greenaway_0001 Barbara_Walters_0001 Peter_Greenaway_0001
Peter_Greenaway/Peter_Greenaway_0001 Makiko_Tanaka_0001 Peter_Greenaway_0001
Peter_Greenaway/Peter_Greenaway_0002 Peter_Greenaway_0001 Peter_Greenaway_0001
Peter_Holmberg/Peter_Holmberg_0001 Antonio_Elias_Saca_0001 Peter_Holmberg_0001
Peter_Holmberg/Peter_Holmberg_0001 Krishna_Bhadur_Mahara_0001 Peter_Holmberg_0001
Philip_Cummings/Philip_Cummings_0001 Paul_Wollnough_0001 Philip_Cummings_0001
Philip_Cummings/Philip_Cummings_0001 Peter_Caruana_0001 Philip_Cummings_0001
Phillip_Seymor_Hoffmann/Phillip_Seymor_Hoffmann_0001 James_Williams_0001 Phillip_Seymor_Hoffmann_0001
Prakash_Hinduja/Prakash_Hinduja_0001 Naomi_Hayashi_0001 Prakash_Hinduja_0001
Prince_Naruhito/Prince_Naruhito_0002 Prince_Naruhito_0001 Prince_Naruhito_0001
Prince_Naruhito/Prince_Naruhito_0003 Prince_Naruhito_0001 Prince_Naruhito_0001
Prince_Naruhito/Prince_Naruhito_0002 Phillips_Idowu_0001 Prince_Naruhito_0002
Prince_Naruhito/Prince_Naruhito_0003 Prince_Naruhito_0002 Prince_Naruhito_0002
Princess_Masako/Princess_Masako_0002 Princess_Masako_0001 Princess_Masako_0001
Pupi_Avati/Pupi_Avati_0001 Keith_Osik_0001 Pupi_Avati_0001
Pupi_Avati/Pupi_Avati_0001 Mariangel_Ruiz_Torrealba_0003 Pupi_Avati_0001
Pupi_Avati/Pupi_Avati_0002 Din_Samsudin_0001 Pupi_Avati_0002
Pupi_Avati/Pupi_Avati_0003 Pupi_Avati_0002 Pupi_Avati_0002
Pupi_Avati/Pupi_Avati_0004 Natalya_Sazanovich_0001 Pupi_Avati_0004
Qian_Qichen/Qian_Qichen_0001 Ashraf_Ghani_0001 Qian_Qichen_0001
Qian_Qichen/Qian_Qichen_0001 Gong_Ruina_0001 Qian_Qichen_0001
Qian_Qichen/Qian_Qichen_0001 Karol_Kucera_0001 Qian_Qichen_0001
Queen_Latifah/Queen_Latifah_0003 Queen_Latifah_0001 Queen_Latifah_0001
Queen_Latifah/Queen_Latifah_0004 Queen_Latifah_0002 Queen_Latifah_0002
Queen_Latifah/Queen_Latifah_0004 Queen_Latifah_0003 Queen_Latifah_0003
Queen_Noor/Queen_Noor_0001 Gene_Hackman_0001 Queen_Noor_0001
Queen_Sofia/Queen_Sofia_0001 Evgeni_Plushenko_0001 Queen_Sofia_0001
Quin_Snyder/Quin_Snyder_0001 Julian_Fantino_0001 Quin_Snyder_0001
Quin_Snyder/Quin_Snyder_0001 Michel_Duclos_0001 Quin_Snyder_0001
Rachel_Griffiths/Rachel_Griffiths_0003 Rachel_Griffiths_0002 Rachel_Griffiths_0002
Rachel_Leigh_Cook/Rachel_Leigh_Cook_0001 Jim_Parque_0001 Rachel_Leigh_Cook_0001
Ralph_Firman/Ralph_Firman_0001 Leander_Paes_0001 Ralph_Firman_0001
Ralph_Firman/Ralph_Firman_0002 Ralph_Firman_0001 Ralph_Firman_0001
Ralph_Klein/Ralph_Klein_0002 Ralph_Klein_0001 Ralph_Klein_0001
Randy_Johnson/Randy_Johnson_0001 Carlos_Vives_0002 Randy_Johnson_0001
Randy_Johnson/Randy_Johnson_0001 Matt_Welsh_0001 Randy_Johnson_0001
Ranil_Wickremasinghe/Ranil_Wickremasinghe_0002 Michael_Kirby_0001 Ranil_Wickremasinghe_0002
Ranil_Wickremasinghe/Ranil_Wickremasinghe_0003 Ranil_Wickremasinghe_0002 Ranil_Wickremasinghe_0002
Ray_Evernham/Ray_Evernham_0001 Kevin_Spacey_0002 Ray_Evernham_0001
Raza_Rabbani/Raza_Rabbani_0001 Ana_Sebastiao_0001 Raza_Rabbani_0001
Raza_Rabbani/Raza_Rabbani_0001 James_Ballenger_0001 Raza_Rabbani_0001
Rick_Bland/Rick_Bland_0001 Chris_Cooper_0002 Rick_Bland_0001
Rick_Pitino/Rick_Pitino_0001 Joseph_Lopez_0001 Rick_Pitino_0001
Rick_Pitino/Rick_Pitino_0003 Rick_Pitino_0001 Rick_Pitino_0001
Rick_Pitino/Rick_Pitino_0004 Rick_Pitino_0002 Rick_Pitino_0002
Rick_Pitino/Rick_Pitino_0004 Rick_Pitino_0003 Rick_Pitino_0003
Ricky_Martin/Ricky_Martin_0002 Ricky_Martin_0001 Ricky_Martin_0001
Riek_Blanjaar/Riek_Blanjaar_0001 Evgeni_Plushenko_0001 Riek_Blanjaar_0001
Rita_Moreno/Rita_Moreno_0001 Allan_Wagner_0001 Rita_Moreno_0001
Rita_Moreno/Rita_Moreno_0002 Rita_Moreno_0001 Rita_Moreno_0001
Rita_Moreno/Rita_Moreno_0002 Luis_Berrondo_0001 Rita_Moreno_0002
Rita_Moreno/Rita_Moreno_0002 Mikhail_Khodorkovsky_0001 Rita_Moreno_0002
Robert_De_Niro/Robert_De_Niro_0001 Oleksandr_Moroz_0001 Robert_De_Niro_0001
Robert_De_Niro/Robert_De_Niro_0004 Robert_De_Niro_0001 Robert_De_Niro_0001
Robert_De_Niro/Robert_De_Niro_0006 Robert_De_Niro_0003 Robert_De_Niro_0003
Robert_De_Niro/Robert_De_Niro_0005 Jimmy_Gobble_0001 Robert_De_Niro_0005
Robert_F_Kennedy_Jr/Robert_F_Kennedy_Jr_0001 James_Coviello_0001 Robert_F_Kennedy_Jr_0001
Robert_Hanssen/Robert_Hanssen_0001 Demetrin_Veal_0001 Robert_Hanssen_0001
Robert_Hanssen/Robert_Hanssen_0001 Michael_Sheehan_0001 Robert_Hanssen_0001
Robert_Kocharian/Robert_Kocharian_0005 Robert_Kocharian_0004 Robert_Kocharian_0004
Robert_Kocharian/Robert_Kocharian_0005 Eduardo_Romero_0001 Robert_Kocharian_0005
Robert_Lee_Yates_Jr/Robert_Lee_Yates_Jr_0001 Cedric_Benson_0001 Robert_Lee_Yates_Jr_0001
Robert_Lee_Yates_Jr/Robert_Lee_Yates_Jr_0001 Christine_Gregoire_0004 Robert_Lee_Yates_Jr_0001
Robert_Lee_Yates_Jr/Robert_Lee_Yates_Jr_0001 George_Harrison_0001 Robert_Lee_Yates_Jr_0001
Roberto_Marinho/Roberto_Marinho_0003 Roberto_Marinho_0002 Roberto_Marinho_0002
Rob_Moore/Rob_Moore_0001 Frank_Shea_0001 Rob_Moore_0001
Rob_Moore/Rob_Moore_0001 Koji_Uehara_0001 Rob_Moore_0001
Roger_Etchegaray/Roger_Etchegaray_0001 Jean_Todt_0001 Roger_Etchegaray_0001
Roger_Etchegaray/Roger_Etchegaray_0001 Ricky_Martin_0002 Roger_Etchegaray_0001
Roger_Moore/Roger_Moore_0005 Roger_Moore_0003 Roger_Moore_0003
Roger_Moore/Roger_Moore_0004 Mohamed_Hammam_0001 Roger_Moore_0004
Roger_Winter/Roger_Winter_0001 Manijeh_Hekmat_0001 Roger_Winter_0001
Ron_Dittemore/Ron_Dittemore_0001 Robert_F_Kennedy_Jr_0001 Ron_Dittemore_0001
Ron_Dittemore/Ron_Dittemore_0002 Ron_Dittemore_0001 Ron_Dittemore_0001
Ron_Dittemore/Ron_Dittemore_0003 Ron_Dittemore_0001 Ron_Dittemore_0001
Ron_Dittemore/Ron_Dittemore_0006 Ron_Dittemore_0004 Ron_Dittemore_0004
Roy_Halladay/Roy_Halladay_0001 Edward_Greenspan_0001 Roy_Halladay_0001
Roy_Halladay/Roy_Halladay_0001 Gary_Sinise_0001 Roy_Halladay_0001
Roy_Halladay/Roy_Halladay_0001 George_Allen_0001 Roy_Halladay_0001
Roy_Halladay/Roy_Halladay_0001 Kevin_James_0001 Roy_Halladay_0001
Rudolph_Giuliani/Rudolph_Giuliani_0020 Rudolph_Giuliani_0001 Rudolph_Giuliani_0001
Rudolph_Giuliani/Rudolph_Giuliani_0005 Rudolph_Giuliani_0002 Rudolph_Giuliani_0002
Rudolph_Giuliani/Rudolph_Giuliani_0020 Rudolph_Giuliani_0003 Rudolph_Giuliani_0003
Rudolph_Giuliani/Rudolph_Giuliani_0017 Rudolph_Giuliani_0004 Rudolph_Giuliani_0004
Rudolph_Giuliani/Rudolph_Giuliani_0020 Rudolph_Giuliani_0015 Rudolph_Giuliani_0015
Russell_Simmons/Russell_Simmons_0002 Russell_Simmons_0001 Russell_Simmons_0001
Russell_Simmons/Russell_Simmons_0004 Russell_Simmons_0001 Russell_Simmons_0001
Russell_Simmons/Russell_Simmons_0004 Russell_Simmons_0002 Russell_Simmons_0002
Russell_Simmons/Russell_Simmons_0003 Brian_Cashman_0001 Russell_Simmons_0003
Ryan_Goodman/Ryan_Goodman_0001 Cate_Blanchett_0003 Ryan_Goodman_0001
Ryan_Goodman/Ryan_Goodman_0001 Nikki_Teasley_0001 Ryan_Goodman_0001
Sabah_Al-Ahmad_Al-Jaber_Al-Sabah/Sabah_Al-Ahmad_Al-Jaber_Al-Sabah_0001 Eddy_Hartenstein_0001 Sabah_Al-Ahmad_Al-Jaber_Al-Sabah_0001
Sabah_Al-Ahmad_Al-Jaber_Al-Sabah/Sabah_Al-Ahmad_Al-Jaber_Al-Sabah_0001 Leo_Ramirez_0001 Sabah_Al-Ahmad_Al-Jaber_Al-Sabah_0001
San_Lan/San_Lan_0001 Mireya_Moscoso_0004 San_Lan_0001
Sean_Astin/Sean_Astin_0003 Sean_Astin_0001 Sean_Astin_0001
Sean_Astin/Sean_Astin_0003 Sean_Astin_0002 Sean_Astin_0002
Sean_Astin/Sean_Astin_0003 John_Cruz_0001 Sean_Astin_0003
Shaukat_Aziz/Shaukat_Aziz_0002 Shaukat_Aziz_0001 Shaukat_Aziz_0001
Shaukat_Aziz/Shaukat_Aziz_0002 Cassandra_Heise_0001 Shaukat_Aziz_0002
Shaun_Pollock/Shaun_Pollock_0001 James_Williams_0001 Shaun_Pollock_0001
Shoshana_Johnson/Shoshana_Johnson_0001 Mel_Brooks_0002 Shoshana_Johnson_0001
Sidney_Poitier/Sidney_Poitier_0001 Edward_Greenspan_0001 Sidney_Poitier_0001
Silvie_Cabero/Silvie_Cabero_0001 Nabil_Shaath_0003 Silvie_Cabero_0001
Silvio_Fernandez/Silvio_Fernandez_0001 Phillip_Seymor_Hoffmann_0001 Silvio_Fernandez_0001
Silvio_Fernandez/Silvio_Fernandez_0002 Silvio_Fernandez_0001 Silvio_Fernandez_0001
Silvio_Fernandez/Silvio_Fernandez_0002 James_Morris_0002 Silvio_Fernandez_0002
Silvio_Fernandez/Silvio_Fernandez_0002 Krishna_Bhadur_Mahara_0001 Silvio_Fernandez_0002
Sonia_Lopez/Sonia_Lopez_0001 Jennifer_Pena_0001 Sonia_Lopez_0001
Sophia_Loren/Sophia_Loren_0001 Jane_Menelaus_0001 Sophia_Loren_0001
Sophia_Loren/Sophia_Loren_0002 Sophia_Loren_0001 Sophia_Loren_0001
Sophia_Loren/Sophia_Loren_0003 Sophia_Loren_0001 Sophia_Loren_0001
Sophia_Loren/Sophia_Loren_0007 Sophia_Loren_0001 Sophia_Loren_0001
Sophia_Loren/Sophia_Loren_0002 Hiroki_Gomi_0001 Sophia_Loren_0002
Sophia_Loren/Sophia_Loren_0007 Sophia_Loren_0006 Sophia_Loren_0006
Stacy_Nelson/Stacy_Nelson_0001 Cedric_Benson_0001 Stacy_Nelson_0001
Stacy_Nelson/Stacy_Nelson_0001 Ranil_Wickremasinghe_0003 Stacy_Nelson_0001
Steffeny_Holtz/Steffeny_Holtz_0001 Lokendra_Bahadur_Chand_0001 Steffeny_Holtz_0001
Steffeny_Holtz/Steffeny_Holtz_0001 Reina_Hayes_0001 Steffeny_Holtz_0001
Stellan_Skarsgard/Stellan_Skarsgard_0002 Stellan_Skarsgard_0001 Stellan_Skarsgard_0001
Steny_Hoyer/Steny_Hoyer_0001 Asif_Ali_Zardari_0001 Steny_Hoyer_0001
Stepan_Demirchian/Stepan_Demirchian_0001 Alvaro_Silva_Calderon_0002 Stepan_Demirchian_0001
Stephen_Crampton/Stephen_Crampton_0001 Eduardo_Chillida_0001 Stephen_Crampton_0001
Steve_Allan/Steve_Allan_0001 Candie_Kung_0001 Steve_Allan_0001
Steve_Allan/Steve_Allan_0001 Irina_Lobacheva_0001 Steve_Allan_0001
Steven_Briggs/Steven_Briggs_0001 John_Cruz_0001 Steven_Briggs_0001
Steven_Briggs/Steven_Briggs_0001 Luis_Fonsi_0001 Steven_Briggs_0001
Steven_Curtis_Chapman/Steven_Curtis_Chapman_0001 Oscar_DLeon_0001 Steven_Curtis_Chapman_0001
Suh_Young-hoon/Suh_Young-hoon_0001 Michel_Duclos_0001 Suh_Young-hoon_0001
Suzanne_Haik_Terrell/Suzanne_Haik_Terrell_0001 Kevin_James_0001 Suzanne_Haik_Terrell_0001
Svend_Aage_Jensby/Svend_Aage_Jensby_0001 Sidney_Poitier_0001 Svend_Aage_Jensby_0001
Takuma_Sato/Takuma_Sato_0001 Chris_Tucker_0002 Takuma_Sato_0001
Tamara_Brooks/Tamara_Brooks_0002 Tamara_Brooks_0001 Tamara_Brooks_0001
Tamara_Brooks/Tamara_Brooks_0002 Mathilda_Karel_Spak_0001 Tamara_Brooks_0002
Tara_VanDerveer/Tara_VanDerveer_0001 Marcelo_Salas_0002 Tara_VanDerveer_0001
Tatiana_Shchegoleva/Tatiana_Shchegoleva_0001 Kristen_Breitweiser_0001 Tatiana_Shchegoleva_0001
Tatiana_Shchegoleva/Tatiana_Shchegoleva_0001 Leonardo_Del_Vecchio_0001 Tatiana_Shchegoleva_0001
T_Boone_Pickens/T_Boone_Pickens_0001 Manijeh_Hekmat_0001 T_Boone_Pickens_0001
Terry_Gilliam/Terry_Gilliam_0001 Antonio_Trillanes_0003 Terry_Gilliam_0001
Terry_Gilliam/Terry_Gilliam_0001 Jennifer_Rodriguez_0001 Terry_Gilliam_0001
Terry_Gilliam/Terry_Gilliam_0001 Larry_Johnson_0001 Terry_Gilliam_0001
Thomas_Fargo/Thomas_Fargo_0002 Thomas_Fargo_0001 Thomas_Fargo_0001
Thomas_Fargo/Thomas_Fargo_0003 Thomas_Fargo_0001 Thomas_Fargo_0001
Thomas_Fargo/Thomas_Fargo_0003 Thomas_Fargo_0002 Thomas_Fargo_0002
Thomas_Fargo/Thomas_Fargo_0004 Thomas_Fargo_0002 Thomas_Fargo_0002
Thomas_Fargo/Thomas_Fargo_0004 Thomas_Fargo_0003 Thomas_Fargo_0003
Thomas_Fargo/Thomas_Fargo_0004 Antonio_Elias_Saca_0001 Thomas_Fargo_0004
Thomas_Wilkens/Thomas_Wilkens_0001 Princess_Masako_0002 Thomas_Wilkens_0001
Tim_Allen/Tim_Allen_0003 Tim_Allen_0002 Tim_Allen_0002
Tim_Allen/Tim_Allen_0004 Tim_Allen_0003 Tim_Allen_0003
Tim_Curley/Tim_Curley_0001 James_Schultz_0001 Tim_Curley_0001
Tom_Brennan/Tom_Brennan_0001 Julio_Cesar_Chavez_0001 Tom_Brennan_0001
Tom_Hanusik/Tom_Hanusik_0001 Colleen_OClair_0001 Tom_Hanusik_0001
Tom_Hanusik/Tom_Hanusik_0001 Larry_Johnson_0002 Tom_Hanusik_0001
Tom_Scully/Tom_Scully_0001 Chris_Whitney_0001 Tom_Scully_0001
Tonga/Tonga_0001 Chris_Hernandez_0001 Tonga_0001
Tony_Clement/Tony_Clement_0001 Ashley_Postell_0001 Tony_Clement_0001
Tony_Clement/Tony_Clement_0001 Rick_Pitino_0003 Tony_Clement_0001
Tony_Fernandes/Tony_Fernandes_0001 Jennifer_Rodriguez_0002 Tony_Fernandes_0001
Tony_Fernandes/Tony_Fernandes_0001 Joseph_Deiss_0001 Tony_Fernandes_0001
Tony_Fernandes/Tony_Fernandes_0001 Junichiro_Koizumi_0020 Tony_Fernandes_0001
Tony_Fernandes/Tony_Fernandes_0001 Laila_Ali_0003 Tony_Fernandes_0001
Tony_LaRussa/Tony_LaRussa_0001 Jennifer_Pena_0001 Tony_LaRussa_0001
Tony_LaRussa/Tony_LaRussa_0001 Katrin_Cartlidge_0001 Tony_LaRussa_0001
Tony_Shalhoub/Tony_Shalhoub_0001 Alexa_Vega_0001 Tony_Shalhoub_0001
Tony_Shalhoub/Tony_Shalhoub_0002 Tony_Shalhoub_0001 Tony_Shalhoub_0001
Tony_Shalhoub/Tony_Shalhoub_0003 Tony_Shalhoub_0001 Tony_Shalhoub_0001
Toutai_Kefu/Toutai_Kefu_0001 James_W_Kennedy_0001 Toutai_Kefu_0001
Tracy_McGrady/Tracy_McGrady_0002 Tracy_McGrady_0001 Tracy_McGrady_0001
Tracy_Wyle/Tracy_Wyle_0001 Carson_Daly_0001 Tracy_Wyle_0001
Turner_Gill/Turner_Gill_0001 Gro_Harlem_Brundtland_0002 Turner_Gill_0001
Turner_Gill/Turner_Gill_0001 Karol_Kucera_0001 Turner_Gill_0001
Uzi_Even/Uzi_Even_0001 John_Connolly_0001 Uzi_Even_0001
Vagit_Alekperov/Vagit_Alekperov_0001 Quin_Snyder_0001 Vagit_Alekperov_0001
Vicente_Fernandez/Vicente_Fernandez_0003 Vicente_Fernandez_0002 Vicente_Fernandez_0002
Vicente_Fernandez/Vicente_Fernandez_0005 Vicente_Fernandez_0004 Vicente_Fernandez_0004
Vince_Gill/Vince_Gill_0002 Vince_Gill_0001 Vince_Gill_0001
Vladimir_Golovlyov/Vladimir_Golovlyov_0001 Dale_Bosworth_0001 Vladimir_Golovlyov_0001
Wang_Fei/Wang_Fei_0001 Barry_Williams_0001 Wang_Fei_0001
Wang_Fei/Wang_Fei_0001 Penelope_Taylor_0001 Wang_Fei_0001
Wang_Hailan/Wang_Hailan_0001 Christine_Gregoire_0004 Wang_Hailan_0001
Wang_Hailan/Wang_Hailan_0001 Gary_Doer_0003 Wang_Hailan_0001
Wan_Yanhai/Wan_Yanhai_0001 George_Allen_0001 Wan_Yanhai_0001
William_Umbach/William_Umbach_0001 Dan_Quayle_0001 William_Umbach_0001
William_Umbach/William_Umbach_0001 Lubomir_Zaoralek_0001 William_Umbach_0001
Wolfgang_Clement/Wolfgang_Clement_0001 Eminem_0001 Wolfgang_Clement_0001
Wolfgang_Schuessel/Wolfgang_Schuessel_0001 Chris_Hernandez_0001 Wolfgang_Schuessel_0001
Wolfgang_Schuessel/Wolfgang_Schuessel_0004 Wolfgang_Schuessel_0001 Wolfgang_Schuessel_0001
Wolfgang_Schuessel/Wolfgang_Schuessel_0004 Wolfgang_Schuessel_0003 Wolfgang_Schuessel_0003
Wolfgang_Schwarz/Wolfgang_Schwarz_0001 Paul_Byrd_0001 Wolfgang_Schwarz_0001
Wu_Yi/Wu_Yi_0002 Wu_Yi_0001 Wu_Yi_0001
Wu_Yi/Wu_Yi_0003 Wu_Yi_0001 Wu_Yi_0001
Wu_Yi/Wu_Yi_0003 Wu_Yi_0002 Wu_Yi_0002
Yang_Jianli/Yang_Jianli_0001 Bill_Self_0001 Yang_Jianli_0001
Yang_Jianli/Yang_Jianli_0001 Kevin_James_0001 Yang_Jianli_0001
Yang_Jianli/Yang_Jianli_0001 Marco_Irizarry_0001 Yang_Jianli_0001
Yao_Ming/Yao_Ming_0004 Yao_Ming_0002 Yao_Ming_0002
Yao_Ming/Yao_Ming_0006 Yao_Ming_0005 Yao_Ming_0005
Yao_Ming/Yao_Ming_0008 Yao_Ming_0005 Yao_Ming_0005
Yao_Ming/Yao_Ming_0007 Yao_Ming_0006 Yao_Ming_0006
Yoon_Young-kwan/Yoon_Young-kwan_0001 Andrea_De_Cruz_0001 Yoon_Young-kwan_0001
Yoriko_Kawaguchi/Yoriko_Kawaguchi_0005 Yoriko_Kawaguchi_0003 Yoriko_Kawaguchi_0003
Yu_Shyi-kun/Yu_Shyi-kun_0003 Yu_Shyi-kun_0001 Yu_Shyi-kun_0001
Yu_Shyi-kun/Yu_Shyi-kun_0004 Yu_Shyi-kun_0001 Yu_Shyi-kun_0001
Yu_Shyi-kun/Yu_Shyi-kun_0003 Yu_Shyi-kun_0002 Yu_Shyi-kun_0002
Yuvraj_Singh/Yuvraj_Singh_0001 Paul_Wollnough_0001 Yuvraj_Singh_0001
Zeljko_Rebraca/Zeljko_Rebraca_0001 Alexander_Downer_0002 Zeljko_Rebraca_0001
Zhang_Wenkang/Zhang_Wenkang_0002 Zhang_Wenkang_0001 Zhang_Wenkang_0001
Zhang_Wenkang/Zhang_Wenkang_0002 Lars_Von_Trier_0001 Zhang_Wenkang_0002
Zinedine_Zidane/Zinedine_Zidane_0006 Zinedine_Zidane_0004 Zinedine_Zidane_0004
Zulfiqar_Ahmed/Zulfiqar_Ahmed_0001 Gabriel_Jorge_Ferreia_0001 Zulfiqar_Ahmed_0001
Zydrunas_Ilgauskas/Zydrunas_Ilgauskas_0001 Joan_Collins_0001 Zydrunas_Ilgauskas_0001
