Aaron_Guiel/Aaron_Guiel_0001 Aaron_Guiel_0001 Aaron_Guiel_0001
Aaron_Tippin/Aaron_Tippin_0001 Aaron_Tippin_0001 Aaron_Tippin_0001
Abdullah_Gul/Abdullah_Gul_0013 Abdullah_Gul_0013 Abdullah_Gul_0013
Abdullah_Gul/Abdullah_Gul_0016 Abdullah_Gul_0016 Abdullah_Gul_0016
Abdullatif_Sener/Abdullatif_Sener_0001 Abdullatif_Sener_0001 Abdullatif_Sener_0001
Abdul_Majeed_Shobokshi/Abdul_Majeed_Shobokshi_0001 Abdul_Majeed_Shobokshi_0001 Abdul_Majeed_Shobokshi_0001
Abid_Hamid_Mahmud_Al-Tikriti/Abid_Hamid_Mahmud_Al-Tikriti_0001 Abid_Hamid_Mahmud_Al-Tikriti_0001 Abid_Hamid_Mahmud_Al-Tikriti_0001
Adam_Kennedy/Adam_Kennedy_0001 Adam_Kennedy_0001 Adam_Kennedy_0001
Adel_Al-Jubeir/Adel_Al-Jubeir_0001 Adel_Al-Jubeir_0001 Adel_Al-Jubeir_0001
Adriana_Lima/Adriana_Lima_0001 Adriana_Lima_0001 Adriana_Lima_0001
Adriana_Perez_Navarro/Adriana_Perez_Navarro_0001 Adriana_Perez_Navarro_0001 Adriana_Perez_Navarro_0001
Adrian_Murrell/Adrian_Murrell_0001 Adrian_Murrell_0001 Adrian_Murrell_0001
Agbani_Darego/Agbani_Darego_0001 Agbani_Darego_0001 Agbani_Darego_0001
Ahmed_Ghazi/Ahmed_Ghazi_0001 Ahmed_Ghazi_0001 Ahmed_Ghazi_0001
Aileen_Riggin_Soule/Aileen_Riggin_Soule_0001 Aileen_Riggin_Soule_0001 Aileen_Riggin_Soule_0001
Ain_Seppik/Ain_Seppik_0001 Ain_Seppik_0001 Ain_Seppik_0001
Aitor_Gonzalez/Aitor_Gonzalez_0001 Aitor_Gonzalez_0001 Aitor_Gonzalez_0001
AJ_Lamas/AJ_Lamas_0001 AJ_Lamas_0001 AJ_Lamas_0001
Alan_Greenspan/Alan_Greenspan_0001 Alan_Greenspan_0001 Alan_Greenspan_0001
Albert_Costa/Albert_Costa_0002 Albert_Costa_0002 Albert_Costa_0002
Albert_Costa/Albert_Costa_0004 Albert_Costa_0004 Albert_Costa_0004
Albert_Costa/Albert_Costa_0005 Albert_Costa_0005 Albert_Costa_0005
Al_Cardenas/Al_Cardenas_0001 Al_Cardenas_0001 Al_Cardenas_0001
Al_Davis/Al_Davis_0002 Al_Davis_0002 Al_Davis_0002
Alejandro_Atchugarry/Alejandro_Atchugarry_0001 Alejandro_Atchugarry_0001 Alejandro_Atchugarry_0001
Aleksander_Voloshin/Aleksander_Voloshin_0001 Aleksander_Voloshin_0001 Aleksander_Voloshin_0001
Alexandra_Rozovskaya/Alexandra_Rozovskaya_0001 Alexandra_Rozovskaya_0001 Alexandra_Rozovskaya_0001
Alex_Cabrera/Alex_Cabrera_0001 Alex_Cabrera_0001 Alex_Cabrera_0001
Alex_Corretja/Alex_Corretja_0001 Alex_Corretja_0001 Alex_Corretja_0001
Alex_Penelas/Alex_Penelas_0001 Alex_Penelas_0001 Alex_Penelas_0001
Alicia_Keys/Alicia_Keys_0001 Alicia_Keys_0001 Alicia_Keys_0001
Alicia_Molik/Alicia_Molik_0001 Alicia_Molik_0001 Alicia_Molik_0001
Ali_Fallahian/Ali_Fallahian_0001 Ali_Fallahian_0001 Ali_Fallahian_0001
Ali_Naimi/Ali_Naimi_0001 Ali_Naimi_0001 Ali_Naimi_0001
Ali_Naimi/Ali_Naimi_0003 Ali_Naimi_0003 Ali_Naimi_0003
Ali_Naimi/Ali_Naimi_0008 Ali_Naimi_0008 Ali_Naimi_0008
Aline_Chretien/Aline_Chretien_0001 Aline_Chretien_0001 Aline_Chretien_0001
Alisha_Richman/Alisha_Richman_0001 Alisha_Richman_0001 Alisha_Richman_0001
Allison_Janney/Allison_Janney_0001 Allison_Janney_0001 Allison_Janney_0001
Allison_Searing/Allison_Searing_0001 Allison_Searing_0001 Allison_Searing_0001
Allyson_Felix/Allyson_Felix_0002 Allyson_Felix_0002 Allyson_Felix_0002
Al_Pacino/Al_Pacino_0001 Al_Pacino_0001 Al_Pacino_0001
Alvaro_Uribe/Alvaro_Uribe_0007 Alvaro_Uribe_0007 Alvaro_Uribe_0007
Alvaro_Uribe/Alvaro_Uribe_0017 Alvaro_Uribe_0017 Alvaro_Uribe_0017
Alvaro_Uribe/Alvaro_Uribe_0028 Alvaro_Uribe_0028 Alvaro_Uribe_0028
Amanda_Bynes/Amanda_Bynes_0001 Amanda_Bynes_0001 Amanda_Bynes_0001
Amanda_Bynes/Amanda_Bynes_0003 Amanda_Bynes_0003 Amanda_Bynes_0003
Amanda_Marsh/Amanda_Marsh_0001 Amanda_Marsh_0001 Amanda_Marsh_0001
Amelie_Mauresmo/Amelie_Mauresmo_0001 Amelie_Mauresmo_0001 Amelie_Mauresmo_0001
Amelie_Mauresmo/Amelie_Mauresmo_0004 Amelie_Mauresmo_0004 Amelie_Mauresmo_0004
Amelie_Mauresmo/Amelie_Mauresmo_0006 Amelie_Mauresmo_0006 Amelie_Mauresmo_0006
Amelie_Mauresmo/Amelie_Mauresmo_0016 Amelie_Mauresmo_0016 Amelie_Mauresmo_0016
Amporn_Falise/Amporn_Falise_0001 Amporn_Falise_0001 Amporn_Falise_0001
Amy_Gale/Amy_Gale_0001 Amy_Gale_0001 Amy_Gale_0001
Ana_Palacio/Ana_Palacio_0001 Ana_Palacio_0001 Ana_Palacio_0001
Ana_Palacio/Ana_Palacio_0005 Ana_Palacio_0005 Ana_Palacio_0005
Ana_Palacio/Ana_Palacio_0006 Ana_Palacio_0006 Ana_Palacio_0006
Andrei_Mikhnevich/Andrei_Mikhnevich_0001 Andrei_Mikhnevich_0001 Andrei_Mikhnevich_0001
Andrew_Caldecott/Andrew_Caldecott_0001 Andrew_Caldecott_0001 Andrew_Caldecott_0001
Andrew_Shutley/Andrew_Shutley_0001 Andrew_Shutley_0001 Andrew_Shutley_0001
Andrew_Wetzler/Andrew_Wetzler_0001 Andrew_Wetzler_0001 Andrew_Wetzler_0001
Andy_Hebb/Andy_Hebb_0001 Andy_Hebb_0001 Andy_Hebb_0001
Angela_Mascia-Frye/Angela_Mascia-Frye_0001 Angela_Mascia-Frye_0001 Angela_Mascia-Frye_0001
Angelo_Reyes/Angelo_Reyes_0001 Angelo_Reyes_0001 Angelo_Reyes_0001
Angelo_Reyes/Angelo_Reyes_0002 Angelo_Reyes_0002 Angelo_Reyes_0002
Anna_Chicherova/Anna_Chicherova_0001 Anna_Chicherova_0001 Anna_Chicherova_0001
Anna_Nicole_Smith/Anna_Nicole_Smith_0001 Anna_Nicole_Smith_0001 Anna_Nicole_Smith_0001
Anne_Krueger/Anne_Krueger_0001 Anne_Krueger_0001 Anne_Krueger_0001
Anne_Krueger/Anne_Krueger_0002 Anne_Krueger_0002 Anne_Krueger_0002
Anne_Krueger/Anne_Krueger_0003 Anne_Krueger_0003 Anne_Krueger_0003
Anne_McLellan/Anne_McLellan_0002 Anne_McLellan_0002 Anne_McLellan_0002
Annette_Lu/Annette_Lu_0001 Annette_Lu_0001 Annette_Lu_0001
Annette_Lu/Annette_Lu_0002 Annette_Lu_0002 Annette_Lu_0002
Ann_Godbehere/Ann_Godbehere_0001 Ann_Godbehere_0001 Ann_Godbehere_0001
Annie_Chaplin/Annie_Chaplin_0001 Annie_Chaplin_0001 Annie_Chaplin_0001
Ann_Veneman/Ann_Veneman_0001 Ann_Veneman_0001 Ann_Veneman_0001
Ann_Veneman/Ann_Veneman_0005 Ann_Veneman_0005 Ann_Veneman_0005
Ann_Veneman/Ann_Veneman_0008 Ann_Veneman_0008 Ann_Veneman_0008
Antonio_Palocci/Antonio_Palocci_0003 Antonio_Palocci_0003 Antonio_Palocci_0003
Antonio_Palocci/Antonio_Palocci_0004 Antonio_Palocci_0004 Antonio_Palocci_0004
Antonio_Trillanes/Antonio_Trillanes_0001 Antonio_Trillanes_0001 Antonio_Trillanes_0001
Antonio_Trillanes/Antonio_Trillanes_0002 Antonio_Trillanes_0002 Antonio_Trillanes_0002
Aretha_Franklin/Aretha_Franklin_0001 Aretha_Franklin_0001 Aretha_Franklin_0001
Arlen_Specter/Arlen_Specter_0001 Arlen_Specter_0001 Arlen_Specter_0001
Armando_Avila_Panchame/Armando_Avila_Panchame_0001 Armando_Avila_Panchame_0001 Armando_Avila_Panchame_0001
Arthur_Johnson/Arthur_Johnson_0001 Arthur_Johnson_0001 Arthur_Johnson_0001
Ascencion_Barajas/Ascencion_Barajas_0001 Ascencion_Barajas_0001 Ascencion_Barajas_0001
Ashlea_Talbot/Ashlea_Talbot_0001 Ashlea_Talbot_0001 Ashlea_Talbot_0001
Ashley_Judd/Ashley_Judd_0001 Ashley_Judd_0001 Ashley_Judd_0001
Asif_Ali_Zardari/Asif_Ali_Zardari_0001 Asif_Ali_Zardari_0001 Asif_Ali_Zardari_0001
Assad_Ahmadi/Assad_Ahmadi_0001 Assad_Ahmadi_0001 Assad_Ahmadi_0001
Astou_Ndiaye-Diatta/Astou_Ndiaye-Diatta_0001 Astou_Ndiaye-Diatta_0001 Astou_Ndiaye-Diatta_0001
Augustin_Calleri/Augustin_Calleri_0001 Augustin_Calleri_0001 Augustin_Calleri_0001
Augustin_Calleri/Augustin_Calleri_0004 Augustin_Calleri_0004 Augustin_Calleri_0004
Babe_Ruth/Babe_Ruth_0001 Babe_Ruth_0001 Babe_Ruth_0001
Barbara_Bach/Barbara_Bach_0001 Barbara_Bach_0001 Barbara_Bach_0001
Barbara_Becker/Barbara_Becker_0001 Barbara_Becker_0001 Barbara_Becker_0001
Barbara_Brezigar/Barbara_Brezigar_0001 Barbara_Brezigar_0001 Barbara_Brezigar_0001
Barbara_Roberts/Barbara_Roberts_0001 Barbara_Roberts_0001 Barbara_Roberts_0001
Barry_Williams/Barry_Williams_0001 Barry_Williams_0001 Barry_Williams_0001
Barzan_al-Tikriti/Barzan_al-Tikriti_0001 Barzan_al-Tikriti_0001 Barzan_al-Tikriti_0001
Beecher_Ray_Kirby/Beecher_Ray_Kirby_0001 Beecher_Ray_Kirby_0001 Beecher_Ray_Kirby_0001
Begum_Khaleda_Zia/Begum_Khaleda_Zia_0001 Begum_Khaleda_Zia_0001 Begum_Khaleda_Zia_0001
Ben_Affleck/Ben_Affleck_0001 Ben_Affleck_0001 Ben_Affleck_0001
Ben_Affleck/Ben_Affleck_0002 Ben_Affleck_0002 Ben_Affleck_0002
Ben_Affleck/Ben_Affleck_0003 Ben_Affleck_0003 Ben_Affleck_0003
Ben_Cohen/Ben_Cohen_0001 Ben_Cohen_0001 Ben_Cohen_0001
Benjamin_McKenzie/Benjamin_McKenzie_0001 Benjamin_McKenzie_0001 Benjamin_McKenzie_0001
Bertie_Ahern/Bertie_Ahern_0002 Bertie_Ahern_0002 Bertie_Ahern_0002
Betsy_Coffin/Betsy_Coffin_0001 Betsy_Coffin_0001 Betsy_Coffin_0001
Bill_Carmody/Bill_Carmody_0001 Bill_Carmody_0001 Bill_Carmody_0001
Bill_Curry/Bill_Curry_0001 Bill_Curry_0001 Bill_Curry_0001
Bill_Frist/Bill_Frist_0001 Bill_Frist_0001 Bill_Frist_0001
Bill_Frist/Bill_Frist_0002 Bill_Frist_0002 Bill_Frist_0002
Bill_Frist/Bill_Frist_0003 Bill_Frist_0003 Bill_Frist_0003
Bill_Frist/Bill_Frist_0004 Bill_Frist_0004 Bill_Frist_0004
Bill_Kollar/Bill_Kollar_0001 Bill_Kollar_0001 Bill_Kollar_0001
Bill_McBride/Bill_McBride_0002 Bill_McBride_0002 Bill_McBride_0002
Bill_McBride/Bill_McBride_0003 Bill_McBride_0003 Bill_McBride_0003
Bill_McBride/Bill_McBride_0008 Bill_McBride_0008 Bill_McBride_0008
Bill_Sizemore/Bill_Sizemore_0001 Bill_Sizemore_0001 Bill_Sizemore_0001
Billy_Boyd/Billy_Boyd_0001 Billy_Boyd_0001 Billy_Boyd_0001
Bing_Crosby/Bing_Crosby_0001 Bing_Crosby_0001 Bing_Crosby_0001
Bob_Iger/Bob_Iger_0001 Bob_Iger_0001 Bob_Iger_0001
Bob_Newhart/Bob_Newhart_0001 Bob_Newhart_0001 Bob_Newhart_0001
Bob_Riley/Bob_Riley_0001 Bob_Riley_0001 Bob_Riley_0001
Bono/Bono_0001 Bono_0001 Bono_0001
Bono/Bono_0002 Bono_0002 Bono_0002
Brad_Miller/Brad_Miller_0001 Brad_Miller_0001 Brad_Miller_0001
Brandon_Larson/Brandon_Larson_0001 Brandon_Larson_0001 Brandon_Larson_0001
Brandon_Lloyd/Brandon_Lloyd_0001 Brandon_Lloyd_0001 Brandon_Lloyd_0001
Brandon_Robinson/Brandon_Robinson_0001 Brandon_Robinson_0001 Brandon_Robinson_0001
Brandon_Webb/Brandon_Webb_0001 Brandon_Webb_0001 Brandon_Webb_0001
Brian_Cowen/Brian_Cowen_0001 Brian_Cowen_0001 Brian_Cowen_0001
Brian_Cowen/Brian_Cowen_0002 Brian_Cowen_0002 Brian_Cowen_0002
Brian_Griese/Brian_Griese_0001 Brian_Griese_0001 Brian_Griese_0001
Bridget_Fonda/Bridget_Fonda_0001 Bridget_Fonda_0001 Bridget_Fonda_0001
Bridgette_Wilson-Sampras/Bridgette_Wilson-Sampras_0001 Bridgette_Wilson-Sampras_0001 Bridgette_Wilson-Sampras_0001
Brock_Berlin/Brock_Berlin_0001 Brock_Berlin_0001 Brock_Berlin_0001
Brooke_Adams/Brooke_Adams_0001 Brooke_Adams_0001 Brooke_Adams_0001
Bruce_Willis/Bruce_Willis_0001 Bruce_Willis_0001 Bruce_Willis_0001
Buddy_Ryan/Buddy_Ryan_0001 Buddy_Ryan_0001 Buddy_Ryan_0001
Butch_Davis/Butch_Davis_0001 Butch_Davis_0001 Butch_Davis_0001
Calista_Flockhart/Calista_Flockhart_0002 Calista_Flockhart_0002 Calista_Flockhart_0002
Calvin_Joseph_Coleman/Calvin_Joseph_Coleman_0001 Calvin_Joseph_Coleman_0001 Calvin_Joseph_Coleman_0001
Camilla_Parker_Bowles/Camilla_Parker_Bowles_0002 Camilla_Parker_Bowles_0002 Camilla_Parker_Bowles_0002
Camille_Lewis/Camille_Lewis_0001 Camille_Lewis_0001 Camille_Lewis_0001
Candice_Bergen/Candice_Bergen_0001 Candice_Bergen_0001 Candice_Bergen_0001
Candice_Bergen/Candice_Bergen_0002 Candice_Bergen_0002 Candice_Bergen_0002
Carey_Lowell/Carey_Lowell_0001 Carey_Lowell_0001 Carey_Lowell_0001
Carla_Del_Ponte/Carla_Del_Ponte_0002 Carla_Del_Ponte_0002 Carla_Del_Ponte_0002
Carla_Del_Ponte/Carla_Del_Ponte_0004 Carla_Del_Ponte_0004 Carla_Del_Ponte_0004
Carlo_Ancelotti/Carlo_Ancelotti_0001 Carlo_Ancelotti_0001 Carlo_Ancelotti_0001
Carlos_Beltran/Carlos_Beltran_0001 Carlos_Beltran_0001 Carlos_Beltran_0001
Carlos_Ghosn/Carlos_Ghosn_0001 Carlos_Ghosn_0001 Carlos_Ghosn_0001
Carlos_Iturgaitz/Carlos_Iturgaitz_0001 Carlos_Iturgaitz_0001 Carlos_Iturgaitz_0001
Carlos_Manuel_Pruneda/Carlos_Manuel_Pruneda_0001 Carlos_Manuel_Pruneda_0001 Carlos_Manuel_Pruneda_0001
Carlos_Manuel_Pruneda/Carlos_Manuel_Pruneda_0002 Carlos_Manuel_Pruneda_0002 Carlos_Manuel_Pruneda_0002
Carlos_Moya/Carlos_Moya_0007 Carlos_Moya_0007 Carlos_Moya_0007
Carlos_Ortega/Carlos_Ortega_0001 Carlos_Ortega_0001 Carlos_Ortega_0001
Carly_Gullickson/Carly_Gullickson_0001 Carly_Gullickson_0001 Carly_Gullickson_0001
Caroline_Dhavernas/Caroline_Dhavernas_0001 Caroline_Dhavernas_0001 Caroline_Dhavernas_0001
Carolyn_Dawn_Johnson/Carolyn_Dawn_Johnson_0002 Carolyn_Dawn_Johnson_0002 Carolyn_Dawn_Johnson_0002
Carrie-Anne_Moss/Carrie-Anne_Moss_0002 Carrie-Anne_Moss_0002 Carrie-Anne_Moss_0002
Carrie-Anne_Moss/Carrie-Anne_Moss_0004 Carrie-Anne_Moss_0004 Carrie-Anne_Moss_0004
Carson_Daly/Carson_Daly_0001 Carson_Daly_0001 Carson_Daly_0001
Casey_Crowder/Casey_Crowder_0001 Casey_Crowder_0001 Casey_Crowder_0001
Cathy_Freeman/Cathy_Freeman_0001 Cathy_Freeman_0001 Cathy_Freeman_0001
Cecilia_Chang/Cecilia_Chang_0001 Cecilia_Chang_0001 Cecilia_Chang_0001
Cecilia_Cheung/Cecilia_Cheung_0001 Cecilia_Cheung_0001 Cecilia_Cheung_0001
Cedric_Benson/Cedric_Benson_0001 Cedric_Benson_0001 Cedric_Benson_0001
Cesar_Maia/Cesar_Maia_0002 Cesar_Maia_0002 Cesar_Maia_0002
Chanda_Rubin/Chanda_Rubin_0002 Chanda_Rubin_0002 Chanda_Rubin_0002
Chang_Dae-whan/Chang_Dae-whan_0001 Chang_Dae-whan_0001 Chang_Dae-whan_0001
Chang_Jae_On/Chang_Jae_On_0001 Chang_Jae_On_0001 Chang_Jae_On_0001
Chante_Jawan_Mallard/Chante_Jawan_Mallard_0001 Chante_Jawan_Mallard_0001 Chante_Jawan_Mallard_0001
Charla_Moye/Charla_Moye_0001 Charla_Moye_0001 Charla_Moye_0001
Charles_Cope/Charles_Cope_0001 Charles_Cope_0001 Charles_Cope_0001
Charles_Taylor/Charles_Taylor_0003 Charles_Taylor_0003 Charles_Taylor_0003
Charley_Armey/Charley_Armey_0001 Charley_Armey_0001 Charley_Armey_0001
Charlie_Sheen/Charlie_Sheen_0001 Charlie_Sheen_0001 Charlie_Sheen_0001
Charlie_Zaa/Charlie_Zaa_0002 Charlie_Zaa_0002 Charlie_Zaa_0002
Charmaine_Crooks/Charmaine_Crooks_0001 Charmaine_Crooks_0001 Charmaine_Crooks_0001
Chawki_Armali/Chawki_Armali_0001 Chawki_Armali_0001 Chawki_Armali_0001
Chea_Sophara/Chea_Sophara_0001 Chea_Sophara_0001 Chea_Sophara_0001
Chen_Shui-bian/Chen_Shui-bian_0002 Chen_Shui-bian_0002 Chen_Shui-bian_0002
Chen_Shui-bian/Chen_Shui-bian_0003 Chen_Shui-bian_0003 Chen_Shui-bian_0003
Chita_Rivera/Chita_Rivera_0001 Chita_Rivera_0001 Chita_Rivera_0001
Chita_Rivera/Chita_Rivera_0002 Chita_Rivera_0002 Chita_Rivera_0002
Chok_Tong_Goh/Chok_Tong_Goh_0001 Chok_Tong_Goh_0001 Chok_Tong_Goh_0001
Chris_Andrews/Chris_Andrews_0001 Chris_Andrews_0001 Chris_Andrews_0001
Chris_Bell/Chris_Bell_0001 Chris_Bell_0001 Chris_Bell_0001
Chris_Byrd/Chris_Byrd_0001 Chris_Byrd_0001 Chris_Byrd_0001
Chris_Noth/Chris_Noth_0001 Chris_Noth_0001 Chris_Noth_0001
Christiane_Wulff/Christiane_Wulff_0001 Christiane_Wulff_0001 Christiane_Wulff_0001
Christian_Longo/Christian_Longo_0001 Christian_Longo_0001 Christian_Longo_0001
Christian_Longo/Christian_Longo_0002 Christian_Longo_0002 Christian_Longo_0002
Christian_Wulff/Christian_Wulff_0001 Christian_Wulff_0001 Christian_Wulff_0001
Christine_Ebersole/Christine_Ebersole_0001 Christine_Ebersole_0001 Christine_Ebersole_0001
Christine_Ebersole/Christine_Ebersole_0002 Christine_Ebersole_0002 Christine_Ebersole_0002
Christine_Todd_Whitman/Christine_Todd_Whitman_0002 Christine_Todd_Whitman_0002 Christine_Todd_Whitman_0002
Christine_Todd_Whitman/Christine_Todd_Whitman_0005 Christine_Todd_Whitman_0005 Christine_Todd_Whitman_0005
Christopher_Reeve/Christopher_Reeve_0001 Christopher_Reeve_0001 Christopher_Reeve_0001
Christopher_Russell/Christopher_Russell_0001 Christopher_Russell_0001 Christopher_Russell_0001
Cindy_Taylor/Cindy_Taylor_0001 Cindy_Taylor_0001 Cindy_Taylor_0001
Claire_Danes/Claire_Danes_0001 Claire_Danes_0001 Claire_Danes_0001
Claire_De_Gryse/Claire_De_Gryse_0001 Claire_De_Gryse_0001 Claire_De_Gryse_0001
Claire_Leger/Claire_Leger_0001 Claire_Leger_0001 Claire_Leger_0001
Claire_Leger/Claire_Leger_0002 Claire_Leger_0002 Claire_Leger_0002
Coleen_Rowley/Coleen_Rowley_0001 Coleen_Rowley_0001 Coleen_Rowley_0001
Colin_Campbell/Colin_Campbell_0001 Colin_Campbell_0001 Colin_Campbell_0001
Colleen_OClair/Colleen_OClair_0001 Colleen_OClair_0001 Colleen_OClair_0001
Colleen_Ryan/Colleen_Ryan_0001 Colleen_Ryan_0001 Colleen_Ryan_0001
Conchita_Martinez/Conchita_Martinez_0001 Conchita_Martinez_0001 Conchita_Martinez_0001
Condoleezza_Rice/Condoleezza_Rice_0002 Condoleezza_Rice_0002 Condoleezza_Rice_0002
Condoleezza_Rice/Condoleezza_Rice_0007 Condoleezza_Rice_0007 Condoleezza_Rice_0007
Cora_Cambell/Cora_Cambell_0001 Cora_Cambell_0001 Cora_Cambell_0001
Courtney_Love/Courtney_Love_0001 Courtney_Love_0001 Courtney_Love_0001
Cristina_Fernandez/Cristina_Fernandez_0001 Cristina_Fernandez_0001 Cristina_Fernandez_0001
Cristina_Torrens_Valero/Cristina_Torrens_Valero_0001 Cristina_Torrens_Valero_0001 Cristina_Torrens_Valero_0001
Dai_Bachtiar/Dai_Bachtiar_0001 Dai_Bachtiar_0001 Dai_Bachtiar_0001
Daisy_Fuentes/Daisy_Fuentes_0003 Daisy_Fuentes_0003 Daisy_Fuentes_0003
Damarius_Bilbo/Damarius_Bilbo_0001 Damarius_Bilbo_0001 Damarius_Bilbo_0001
Dan_Ackroyd/Dan_Ackroyd_0001 Dan_Ackroyd_0001 Dan_Ackroyd_0001
Dan_Bylsma/Dan_Bylsma_0001 Dan_Bylsma_0001 Dan_Bylsma_0001
Daniel_Comisso_Urdaneta/Daniel_Comisso_Urdaneta_0001 Daniel_Comisso_Urdaneta_0001 Daniel_Comisso_Urdaneta_0001
Daniele_Nardello/Daniele_Nardello_0001 Daniele_Nardello_0001 Daniele_Nardello_0001
Daniel_Montgomery/Daniel_Montgomery_0001 Daniel_Montgomery_0001 Daniel_Montgomery_0001
Daniel_Zelman/Daniel_Zelman_0001 Daniel_Zelman_0001 Daniel_Zelman_0001
Dariusz_Michalczewski/Dariusz_Michalczewski_0001 Dariusz_Michalczewski_0001 Dariusz_Michalczewski_0001
Darvis_Patton/Darvis_Patton_0001 Darvis_Patton_0001 Darvis_Patton_0001
Dave_Campo/Dave_Campo_0001 Dave_Campo_0001 Dave_Campo_0001
Dave_Campo/Dave_Campo_0002 Dave_Campo_0002 Dave_Campo_0002
Dave_Johnson/Dave_Johnson_0001 Dave_Johnson_0001 Dave_Johnson_0001
David_Braley/David_Braley_0001 David_Braley_0001 David_Braley_0001
David_Kelley/David_Kelley_0001 David_Kelley_0001 David_Kelley_0001
David_Shayler/David_Shayler_0001 David_Shayler_0001 David_Shayler_0001
David_Stern/David_Stern_0001 David_Stern_0001 David_Stern_0001
David_Stern/David_Stern_0003 David_Stern_0003 David_Stern_0003
David_Surrett/David_Surrett_0001 David_Surrett_0001 David_Surrett_0001
Dean_Sheremet/Dean_Sheremet_0001 Dean_Sheremet_0001 Dean_Sheremet_0001
Denise_Johnson/Denise_Johnson_0001 Denise_Johnson_0001 Denise_Johnson_0001
Denise_van_Outen/Denise_van_Outen_0001 Denise_van_Outen_0001 Denise_van_Outen_0001
Dennis_Kozlowski/Dennis_Kozlowski_0002 Dennis_Kozlowski_0002 Dennis_Kozlowski_0002
Dennis_Powell/Dennis_Powell_0001 Dennis_Powell_0001 Dennis_Powell_0001
Denzel_Washington/Denzel_Washington_0001 Denzel_Washington_0001 Denzel_Washington_0001
Denzel_Washington/Denzel_Washington_0002 Denzel_Washington_0002 Denzel_Washington_0002
Denzel_Washington/Denzel_Washington_0004 Denzel_Washington_0004 Denzel_Washington_0004
Derek_Jeter/Derek_Jeter_0002 Derek_Jeter_0002 Derek_Jeter_0002
Derrick_Battie/Derrick_Battie_0001 Derrick_Battie_0001 Derrick_Battie_0001
Diane_Green/Diane_Green_0001 Diane_Green_0001 Diane_Green_0001
Dick_Armey/Dick_Armey_0001 Dick_Armey_0001 Dick_Armey_0001
Dick_Clark/Dick_Clark_0001 Dick_Clark_0001 Dick_Clark_0001
Dick_Clark/Dick_Clark_0002 Dick_Clark_0002 Dick_Clark_0002
Dick_Vermeil/Dick_Vermeil_0001 Dick_Vermeil_0001 Dick_Vermeil_0001
Dirk_Kempthorne/Dirk_Kempthorne_0001 Dirk_Kempthorne_0001 Dirk_Kempthorne_0001
Dominique_de_Villepin/Dominique_de_Villepin_0003 Dominique_de_Villepin_0003 Dominique_de_Villepin_0003
Dominique_de_Villepin/Dominique_de_Villepin_0007 Dominique_de_Villepin_0007 Dominique_de_Villepin_0007
Dominique_de_Villepin/Dominique_de_Villepin_0013 Dominique_de_Villepin_0013 Dominique_de_Villepin_0013
Dominique_de_Villepin/Dominique_de_Villepin_0014 Dominique_de_Villepin_0014 Dominique_de_Villepin_0014
Donald_Keck/Donald_Keck_0001 Donald_Keck_0001 Donald_Keck_0001
Donald_Pettit/Donald_Pettit_0001 Donald_Pettit_0001 Donald_Pettit_0001
Donald_Pettit/Donald_Pettit_0002 Donald_Pettit_0002 Donald_Pettit_0002
Donald_Pettit/Donald_Pettit_0003 Donald_Pettit_0003 Donald_Pettit_0003
Donald_Rumsfeld/Donald_Rumsfeld_0022 Donald_Rumsfeld_0022 Donald_Rumsfeld_0022
Donald_Rumsfeld/Donald_Rumsfeld_0028 Donald_Rumsfeld_0028 Donald_Rumsfeld_0028
Donald_Rumsfeld/Donald_Rumsfeld_0040 Donald_Rumsfeld_0040 Donald_Rumsfeld_0040
Donald_Rumsfeld/Donald_Rumsfeld_0041 Donald_Rumsfeld_0041 Donald_Rumsfeld_0041
Don_Carcieri/Don_Carcieri_0001 Don_Carcieri_0001 Don_Carcieri_0001
Don_King/Don_King_0001 Don_King_0001 Don_King_0001
Don_Lake/Don_Lake_0001 Don_Lake_0001 Don_Lake_0001
Donna_Walker/Donna_Walker_0001 Donna_Walker_0001 Donna_Walker_0001
Doug_Collins/Doug_Collins_0001 Doug_Collins_0001 Doug_Collins_0001
Eddie_Sutton/Eddie_Sutton_0001 Eddie_Sutton_0001 Eddie_Sutton_0001
Edith_Masai/Edith_Masai_0001 Edith_Masai_0001 Edith_Masai_0001
Edward_Belvin/Edward_Belvin_0001 Edward_Belvin_0001 Edward_Belvin_0001
Edward_Egan/Edward_Egan_0001 Edward_Egan_0001 Edward_Egan_0001
Edward_James_Olmos/Edward_James_Olmos_0001 Edward_James_Olmos_0001 Edward_James_Olmos_0001
Edward_Lu/Edward_Lu_0002 Edward_Lu_0002 Edward_Lu_0002
Edward_Norton/Edward_Norton_0001 Edward_Norton_0001 Edward_Norton_0001
Edward_Seaga/Edward_Seaga_0001 Edward_Seaga_0001 Edward_Seaga_0001
Edwin_Edwards/Edwin_Edwards_0001 Edwin_Edwards_0001 Edwin_Edwards_0001
Edwin_Edwards/Edwin_Edwards_0002 Edwin_Edwards_0002 Edwin_Edwards_0002
Elaine_Chao/Elaine_Chao_0001 Elaine_Chao_0001 Elaine_Chao_0001
Elena_Dementieva/Elena_Dementieva_0001 Elena_Dementieva_0001 Elena_Dementieva_0001
Eliane_Karp/Eliane_Karp_0001 Eliane_Karp_0001 Eliane_Karp_0001
Eliane_Karp/Eliane_Karp_0002 Eliane_Karp_0002 Eliane_Karp_0002
Elin_Nordegren/Elin_Nordegren_0001 Elin_Nordegren_0001 Elin_Nordegren_0001
Elin_Nordegren/Elin_Nordegren_0002 Elin_Nordegren_0002 Elin_Nordegren_0002
Elinor_Caplan/Elinor_Caplan_0001 Elinor_Caplan_0001 Elinor_Caplan_0001
Eliott_Spitzer/Eliott_Spitzer_0001 Eliott_Spitzer_0001 Eliott_Spitzer_0001
Elisabeth_Schumacher/Elisabeth_Schumacher_0001 Elisabeth_Schumacher_0001 Elisabeth_Schumacher_0001
Elisabeth_Welch/Elisabeth_Welch_0001 Elisabeth_Welch_0001 Elisabeth_Welch_0001
Elizabeth_Regan/Elizabeth_Regan_0001 Elizabeth_Regan_0001 Elizabeth_Regan_0001
Elizabeth_Smart/Elizabeth_Smart_0001 Elizabeth_Smart_0001 Elizabeth_Smart_0001
Elizabeth_Smart/Elizabeth_Smart_0003 Elizabeth_Smart_0003 Elizabeth_Smart_0003
Elliott_Mincberg/Elliott_Mincberg_0001 Elliott_Mincberg_0001 Elliott_Mincberg_0001
Elsa_Zylberstein/Elsa_Zylberstein_0001 Elsa_Zylberstein_0001 Elsa_Zylberstein_0001
Elsa_Zylberstein/Elsa_Zylberstein_0003 Elsa_Zylberstein_0003 Elsa_Zylberstein_0003
Emma_Watson/Emma_Watson_0001 Emma_Watson_0001 Emma_Watson_0001
Emma_Watson/Emma_Watson_0002 Emma_Watson_0002 Emma_Watson_0002
Emma_Watson/Emma_Watson_0003 Emma_Watson_0003 Emma_Watson_0003
Enrica_Fico/Enrica_Fico_0001 Enrica_Fico_0001 Enrica_Fico_0001
Eric_Dubin/Eric_Dubin_0001 Eric_Dubin_0001 Eric_Dubin_0001
Eric_Lindros/Eric_Lindros_0001 Eric_Lindros_0001 Eric_Lindros_0001
Eric_Snow/Eric_Snow_0001 Eric_Snow_0001 Eric_Snow_0001
Erika_Christensen/Erika_Christensen_0001 Erika_Christensen_0001 Erika_Christensen_0001
Erik_Morales/Erik_Morales_0001 Erik_Morales_0001 Erik_Morales_0001
Erin_Runnion/Erin_Runnion_0003 Erin_Runnion_0003 Erin_Runnion_0003
Ernie_Fletcher/Ernie_Fletcher_0001 Ernie_Fletcher_0001 Ernie_Fletcher_0001
Fabiola_Zuluaga/Fabiola_Zuluaga_0001 Fabiola_Zuluaga_0001 Fabiola_Zuluaga_0001
Farouk_Kaddoumi/Farouk_Kaddoumi_0001 Farouk_Kaddoumi_0001 Farouk_Kaddoumi_0001
Felipe_Perez_Roque/Felipe_Perez_Roque_0001 Felipe_Perez_Roque_0001 Felipe_Perez_Roque_0001
Felipe_Perez_Roque/Felipe_Perez_Roque_0002 Felipe_Perez_Roque_0002 Felipe_Perez_Roque_0002
Fernando_Vargas/Fernando_Vargas_0002 Fernando_Vargas_0002 Fernando_Vargas_0002
Festus_Mogae/Festus_Mogae_0001 Festus_Mogae_0001 Festus_Mogae_0001
Filip_De_Winter/Filip_De_Winter_0001 Filip_De_Winter_0001 Filip_De_Winter_0001
Flavia_Pennetta/Flavia_Pennetta_0001 Flavia_Pennetta_0001 Flavia_Pennetta_0001
Flor_Montulo/Flor_Montulo_0001 Flor_Montulo_0001 Flor_Montulo_0001
Floyd_Mayweather/Floyd_Mayweather_0001 Floyd_Mayweather_0001 Floyd_Mayweather_0001
Francis_Ricciardone/Francis_Ricciardone_0001 Francis_Ricciardone_0001 Francis_Ricciardone_0001
Franco_Frattini/Franco_Frattini_0001 Franco_Frattini_0001 Franco_Frattini_0001
Fran_Drescher/Fran_Drescher_0002 Fran_Drescher_0002 Fran_Drescher_0002
Frank_Cassell/Frank_Cassell_0001 Frank_Cassell_0001 Frank_Cassell_0001
Frank_Dunham_Jr/Frank_Dunham_Jr_0001 Frank_Dunham_Jr_0001 Frank_Dunham_Jr_0001
Frank_Sinatra/Frank_Sinatra_0001 Frank_Sinatra_0001 Frank_Sinatra_0001
Frank_Van_Ecke/Frank_Van_Ecke_0001 Frank_Van_Ecke_0001 Frank_Van_Ecke_0001
Fred_Durst/Fred_Durst_0001 Fred_Durst_0001 Fred_Durst_0001
Frederick_Madden/Frederick_Madden_0001 Frederick_Madden_0001 Frederick_Madden_0001
Gao_Qiang/Gao_Qiang_0001 Gao_Qiang_0001 Gao_Qiang_0001
Garry_Trudeau/Garry_Trudeau_0001 Garry_Trudeau_0001 Garry_Trudeau_0001
Gary_Doer/Gary_Doer_0001 Gary_Doer_0001 Gary_Doer_0001
Gary_Doer/Gary_Doer_0002 Gary_Doer_0002 Gary_Doer_0002
Gary_Leon_Ridgway/Gary_Leon_Ridgway_0001 Gary_Leon_Ridgway_0001 Gary_Leon_Ridgway_0001
Gary_Sayler/Gary_Sayler_0001 Gary_Sayler_0001 Gary_Sayler_0001
Gary_Winnick/Gary_Winnick_0001 Gary_Winnick_0001 Gary_Winnick_0001
Gene_Robinson/Gene_Robinson_0002 Gene_Robinson_0002 Gene_Robinson_0002
George_Foreman/George_Foreman_0001 George_Foreman_0001 George_Foreman_0001
George_Karl/George_Karl_0001 George_Karl_0001 George_Karl_0001
George_Robertson/George_Robertson_0005 George_Robertson_0005 George_Robertson_0005
George_Robertson/George_Robertson_0012 George_Robertson_0012 George_Robertson_0012
George_Robertson/George_Robertson_0015 George_Robertson_0015 George_Robertson_0015
Georgia_Giddings/Georgia_Giddings_0001 Georgia_Giddings_0001 Georgia_Giddings_0001
Georgi_Parvanov/Georgi_Parvanov_0001 Georgi_Parvanov_0001 Georgi_Parvanov_0001
Geraldine_Chaplin/Geraldine_Chaplin_0001 Geraldine_Chaplin_0001 Geraldine_Chaplin_0001
Gerard_Tronche/Gerard_Tronche_0001 Gerard_Tronche_0001 Gerard_Tronche_0001
Gerhard_Schroeder/Gerhard_Schroeder_0003 Gerhard_Schroeder_0003 Gerhard_Schroeder_0003
Gerry_Adams/Gerry_Adams_0003 Gerry_Adams_0003 Gerry_Adams_0003
Gerry_Adams/Gerry_Adams_0005 Gerry_Adams_0005 Gerry_Adams_0005
Ghassan_Elashi/Ghassan_Elashi_0001 Ghassan_Elashi_0001 Ghassan_Elashi_0001
Gideon_Yago/Gideon_Yago_0001 Gideon_Yago_0001 Gideon_Yago_0001
Gilberto_Rodriguez_Orejuela/Gilberto_Rodriguez_Orejuela_0001 Gilberto_Rodriguez_Orejuela_0001 Gilberto_Rodriguez_Orejuela_0001
Gilberto_Rodriguez_Orejuela/Gilberto_Rodriguez_Orejuela_0002 Gilberto_Rodriguez_Orejuela_0002 Gilberto_Rodriguez_Orejuela_0002
Gilberto_Rodriguez_Orejuela/Gilberto_Rodriguez_Orejuela_0003 Gilberto_Rodriguez_Orejuela_0003 Gilberto_Rodriguez_Orejuela_0003
Gina_Gershon/Gina_Gershon_0001 Gina_Gershon_0001 Gina_Gershon_0001
Giuseppe_Gibilisco/Giuseppe_Gibilisco_0002 Giuseppe_Gibilisco_0002 Giuseppe_Gibilisco_0002
Giuseppe_Gibilisco/Giuseppe_Gibilisco_0003 Giuseppe_Gibilisco_0003 Giuseppe_Gibilisco_0003
Glafcos_Clerides/Glafcos_Clerides_0001 Glafcos_Clerides_0001 Glafcos_Clerides_0001
Glenn_Tilton/Glenn_Tilton_0001 Glenn_Tilton_0001 Glenn_Tilton_0001
Gordon_Brown/Gordon_Brown_0004 Gordon_Brown_0004 Gordon_Brown_0004
Gordon_Brown/Gordon_Brown_0012 Gordon_Brown_0012 Gordon_Brown_0012
Gordon_Campbell/Gordon_Campbell_0001 Gordon_Campbell_0001 Gordon_Campbell_0001
Gordon_Lightfoot/Gordon_Lightfoot_0001 Gordon_Lightfoot_0001 Gordon_Lightfoot_0001
Grace_Kelly/Grace_Kelly_0001 Grace_Kelly_0001 Grace_Kelly_0001
Gray_Davis/Gray_Davis_0006 Gray_Davis_0006 Gray_Davis_0006
Gray_Davis/Gray_Davis_0013 Gray_Davis_0013 Gray_Davis_0013
Greg_Gilbert/Greg_Gilbert_0001 Greg_Gilbert_0001 Greg_Gilbert_0001
Greg_Kinnear/Greg_Kinnear_0001 Greg_Kinnear_0001 Greg_Kinnear_0001
Gregory_Geoffroy/Gregory_Geoffroy_0002 Gregory_Geoffroy_0002 Gregory_Geoffroy_0002
Gregory_Hines/Gregory_Hines_0001 Gregory_Hines_0001 Gregory_Hines_0001
Gregory_Peck/Gregory_Peck_0001 Gregory_Peck_0001 Gregory_Peck_0001
Greg_Ostertag/Greg_Ostertag_0001 Greg_Ostertag_0001 Greg_Ostertag_0001
Guillaume_Cannet/Guillaume_Cannet_0001 Guillaume_Cannet_0001 Guillaume_Cannet_0001
Gunilla_Backman/Gunilla_Backman_0001 Gunilla_Backman_0001 Gunilla_Backman_0001
Gustavo_Franco/Gustavo_Franco_0001 Gustavo_Franco_0001 Gustavo_Franco_0001
Gus_Van_Sant/Gus_Van_Sant_0001 Gus_Van_Sant_0001 Gus_Van_Sant_0001
Gwendal_Peizerat/Gwendal_Peizerat_0001 Gwendal_Peizerat_0001 Gwendal_Peizerat_0001
Gwendal_Peizerat/Gwendal_Peizerat_0002 Gwendal_Peizerat_0002 Gwendal_Peizerat_0002
Gwyneth_Paltrow/Gwyneth_Paltrow_0004 Gwyneth_Paltrow_0004 Gwyneth_Paltrow_0004
Gwyneth_Paltrow/Gwyneth_Paltrow_0005 Gwyneth_Paltrow_0005 Gwyneth_Paltrow_0005
Halbert_Fillinger/Halbert_Fillinger_0001 Halbert_Fillinger_0001 Halbert_Fillinger_0001
Hank_Aaron/Hank_Aaron_0001 Hank_Aaron_0001 Hank_Aaron_0001
Harland_Braun/Harland_Braun_0001 Harland_Braun_0001 Harland_Braun_0001
Harry_Kalas/Harry_Kalas_0001 Harry_Kalas_0001 Harry_Kalas_0001
Harvey_Fierstein/Harvey_Fierstein_0001 Harvey_Fierstein_0001 Harvey_Fierstein_0001
Hassan_Wirajuda/Hassan_Wirajuda_0001 Hassan_Wirajuda_0001 Hassan_Wirajuda_0001
Heather_Mills/Heather_Mills_0003 Heather_Mills_0003 Heather_Mills_0003
Heidi_Fleiss/Heidi_Fleiss_0001 Heidi_Fleiss_0001 Heidi_Fleiss_0001
Helene_Eksterowicz/Helene_Eksterowicz_0001 Helene_Eksterowicz_0001 Helene_Eksterowicz_0001
Helio_Castroneves/Helio_Castroneves_0001 Helio_Castroneves_0001 Helio_Castroneves_0001
Hermann_Maier/Hermann_Maier_0001 Hermann_Maier_0001 Hermann_Maier_0001
Horst_Koehler/Horst_Koehler_0001 Horst_Koehler_0001 Horst_Koehler_0001
Howard_Smith/Howard_Smith_0002 Howard_Smith_0002 Howard_Smith_0002
Hubie_Brown/Hubie_Brown_0001 Hubie_Brown_0001 Hubie_Brown_0001
Hunter_Bates/Hunter_Bates_0001 Hunter_Bates_0001 Hunter_Bates_0001
Hussam_Mohammed_Amin/Hussam_Mohammed_Amin_0001 Hussam_Mohammed_Amin_0001 Hussam_Mohammed_Amin_0001
Hutomo_Mandala_Putra/Hutomo_Mandala_Putra_0001 Hutomo_Mandala_Putra_0001 Hutomo_Mandala_Putra_0001
Ian_Thorpe/Ian_Thorpe_0002 Ian_Thorpe_0002 Ian_Thorpe_0002
Ian_Thorpe/Ian_Thorpe_0003 Ian_Thorpe_0003 Ian_Thorpe_0003
Ian_Thorpe/Ian_Thorpe_0006 Ian_Thorpe_0006 Ian_Thorpe_0006
Iban_Mayo/Iban_Mayo_0002 Iban_Mayo_0002 Iban_Mayo_0002
Imad_Moustapha/Imad_Moustapha_0001 Imad_Moustapha_0001 Imad_Moustapha_0001
Ion_Tiriac/Ion_Tiriac_0001 Ion_Tiriac_0001 Ion_Tiriac_0001
Irina_Yatchenko/Irina_Yatchenko_0001 Irina_Yatchenko_0001 Irina_Yatchenko_0001
Isabella_Rossellini/Isabella_Rossellini_0001 Isabella_Rossellini_0001 Isabella_Rossellini_0001
Isabelle_Huppert/Isabelle_Huppert_0001 Isabelle_Huppert_0001 Isabelle_Huppert_0001
Isaiah_Washington/Isaiah_Washington_0002 Isaiah_Washington_0002 Isaiah_Washington_0002
Islam_Karimov/Islam_Karimov_0001 Islam_Karimov_0001 Islam_Karimov_0001
Ismail_Cem/Ismail_Cem_0001 Ismail_Cem_0001 Ismail_Cem_0001
Ismail_Merchant/Ismail_Merchant_0001 Ismail_Merchant_0001 Ismail_Merchant_0001
Ivan_Lee/Ivan_Lee_0001 Ivan_Lee_0001 Ivan_Lee_0001
Izzat_Ibrahim/Izzat_Ibrahim_0001 Izzat_Ibrahim_0001 Izzat_Ibrahim_0001
Jack_Grubman/Jack_Grubman_0001 Jack_Grubman_0001 Jack_Grubman_0001
Jack_Nicholson/Jack_Nicholson_0002 Jack_Nicholson_0002 Jack_Nicholson_0002
Jack_Welch/Jack_Welch_0001 Jack_Welch_0001 Jack_Welch_0001
Jacques_Chirac/Jacques_Chirac_0022 Jacques_Chirac_0022 Jacques_Chirac_0022
Jacques_Chirac/Jacques_Chirac_0030 Jacques_Chirac_0030 Jacques_Chirac_0030
Jacques_Chirac/Jacques_Chirac_0031 Jacques_Chirac_0031 Jacques_Chirac_0031
Jacques_Rogge/Jacques_Rogge_0004 Jacques_Rogge_0004 Jacques_Rogge_0004
Jake_Gyllenhaal/Jake_Gyllenhaal_0002 Jake_Gyllenhaal_0002 Jake_Gyllenhaal_0002
Jake_Gyllenhaal/Jake_Gyllenhaal_0003 Jake_Gyllenhaal_0003 Jake_Gyllenhaal_0003
Jalal_Talabani/Jalal_Talabani_0001 Jalal_Talabani_0001 Jalal_Talabani_0001
James_Butts/James_Butts_0001 James_Butts_0001 James_Butts_0001
James_Franco/James_Franco_0001 James_Franco_0001 James_Franco_0001
James_Franco/James_Franco_0002 James_Franco_0002 James_Franco_0002
James_Ivory/James_Ivory_0001 James_Ivory_0001 James_Ivory_0001
James_Kelly/James_Kelly_0004 James_Kelly_0004 James_Kelly_0004
James_Kelly/James_Kelly_0009 James_Kelly_0009 James_Kelly_0009
James_Kopp/James_Kopp_0001 James_Kopp_0001 James_Kopp_0001
James_Kopp/James_Kopp_0002 James_Kopp_0002 James_Kopp_0002
James_Lockhart/James_Lockhart_0001 James_Lockhart_0001 James_Lockhart_0001
James_Maguire/James_Maguire_0001 James_Maguire_0001 James_Maguire_0001
James_Smith/James_Smith_0001 James_Smith_0001 James_Smith_0001
Janet_Chandler/Janet_Chandler_0001 Janet_Chandler_0001 Janet_Chandler_0001
Janica_Kostelic/Janica_Kostelic_0001 Janica_Kostelic_0001 Janica_Kostelic_0001
Janis_Ruth_Coulter/Janis_Ruth_Coulter_0001 Janis_Ruth_Coulter_0001 Janis_Ruth_Coulter_0001
Jan_Paul_Miller/Jan_Paul_Miller_0001 Jan_Paul_Miller_0001 Jan_Paul_Miller_0001
Jan_Ullrich/Jan_Ullrich_0001 Jan_Ullrich_0001 Jan_Ullrich_0001
Jan_Ullrich/Jan_Ullrich_0002 Jan_Ullrich_0002 Jan_Ullrich_0002
Jason_Clermont/Jason_Clermont_0001 Jason_Clermont_0001 Jason_Clermont_0001
Jason_Kapono/Jason_Kapono_0001 Jason_Kapono_0001 Jason_Kapono_0001
Jason_Mewes/Jason_Mewes_0001 Jason_Mewes_0001 Jason_Mewes_0001
Jason_White/Jason_White_0001 Jason_White_0001 Jason_White_0001
Javier_Weber/Javier_Weber_0001 Javier_Weber_0001 Javier_Weber_0001
Jean_Carnahan/Jean_Carnahan_0001 Jean_Carnahan_0001 Jean_Carnahan_0001
Jean-Claude_Juncker/Jean-Claude_Juncker_0001 Jean-Claude_Juncker_0001 Jean-Claude_Juncker_0001
Jean-Claude_Trichet/Jean-Claude_Trichet_0001 Jean-Claude_Trichet_0001 Jean-Claude_Trichet_0001
Jeane_Kirkpatrick/Jeane_Kirkpatrick_0001 Jeane_Kirkpatrick_0001 Jeane_Kirkpatrick_0001
Jean-Marc_de_La_Sabliere/Jean-Marc_de_La_Sabliere_0001 Jean-Marc_de_La_Sabliere_0001 Jean-Marc_de_La_Sabliere_0001
Jeanne_Anne_Schroeder/Jeanne_Anne_Schroeder_0001 Jeanne_Anne_Schroeder_0001 Jeanne_Anne_Schroeder_0001
Jeannette_Biedermann/Jeannette_Biedermann_0001 Jeannette_Biedermann_0001 Jeannette_Biedermann_0001
Jean-Pierre_Raffarin/Jean-Pierre_Raffarin_0002 Jean-Pierre_Raffarin_0002 Jean-Pierre_Raffarin_0002
Jean-Pierre_Raffarin/Jean-Pierre_Raffarin_0006 Jean-Pierre_Raffarin_0006 Jean-Pierre_Raffarin_0006
Jefferson_Perez/Jefferson_Perez_0001 Jefferson_Perez_0001 Jefferson_Perez_0001
Jeffrey_Pfeffer/Jeffrey_Pfeffer_0001 Jeffrey_Pfeffer_0001 Jeffrey_Pfeffer_0001
Jen_Bice/Jen_Bice_0001 Jen_Bice_0001 Jen_Bice_0001
Jenna_Elfman/Jenna_Elfman_0001 Jenna_Elfman_0001 Jenna_Elfman_0001
Jennifer_Capriati/Jennifer_Capriati_0003 Jennifer_Capriati_0003 Jennifer_Capriati_0003
Jennifer_Capriati/Jennifer_Capriati_0024 Jennifer_Capriati_0024 Jennifer_Capriati_0024
Jennifer_Connelly/Jennifer_Connelly_0001 Jennifer_Connelly_0001 Jennifer_Connelly_0001
Jennifer_Connelly/Jennifer_Connelly_0003 Jennifer_Connelly_0003 Jennifer_Connelly_0003
Jennifer_Keller/Jennifer_Keller_0002 Jennifer_Keller_0002 Jennifer_Keller_0002
Jennifer_Keller/Jennifer_Keller_0003 Jennifer_Keller_0003 Jennifer_Keller_0003
Jennifer_Keller/Jennifer_Keller_0004 Jennifer_Keller_0004 Jennifer_Keller_0004
Jennifer_Thompson/Jennifer_Thompson_0001 Jennifer_Thompson_0001 Jennifer_Thompson_0001
Jeong_Se-hyun/Jeong_Se-hyun_0004 Jeong_Se-hyun_0004 Jeong_Se-hyun_0004
Jeremy_Greenstock/Jeremy_Greenstock_0007 Jeremy_Greenstock_0007 Jeremy_Greenstock_0007
Jeremy_Shockey/Jeremy_Shockey_0001 Jeremy_Shockey_0001 Jeremy_Shockey_0001
Jerry_Bruckheimer/Jerry_Bruckheimer_0001 Jerry_Bruckheimer_0001 Jerry_Bruckheimer_0001
Jerry_Jones/Jerry_Jones_0001 Jerry_Jones_0001 Jerry_Jones_0001
Jesse_Ventura/Jesse_Ventura_0001 Jesse_Ventura_0001 Jesse_Ventura_0001
Jesse_Ventura/Jesse_Ventura_0003 Jesse_Ventura_0003 Jesse_Ventura_0003
Jessica_Biel/Jessica_Biel_0001 Jessica_Biel_0001 Jessica_Biel_0001
Jessica_Lange/Jessica_Lange_0001 Jessica_Lange_0001 Jessica_Lange_0001
Jiang_Zemin/Jiang_Zemin_0002 Jiang_Zemin_0002 Jiang_Zemin_0002
Jiang_Zemin/Jiang_Zemin_0012 Jiang_Zemin_0012 Jiang_Zemin_0012
Jim_Calhoun/Jim_Calhoun_0001 Jim_Calhoun_0001 Jim_Calhoun_0001
Jim_Cantalupo/Jim_Cantalupo_0001 Jim_Cantalupo_0001 Jim_Cantalupo_0001
Jim_Hahn/Jim_Hahn_0004 Jim_Hahn_0004 Jim_Hahn_0004
Jim_Harrick/Jim_Harrick_0001 Jim_Harrick_0001 Jim_Harrick_0001
Jim_Letten/Jim_Letten_0001 Jim_Letten_0001 Jim_Letten_0001
Jimmy_Carter/Jimmy_Carter_0001 Jimmy_Carter_0001 Jimmy_Carter_0001
Jimmy_Carter/Jimmy_Carter_0004 Jimmy_Carter_0004 Jimmy_Carter_0004
Jimmy_Carter/Jimmy_Carter_0008 Jimmy_Carter_0008 Jimmy_Carter_0008
Joaquin_Phoenix/Joaquin_Phoenix_0001 Joaquin_Phoenix_0001 Joaquin_Phoenix_0001
Joe_Mantello/Joe_Mantello_0001 Joe_Mantello_0001 Joe_Mantello_0001
Joe_Nichols/Joe_Nichols_0001 Joe_Nichols_0001 Joe_Nichols_0001
Joe_Nichols/Joe_Nichols_0003 Joe_Nichols_0003 Joe_Nichols_0003
Joe_Pantoliano/Joe_Pantoliano_0001 Joe_Pantoliano_0001 Joe_Pantoliano_0001
John_Belushi/John_Belushi_0001 John_Belushi_0001 John_Belushi_0001
John_Blaney/John_Blaney_0002 John_Blaney_0002 John_Blaney_0002
John_Bolton/John_Bolton_0003 John_Bolton_0003 John_Bolton_0003
John_Bolton/John_Bolton_0004 John_Bolton_0004 John_Bolton_0004
John_Bolton/John_Bolton_0005 John_Bolton_0005 John_Bolton_0005
John_Bolton/John_Bolton_0011 John_Bolton_0011 John_Bolton_0011
John_Franco/John_Franco_0001 John_Franco_0001 John_Franco_0001
John_Garamendi/John_Garamendi_0001 John_Garamendi_0001 John_Garamendi_0001
John_Garamendi/John_Garamendi_0002 John_Garamendi_0002 John_Garamendi_0002
John_Kerr/John_Kerr_0001 John_Kerr_0001 John_Kerr_0001
John_Lynch/John_Lynch_0001 John_Lynch_0001 John_Lynch_0001
John_Mayer/John_Mayer_0003 John_Mayer_0003 John_Mayer_0003
John_McCallum/John_McCallum_0001 John_McCallum_0001 John_McCallum_0001
John_Negroponte/John_Negroponte_0004 John_Negroponte_0004 John_Negroponte_0004
Johnny_Carson/Johnny_Carson_0001 Johnny_Carson_0001 Johnny_Carson_0001
Johnny_Depp/Johnny_Depp_0002 Johnny_Depp_0002 Johnny_Depp_0002
John_Rowland/John_Rowland_0001 John_Rowland_0001 John_Rowland_0001
John_Rowland/John_Rowland_0002 John_Rowland_0002 John_Rowland_0002
John_Stallworth/John_Stallworth_0001 John_Stallworth_0001 John_Stallworth_0001
John_Travolta/John_Travolta_0004 John_Travolta_0004 John_Travolta_0004
John_Walsh/John_Walsh_0001 John_Walsh_0001 John_Walsh_0001
John_Walsh/John_Walsh_0002 John_Walsh_0002 John_Walsh_0002
Jorge_Arce/Jorge_Arce_0001 Jorge_Arce_0001 Jorge_Arce_0001
Jorge_Castaneda/Jorge_Castaneda_0001 Jorge_Castaneda_0001 Jorge_Castaneda_0001
Jorge_Quiroga/Jorge_Quiroga_0001 Jorge_Quiroga_0001 Jorge_Quiroga_0001
Jose_Bove/Jose_Bove_0001 Jose_Bove_0001 Jose_Bove_0001
Jose_Dirceu/Jose_Dirceu_0001 Jose_Dirceu_0001 Jose_Dirceu_0001
Jose_Luis_Chilavert/Jose_Luis_Chilavert_0001 Jose_Luis_Chilavert_0001 Jose_Luis_Chilavert_0001
Joseph_Deiss/Joseph_Deiss_0001 Joseph_Deiss_0001 Joseph_Deiss_0001
Juan_Carlos/Juan_Carlos_0001 Juan_Carlos_0001 Juan_Carlos_0001
Judi_Dench/Judi_Dench_0001 Judi_Dench_0001 Judi_Dench_0001
Judy_Dean/Judy_Dean_0001 Judy_Dean_0001 Judy_Dean_0001
Julia_Ormond/Julia_Ormond_0001 Julia_Ormond_0001 Julia_Ormond_0001
Julie_Gerberding/Julie_Gerberding_0007 Julie_Gerberding_0007 Julie_Gerberding_0007
Julie_Gerberding/Julie_Gerberding_0008 Julie_Gerberding_0008 Julie_Gerberding_0008
Julio_Cesar_Chavez/Julio_Cesar_Chavez_0001 Julio_Cesar_Chavez_0001 Julio_Cesar_Chavez_0001
Justine_Henin/Justine_Henin_0001 Justine_Henin_0001 Justine_Henin_0001
Justine_Henin/Justine_Henin_0002 Justine_Henin_0002 Justine_Henin_0002
Justin_Leonard/Justin_Leonard_0001 Justin_Leonard_0001 Justin_Leonard_0001
Kamal_Kharrazi/Kamal_Kharrazi_0003 Kamal_Kharrazi_0003 Kamal_Kharrazi_0003
Kaoru_Hasuike/Kaoru_Hasuike_0001 Kaoru_Hasuike_0001 Kaoru_Hasuike_0001
Karen_Allen/Karen_Allen_0001 Karen_Allen_0001 Karen_Allen_0001
Karl-Heinz_Rummenigge/Karl-Heinz_Rummenigge_0001 Karl-Heinz_Rummenigge_0001 Karl-Heinz_Rummenigge_0001
Katie_Boone/Katie_Boone_0001 Katie_Boone_0001 Katie_Boone_0001
Keith_Bogans/Keith_Bogans_0002 Keith_Bogans_0002 Keith_Bogans_0002
Keith_Osik/Keith_Osik_0001 Keith_Osik_0001 Keith_Osik_0001
Kenneth_Evans/Kenneth_Evans_0001 Kenneth_Evans_0001 Kenneth_Evans_0001
Kent_Robinson/Kent_Robinson_0001 Kent_Robinson_0001 Kent_Robinson_0001
Kevin_Gil/Kevin_Gil_0001 Kevin_Gil_0001 Kevin_Gil_0001
Kevin_Hearn/Kevin_Hearn_0001 Kevin_Hearn_0001 Kevin_Hearn_0001
Khader_Rashid_Rahim/Khader_Rashid_Rahim_0001 Khader_Rashid_Rahim_0001 Khader_Rashid_Rahim_0001
Kim_Yong-il/Kim_Yong-il_0001 Kim_Yong-il_0001 Kim_Yong-il_0001
Kim_Yong-il/Kim_Yong-il_0002 Kim_Yong-il_0002 Kim_Yong-il_0002
King_Abdullah_II/King_Abdullah_II_0001 King_Abdullah_II_0001 King_Abdullah_II_0001
King_Abdullah_II/King_Abdullah_II_0002 King_Abdullah_II_0002 King_Abdullah_II_0002
Kjell_Magne_Bondevik/Kjell_Magne_Bondevik_0001 Kjell_Magne_Bondevik_0001 Kjell_Magne_Bondevik_0001
Koichi_Tanaka/Koichi_Tanaka_0001 Koichi_Tanaka_0001 Koichi_Tanaka_0001
Kosuke_Kitajima/Kosuke_Kitajima_0001 Kosuke_Kitajima_0001 Kosuke_Kitajima_0001
Kosuke_Kitajima/Kosuke_Kitajima_0002 Kosuke_Kitajima_0002 Kosuke_Kitajima_0002
Kristen_Breitweiser/Kristen_Breitweiser_0001 Kristen_Breitweiser_0001 Kristen_Breitweiser_0001
Kristin_Davis/Kristin_Davis_0001 Kristin_Davis_0001 Kristin_Davis_0001
Kristin_Davis/Kristin_Davis_0002 Kristin_Davis_0002 Kristin_Davis_0002
Kristin_Davis/Kristin_Davis_0003 Kristin_Davis_0003 Kristin_Davis_0003
Kurt_Hellstrom/Kurt_Hellstrom_0001 Kurt_Hellstrom_0001 Kurt_Hellstrom_0001
Kurt_Warner/Kurt_Warner_0001 Kurt_Warner_0001 Kurt_Warner_0001
Larry_Coker/Larry_Coker_0002 Larry_Coker_0002 Larry_Coker_0002
Laszlo_Kovacs/Laszlo_Kovacs_0001 Laszlo_Kovacs_0001 Laszlo_Kovacs_0001
Latrell_Sprewell/Latrell_Sprewell_0001 Latrell_Sprewell_0001 Latrell_Sprewell_0001
Laura_Elena_Harring/Laura_Elena_Harring_0001 Laura_Elena_Harring_0001 Laura_Elena_Harring_0001
Laura_Linney/Laura_Linney_0001 Laura_Linney_0001 Laura_Linney_0001
Laurel_Clark/Laurel_Clark_0001 Laurel_Clark_0001 Laurel_Clark_0001
Lauren_Killian/Lauren_Killian_0001 Lauren_Killian_0001 Lauren_Killian_0001
Laurent_Jalabert/Laurent_Jalabert_0001 Laurent_Jalabert_0001 Laurent_Jalabert_0001
Lawrence_Di_Rita/Lawrence_Di_Rita_0001 Lawrence_Di_Rita_0001 Lawrence_Di_Rita_0001
Lawrence_Roberts/Lawrence_Roberts_0001 Lawrence_Roberts_0001 Lawrence_Roberts_0001
Lea_Fastow/Lea_Fastow_0001 Lea_Fastow_0001 Lea_Fastow_0001
Lee_Baca/Lee_Baca_0001 Lee_Baca_0001 Lee_Baca_0001
Leisel_Jones/Leisel_Jones_0001 Leisel_Jones_0001 Leisel_Jones_0001
Lena_Katina/Lena_Katina_0001 Lena_Katina_0001 Lena_Katina_0001
Leonard_Glick/Leonard_Glick_0001 Leonard_Glick_0001 Leonard_Glick_0001
Leonardo_DiCaprio/Leonardo_DiCaprio_0001 Leonardo_DiCaprio_0001 Leonardo_DiCaprio_0001
Leonardo_DiCaprio/Leonardo_DiCaprio_0003 Leonardo_DiCaprio_0003 Leonardo_DiCaprio_0003
Leonard_Schrank/Leonard_Schrank_0001 Leonard_Schrank_0001 Leonard_Schrank_0001
Leonid_Kuchma/Leonid_Kuchma_0001 Leonid_Kuchma_0001 Leonid_Kuchma_0001
Leonid_Kuchma/Leonid_Kuchma_0002 Leonid_Kuchma_0002 Leonid_Kuchma_0002
Leonid_Kuchma/Leonid_Kuchma_0004 Leonid_Kuchma_0004 Leonid_Kuchma_0004
Leslie_Moonves/Leslie_Moonves_0001 Leslie_Moonves_0001 Leslie_Moonves_0001
Leslie_Wiser_Jr/Leslie_Wiser_Jr_0001 Leslie_Wiser_Jr_0001 Leslie_Wiser_Jr_0001
Leszek_Miller/Leszek_Miller_0002 Leszek_Miller_0002 Leszek_Miller_0002
Lino_Oviedo/Lino_Oviedo_0001 Lino_Oviedo_0001 Lino_Oviedo_0001
Lisa_Murkowski/Lisa_Murkowski_0001 Lisa_Murkowski_0001 Lisa_Murkowski_0001
Lisa_Raymond/Lisa_Raymond_0001 Lisa_Raymond_0001 Lisa_Raymond_0001
Lisa_Raymond/Lisa_Raymond_0002 Lisa_Raymond_0002 Lisa_Raymond_0002
Liza_Minnelli/Liza_Minnelli_0001 Liza_Minnelli_0001 Liza_Minnelli_0001
LK_Advani/LK_Advani_0001 LK_Advani_0001 LK_Advani_0001
LK_Advani/LK_Advani_0002 LK_Advani_0002 LK_Advani_0002
Lloyd_Ward/Lloyd_Ward_0001 Lloyd_Ward_0001 Lloyd_Ward_0001
Luciano_Pavarotti/Luciano_Pavarotti_0001 Luciano_Pavarotti_0001 Luciano_Pavarotti_0001
Lucy_Liu/Lucy_Liu_0002 Lucy_Liu_0002 Lucy_Liu_0002
Ludwig_Ovalle/Ludwig_Ovalle_0001 Ludwig_Ovalle_0001 Ludwig_Ovalle_0001
Luis_Figo/Luis_Figo_0001 Luis_Figo_0001 Luis_Figo_0001
Luis_Horna/Luis_Horna_0001 Luis_Horna_0001 Luis_Horna_0001
Luis_Horna/Luis_Horna_0002 Luis_Horna_0002 Luis_Horna_0002
Luis_Pujols/Luis_Pujols_0001 Luis_Pujols_0001 Luis_Pujols_0001
Lynn_Abraham/Lynn_Abraham_0001 Lynn_Abraham_0001 Lynn_Abraham_0001
Mack_Brown/Mack_Brown_0001 Mack_Brown_0001 Mack_Brown_0001
Mahmoud_Abbas/Mahmoud_Abbas_0019 Mahmoud_Abbas_0019 Mahmoud_Abbas_0019
Makhdoom_Amin_Fahim/Makhdoom_Amin_Fahim_0001 Makhdoom_Amin_Fahim_0001 Makhdoom_Amin_Fahim_0001
Malcolm_Wild/Malcolm_Wild_0001 Malcolm_Wild_0001 Malcolm_Wild_0001
Mamdouh_Habib/Mamdouh_Habib_0001 Mamdouh_Habib_0001 Mamdouh_Habib_0001
Manijeh_Hekmat/Manijeh_Hekmat_0001 Manijeh_Hekmat_0001 Manijeh_Hekmat_0001
Marc_Anthony/Marc_Anthony_0001 Marc_Anthony_0001 Marc_Anthony_0001
Marcelo_Rios/Marcelo_Rios_0001 Marcelo_Rios_0001 Marcelo_Rios_0001
Marcelo_Rios/Marcelo_Rios_0002 Marcelo_Rios_0002 Marcelo_Rios_0002
Marcelo_Rios/Marcelo_Rios_0004 Marcelo_Rios_0004 Marcelo_Rios_0004
Margie_Puente/Margie_Puente_0001 Margie_Puente_0001 Margie_Puente_0001
Maria_Callas/Maria_Callas_0001 Maria_Callas_0001 Maria_Callas_0001
Marieta_Chrousala/Marieta_Chrousala_0001 Marieta_Chrousala_0001 Marieta_Chrousala_0001
Mario_Cipollini/Mario_Cipollini_0001 Mario_Cipollini_0001 Mario_Cipollini_0001
Mario_Lemieux/Mario_Lemieux_0001 Mario_Lemieux_0001 Mario_Lemieux_0001
Marissa_Jaret_Winokur/Marissa_Jaret_Winokur_0001 Marissa_Jaret_Winokur_0001 Marissa_Jaret_Winokur_0001
Mark_Dacey/Mark_Dacey_0001 Mark_Dacey_0001 Mark_Dacey_0001
Mark_Dacey/Mark_Dacey_0002 Mark_Dacey_0002 Mark_Dacey_0002
Mark_Martin/Mark_Martin_0001 Mark_Martin_0001 Mark_Martin_0001
Mark_Mishkin/Mark_Mishkin_0001 Mark_Mishkin_0001 Mark_Mishkin_0001
Mark_Richt/Mark_Richt_0001 Mark_Richt_0001 Mark_Richt_0001
Mark_Richt/Mark_Richt_0002 Mark_Richt_0002 Mark_Richt_0002
Marricia_Tate/Marricia_Tate_0001 Marricia_Tate_0001 Marricia_Tate_0001
Martha_Burk/Martha_Burk_0002 Martha_Burk_0002 Martha_Burk_0002
Martha_Stewart/Martha_Stewart_0001 Martha_Stewart_0001 Martha_Stewart_0001
Martha_Stewart/Martha_Stewart_0002 Martha_Stewart_0002 Martha_Stewart_0002
Martha_Stewart/Martha_Stewart_0003 Martha_Stewart_0003 Martha_Stewart_0003
Martin_Cauchon/Martin_Cauchon_0001 Martin_Cauchon_0001 Martin_Cauchon_0001
Martin_Sheen/Martin_Sheen_0001 Martin_Sheen_0001 Martin_Sheen_0001
Mary_Landrieu/Mary_Landrieu_0001 Mary_Landrieu_0001 Mary_Landrieu_0001
Maryn_McKenna/Maryn_McKenna_0001 Maryn_McKenna_0001 Maryn_McKenna_0001
Masum_Turker/Masum_Turker_0001 Masum_Turker_0001 Masum_Turker_0001
Matt_Dillon/Matt_Dillon_0001 Matt_Dillon_0001 Matt_Dillon_0001
Matt_Doherty/Matt_Doherty_0001 Matt_Doherty_0001 Matt_Doherty_0001
Matthew_Broderick/Matthew_Broderick_0001 Matthew_Broderick_0001 Matthew_Broderick_0001
Matthew_Broderick/Matthew_Broderick_0002 Matthew_Broderick_0002 Matthew_Broderick_0002
Matthew_Broderick/Matthew_Broderick_0003 Matthew_Broderick_0003 Matthew_Broderick_0003
Matthias_Sammer/Matthias_Sammer_0001 Matthias_Sammer_0001 Matthias_Sammer_0001
Melissa_Etheridge/Melissa_Etheridge_0001 Melissa_Etheridge_0001 Melissa_Etheridge_0001
Melissa_Etheridge/Melissa_Etheridge_0002 Melissa_Etheridge_0002 Melissa_Etheridge_0002
Michael_Jackson/Michael_Jackson_0002 Michael_Jackson_0002 Michael_Jackson_0002
Michael_J_Sheehan/Michael_J_Sheehan_0001 Michael_J_Sheehan_0001 Michael_J_Sheehan_0001
Michael_Linscott/Michael_Linscott_0001 Michael_Linscott_0001 Michael_Linscott_0001
Michael_Phelps/Michael_Phelps_0001 Michael_Phelps_0001 Michael_Phelps_0001
Michael_Phelps/Michael_Phelps_0005 Michael_Phelps_0005 Michael_Phelps_0005
Michael_Sheehan/Michael_Sheehan_0001 Michael_Sheehan_0001 Michael_Sheehan_0001
Michael_Smith_Foster/Michael_Smith_Foster_0001 Michael_Smith_Foster_0001 Michael_Smith_Foster_0001
Michael_Sullivan/Michael_Sullivan_0001 Michael_Sullivan_0001 Michael_Sullivan_0001
Michel_Duclos/Michel_Duclos_0001 Michel_Duclos_0001 Michel_Duclos_0001
Michelle_Yeoh/Michelle_Yeoh_0003 Michelle_Yeoh_0003 Michelle_Yeoh_0003
Michelle_Yeoh/Michelle_Yeoh_0005 Michelle_Yeoh_0005 Michelle_Yeoh_0005
Miguel_Aldana_Ibarra/Miguel_Aldana_Ibarra_0001 Miguel_Aldana_Ibarra_0001 Miguel_Aldana_Ibarra_0001
Miguel_Contreras/Miguel_Contreras_0001 Miguel_Contreras_0001 Miguel_Contreras_0001
Miguel_Jimenez/Miguel_Jimenez_0001 Miguel_Jimenez_0001 Miguel_Jimenez_0001
Mike_Helton/Mike_Helton_0002 Mike_Helton_0002 Mike_Helton_0002
Mike_Leach/Mike_Leach_0001 Mike_Leach_0001 Mike_Leach_0001
Mike_Maroth/Mike_Maroth_0001 Mike_Maroth_0001 Mike_Maroth_0001
Mike_Price/Mike_Price_0001 Mike_Price_0001 Mike_Price_0001
Mike_Slive/Mike_Slive_0001 Mike_Slive_0001 Mike_Slive_0001
Mikhail_Youzhny/Mikhail_Youzhny_0001 Mikhail_Youzhny_0001 Mikhail_Youzhny_0001
Mikhail_Youzhny/Mikhail_Youzhny_0002 Mikhail_Youzhny_0002 Mikhail_Youzhny_0002
Mikulas_Dzurinda/Mikulas_Dzurinda_0001 Mikulas_Dzurinda_0001 Mikulas_Dzurinda_0001
Mikulas_Dzurinda/Mikulas_Dzurinda_0002 Mikulas_Dzurinda_0002 Mikulas_Dzurinda_0002
Miles_Stewart/Miles_Stewart_0001 Miles_Stewart_0001 Miles_Stewart_0001
Mirela_Manjani/Mirela_Manjani_0001 Mirela_Manjani_0001 Mirela_Manjani_0001
Mireya_Moscoso/Mireya_Moscoso_0001 Mireya_Moscoso_0001 Mireya_Moscoso_0001
Mireya_Moscoso/Mireya_Moscoso_0002 Mireya_Moscoso_0002 Mireya_Moscoso_0002
Mitchell_McLaughlin/Mitchell_McLaughlin_0001 Mitchell_McLaughlin_0001 Mitchell_McLaughlin_0001
Mohamed_ElBaradei/Mohamed_ElBaradei_0003 Mohamed_ElBaradei_0003 Mohamed_ElBaradei_0003
Mohamed_ElBaradei/Mohamed_ElBaradei_0004 Mohamed_ElBaradei_0004 Mohamed_ElBaradei_0004
Mohamed_ElBaradei/Mohamed_ElBaradei_0005 Mohamed_ElBaradei_0005 Mohamed_ElBaradei_0005
Mohammed_Baqir_al-Hakim/Mohammed_Baqir_al-Hakim_0003 Mohammed_Baqir_al-Hakim_0003 Mohammed_Baqir_al-Hakim_0003
Mona_Ayoub/Mona_Ayoub_0001 Mona_Ayoub_0001 Mona_Ayoub_0001
Monica_Lewinsky/Monica_Lewinsky_0002 Monica_Lewinsky_0002 Monica_Lewinsky_0002
Mufti_Mohammad_Syed/Mufti_Mohammad_Syed_0001 Mufti_Mohammad_Syed_0001 Mufti_Mohammad_Syed_0001
Muhammad_Ali/Muhammad_Ali_0004 Muhammad_Ali_0004 Muhammad_Ali_0004
Muhammad_Ali/Muhammad_Ali_0006 Muhammad_Ali_0006 Muhammad_Ali_0006
Nancy_Pelosi/Nancy_Pelosi_0002 Nancy_Pelosi_0002 Nancy_Pelosi_0002
Nancy_Pelosi/Nancy_Pelosi_0006 Nancy_Pelosi_0006 Nancy_Pelosi_0006
Nancy_Pelosi/Nancy_Pelosi_0013 Nancy_Pelosi_0013 Nancy_Pelosi_0013
Naomi_Campbell/Naomi_Campbell_0001 Naomi_Campbell_0001 Naomi_Campbell_0001
Naoto_Kan/Naoto_Kan_0002 Naoto_Kan_0002 Naoto_Kan_0002
Nasser_al-Kidwa/Nasser_al-Kidwa_0001 Nasser_al-Kidwa_0001 Nasser_al-Kidwa_0001
Nastassia_Kinski/Nastassia_Kinski_0001 Nastassia_Kinski_0001 Nastassia_Kinski_0001
Natalie_Coughlin/Natalie_Coughlin_0001 Natalie_Coughlin_0001 Natalie_Coughlin_0001
Natalie_Coughlin/Natalie_Coughlin_0003 Natalie_Coughlin_0003 Natalie_Coughlin_0003
Natalie_Maines/Natalie_Maines_0002 Natalie_Maines_0002 Natalie_Maines_0002
Nathalie_Gagnon/Nathalie_Gagnon_0001 Nathalie_Gagnon_0001 Nathalie_Gagnon_0001
Neil_Goldman/Neil_Goldman_0001 Neil_Goldman_0001 Neil_Goldman_0001
Nicanor_Duarte_Frutos/Nicanor_Duarte_Frutos_0008 Nicanor_Duarte_Frutos_0008 Nicanor_Duarte_Frutos_0008
Nick_Reilly/Nick_Reilly_0001 Nick_Reilly_0001 Nick_Reilly_0001
Nicolas_Sarkozy/Nicolas_Sarkozy_0001 Nicolas_Sarkozy_0001 Nicolas_Sarkozy_0001
Noah_Wyle/Noah_Wyle_0001 Noah_Wyle_0001 Noah_Wyle_0001
Norman_Mailer/Norman_Mailer_0001 Norman_Mailer_0001 Norman_Mailer_0001
Norm_Coleman/Norm_Coleman_0002 Norm_Coleman_0002 Norm_Coleman_0002
Oliver_Neuville/Oliver_Neuville_0001 Oliver_Neuville_0001 Oliver_Neuville_0001
Orrin_Hatch/Orrin_Hatch_0001 Orrin_Hatch_0001 Orrin_Hatch_0001
Osama_bin_Laden/Osama_bin_Laden_0002 Osama_bin_Laden_0002 Osama_bin_Laden_0002
Owen_Wilson/Owen_Wilson_0001 Owen_Wilson_0001 Owen_Wilson_0001
Ozzy_Osbourne/Ozzy_Osbourne_0001 Ozzy_Osbourne_0001 Ozzy_Osbourne_0001
Ozzy_Osbourne/Ozzy_Osbourne_0002 Ozzy_Osbourne_0002 Ozzy_Osbourne_0002
Padraig_Harrington/Padraig_Harrington_0001 Padraig_Harrington_0001 Padraig_Harrington_0001
Paris_Hilton/Paris_Hilton_0001 Paris_Hilton_0001 Paris_Hilton_0001
Park_Jie-won/Park_Jie-won_0001 Park_Jie-won_0001 Park_Jie-won_0001
Patrick_Leahy/Patrick_Leahy_0001 Patrick_Leahy_0001 Patrick_Leahy_0001
Patti_Labelle/Patti_Labelle_0001 Patti_Labelle_0001 Patti_Labelle_0001
Patti_Labelle/Patti_Labelle_0002 Patti_Labelle_0002 Patti_Labelle_0002
Patty_Schnyder/Patty_Schnyder_0001 Patty_Schnyder_0001 Patty_Schnyder_0001
Patty_Sheehan/Patty_Sheehan_0001 Patty_Sheehan_0001 Patty_Sheehan_0001
Paula_Prentiss/Paula_Prentiss_0001 Paula_Prentiss_0001 Paula_Prentiss_0001
Paul_Burrell/Paul_Burrell_0004 Paul_Burrell_0004 Paul_Burrell_0004
Paul_Burrell/Paul_Burrell_0005 Paul_Burrell_0005 Paul_Burrell_0005
Paul-Henri_Mathieu/Paul-Henri_Mathieu_0001 Paul-Henri_Mathieu_0001 Paul-Henri_Mathieu_0001
Paul_Hogan/Paul_Hogan_0001 Paul_Hogan_0001 Paul_Hogan_0001
Paul_Kariya/Paul_Kariya_0001 Paul_Kariya_0001 Paul_Kariya_0001
Paul_Martin/Paul_Martin_0001 Paul_Martin_0001 Paul_Martin_0001
Paul_Martin/Paul_Martin_0002 Paul_Martin_0002 Paul_Martin_0002
Paul_Martin/Paul_Martin_0003 Paul_Martin_0003 Paul_Martin_0003
Paul_Michael_Daniels/Paul_Michael_Daniels_0001 Paul_Michael_Daniels_0001 Paul_Michael_Daniels_0001
Paul_Patton/Paul_Patton_0001 Paul_Patton_0001 Paul_Patton_0001
Paul_Sarbanes/Paul_Sarbanes_0002 Paul_Sarbanes_0002 Paul_Sarbanes_0002
Paul_Schrader/Paul_Schrader_0001 Paul_Schrader_0001 Paul_Schrader_0001
Pedro_Malan/Pedro_Malan_0001 Pedro_Malan_0001 Pedro_Malan_0001
Pedro_Malan/Pedro_Malan_0002 Pedro_Malan_0002 Pedro_Malan_0002
Pedro_Martinez/Pedro_Martinez_0001 Pedro_Martinez_0001 Pedro_Martinez_0001
Penelope_Cruz/Penelope_Cruz_0001 Penelope_Cruz_0001 Penelope_Cruz_0001
Peter_Fitzgerald/Peter_Fitzgerald_0001 Peter_Fitzgerald_0001 Peter_Fitzgerald_0001
Peter_Greenaway/Peter_Greenaway_0001 Peter_Greenaway_0001 Peter_Greenaway_0001
Phil_Jackson/Phil_Jackson_0001 Phil_Jackson_0001 Phil_Jackson_0001
Phillipe_Comtois/Phillipe_Comtois_0001 Phillipe_Comtois_0001 Phillipe_Comtois_0001
Pierce_Brosnan/Pierce_Brosnan_0004 Pierce_Brosnan_0004 Pierce_Brosnan_0004
Pierce_Brosnan/Pierce_Brosnan_0007 Pierce_Brosnan_0007 Pierce_Brosnan_0007
Pierre_Boulanger/Pierre_Boulanger_0001 Pierre_Boulanger_0001 Pierre_Boulanger_0001
Princess_Diana/Princess_Diana_0001 Princess_Diana_0001 Princess_Diana_0001
Priscilla_Presley/Priscilla_Presley_0001 Priscilla_Presley_0001 Priscilla_Presley_0001
Rachel_Griffiths/Rachel_Griffiths_0001 Rachel_Griffiths_0001 Rachel_Griffiths_0001
Rachel_Hunter/Rachel_Hunter_0002 Rachel_Hunter_0002 Rachel_Hunter_0002
Ralf_Schumacher/Ralf_Schumacher_0001 Ralf_Schumacher_0001 Ralf_Schumacher_0001
Rebecca_Romijn-Stamos/Rebecca_Romijn-Stamos_0002 Rebecca_Romijn-Stamos_0002 Rebecca_Romijn-Stamos_0002
Rebecca_Romijn-Stamos/Rebecca_Romijn-Stamos_0003 Rebecca_Romijn-Stamos_0003 Rebecca_Romijn-Stamos_0003
Reese_Witherspoon/Reese_Witherspoon_0001 Reese_Witherspoon_0001 Reese_Witherspoon_0001
Ricardo_Maduro/Ricardo_Maduro_0001 Ricardo_Maduro_0001 Ricardo_Maduro_0001
Richard_Butler/Richard_Butler_0001 Richard_Butler_0001 Richard_Butler_0001
Richard_Gere/Richard_Gere_0001 Richard_Gere_0001 Richard_Gere_0001
Richard_Gere/Richard_Gere_0006 Richard_Gere_0006 Richard_Gere_0006
Richard_Norton-Taylor/Richard_Norton-Taylor_0001 Richard_Norton-Taylor_0001 Richard_Norton-Taylor_0001
Richard_Pennington/Richard_Pennington_0001 Richard_Pennington_0001 Richard_Pennington_0001
Richard_Shelby/Richard_Shelby_0001 Richard_Shelby_0001 Richard_Shelby_0001
Rich_Gannon/Rich_Gannon_0001 Rich_Gannon_0001 Rich_Gannon_0001
Richie_Adubato/Richie_Adubato_0001 Richie_Adubato_0001 Richie_Adubato_0001
Rick_Caruso/Rick_Caruso_0001 Rick_Caruso_0001 Rick_Caruso_0001
Rick_Dinse/Rick_Dinse_0001 Rick_Dinse_0001 Rick_Dinse_0001
Rick_Perry/Rick_Perry_0001 Rick_Perry_0001 Rick_Perry_0001
Rick_Perry/Rick_Perry_0002 Rick_Perry_0002 Rick_Perry_0002
Rick_Perry/Rick_Perry_0006 Rick_Perry_0006 Rick_Perry_0006
Rick_Pitino/Rick_Pitino_0001 Rick_Pitino_0001 Rick_Pitino_0001
Rick_Romley/Rick_Romley_0001 Rick_Romley_0001 Rick_Romley_0001
Rick_Wagoner/Rick_Wagoner_0001 Rick_Wagoner_0001 Rick_Wagoner_0001
Ricky_Cottrill/Ricky_Cottrill_0001 Ricky_Cottrill_0001 Ricky_Cottrill_0001
Robbie_Fowler/Robbie_Fowler_0001 Robbie_Fowler_0001 Robbie_Fowler_0001
Robby_Ginepri/Robby_Ginepri_0001 Robby_Ginepri_0001 Robby_Ginepri_0001
Robert_Flodquist/Robert_Flodquist_0001 Robert_Flodquist_0001 Robert_Flodquist_0001
Robert_Horan/Robert_Horan_0001 Robert_Horan_0001 Robert_Horan_0001
Robert_Mueller/Robert_Mueller_0001 Robert_Mueller_0001 Robert_Mueller_0001
Robert_Redford/Robert_Redford_0002 Robert_Redford_0002 Robert_Redford_0002
Robert_Redford/Robert_Redford_0004 Robert_Redford_0004 Robert_Redford_0004
Robert_Redford/Robert_Redford_0007 Robert_Redford_0007 Robert_Redford_0007
Rob_Schneider/Rob_Schneider_0001 Rob_Schneider_0001 Rob_Schneider_0001
Rod_Blagojevich/Rod_Blagojevich_0001 Rod_Blagojevich_0001 Rod_Blagojevich_0001
Rod_Stewart/Rod_Stewart_0001 Rod_Stewart_0001 Rod_Stewart_0001
Rod_Stewart/Rod_Stewart_0003 Rod_Stewart_0003 Rod_Stewart_0003
Rod_Thorn/Rod_Thorn_0001 Rod_Thorn_0001 Rod_Thorn_0001
Ronaldo_Luis_Nazario_de_Lima/Ronaldo_Luis_Nazario_de_Lima_0001 Ronaldo_Luis_Nazario_de_Lima_0001 Ronaldo_Luis_Nazario_de_Lima_0001
Ron_Howard/Ron_Howard_0001 Ron_Howard_0001 Ron_Howard_0001
Roy_Moore/Roy_Moore_0002 Roy_Moore_0002 Roy_Moore_0002
Rupert_Grint/Rupert_Grint_0002 Rupert_Grint_0002 Rupert_Grint_0002
Russell_Coutts/Russell_Coutts_0001 Russell_Coutts_0001 Russell_Coutts_0001
Russell_Crowe/Russell_Crowe_0001 Russell_Crowe_0001 Russell_Crowe_0001
Salma_Hayek/Salma_Hayek_0001 Salma_Hayek_0001 Salma_Hayek_0001
Salma_Hayek/Salma_Hayek_0008 Salma_Hayek_0008 Salma_Hayek_0008
Sami_Al-Arian/Sami_Al-Arian_0001 Sami_Al-Arian_0001 Sami_Al-Arian_0001
Sarah_Canale/Sarah_Canale_0001 Sarah_Canale_0001 Sarah_Canale_0001
Sarah_Jessica_Parker/Sarah_Jessica_Parker_0005 Sarah_Jessica_Parker_0005 Sarah_Jessica_Parker_0005
Sasha_Cohen/Sasha_Cohen_0001 Sasha_Cohen_0001 Sasha_Cohen_0001
Scott_Dalton/Scott_Dalton_0001 Scott_Dalton_0001 Scott_Dalton_0001
Scott_McNealy/Scott_McNealy_0001 Scott_McNealy_0001 Scott_McNealy_0001
Sean_Astin/Sean_Astin_0001 Sean_Astin_0001 Sean_Astin_0001
Sean_OKeefe/Sean_OKeefe_0004 Sean_OKeefe_0004 Sean_OKeefe_0004
Sean_Patrick_OMalley/Sean_Patrick_OMalley_0001 Sean_Patrick_OMalley_0001 Sean_Patrick_OMalley_0001
Sean_Patrick_OMalley/Sean_Patrick_OMalley_0002 Sean_Patrick_OMalley_0002 Sean_Patrick_OMalley_0002
Sean_Penn/Sean_Penn_0002 Sean_Penn_0002 Sean_Penn_0002
Sergey_Lavrov/Sergey_Lavrov_0001 Sergey_Lavrov_0001 Sergey_Lavrov_0001
Sergio_Castellitto/Sergio_Castellitto_0001 Sergio_Castellitto_0001 Sergio_Castellitto_0001
Seth_Gorney/Seth_Gorney_0001 Seth_Gorney_0001 Seth_Gorney_0001
Shane_Mosley/Shane_Mosley_0001 Shane_Mosley_0001 Shane_Mosley_0001
Shannon_OBrien/Shannon_OBrien_0001 Shannon_OBrien_0001 Shannon_OBrien_0001
Sheila_Taormina/Sheila_Taormina_0001 Sheila_Taormina_0001 Sheila_Taormina_0001
Sheila_Wellstone/Sheila_Wellstone_0001 Sheila_Wellstone_0001 Sheila_Wellstone_0001
Silvio_Berlusconi/Silvio_Berlusconi_0014 Silvio_Berlusconi_0014 Silvio_Berlusconi_0014
Spencer_Abraham/Spencer_Abraham_0012 Spencer_Abraham_0012 Spencer_Abraham_0012
Stan_Heath/Stan_Heath_0001 Stan_Heath_0001 Stan_Heath_0001
Stefano_Accorsi/Stefano_Accorsi_0001 Stefano_Accorsi_0001 Stefano_Accorsi_0001
Stefano_Gabbana/Stefano_Gabbana_0001 Stefano_Gabbana_0001 Stefano_Gabbana_0001
Steve_Lavin/Steve_Lavin_0001 Steve_Lavin_0001 Steve_Lavin_0001
Steven_Hatfill/Steven_Hatfill_0001 Steven_Hatfill_0001 Steven_Hatfill_0001
Steve_Wariner/Steve_Wariner_0001 Steve_Wariner_0001 Steve_Wariner_0001
Steve_Zahn/Steve_Zahn_0001 Steve_Zahn_0001 Steve_Zahn_0001
Surakait_Sathirathai/Surakait_Sathirathai_0001 Surakait_Sathirathai_0001 Surakait_Sathirathai_0001
Susan_Collins/Susan_Collins_0001 Susan_Collins_0001 Susan_Collins_0001
Susan_Whelan/Susan_Whelan_0001 Susan_Whelan_0001 Susan_Whelan_0001
Susie_Castillo/Susie_Castillo_0001 Susie_Castillo_0001 Susie_Castillo_0001
Svetlana_Koroleva/Svetlana_Koroleva_0001 Svetlana_Koroleva_0001 Svetlana_Koroleva_0001
Takeo_Fukui/Takeo_Fukui_0001 Takeo_Fukui_0001 Takeo_Fukui_0001
Tamara_Mowry/Tamara_Mowry_0001 Tamara_Mowry_0001 Tamara_Mowry_0001
Tammy_Lynn_Michaels/Tammy_Lynn_Michaels_0001 Tammy_Lynn_Michaels_0001 Tammy_Lynn_Michaels_0001
Tang_Jiaxuan/Tang_Jiaxuan_0001 Tang_Jiaxuan_0001 Tang_Jiaxuan_0001
Tassos_Papadopoulos/Tassos_Papadopoulos_0001 Tassos_Papadopoulos_0001 Tassos_Papadopoulos_0001
Tatiana_Kennedy_Schlossberg/Tatiana_Kennedy_Schlossberg_0001 Tatiana_Kennedy_Schlossberg_0001 Tatiana_Kennedy_Schlossberg_0001
Terry_McAuliffe/Terry_McAuliffe_0001 Terry_McAuliffe_0001 Terry_McAuliffe_0001
Thabo_Mbeki/Thabo_Mbeki_0004 Thabo_Mbeki_0004 Thabo_Mbeki_0004
Thaksin_Shinawatra/Thaksin_Shinawatra_0001 Thaksin_Shinawatra_0001 Thaksin_Shinawatra_0001
Thaksin_Shinawatra/Thaksin_Shinawatra_0003 Thaksin_Shinawatra_0003 Thaksin_Shinawatra_0003
Theodore_Tweed_Roosevelt/Theodore_Tweed_Roosevelt_0002 Theodore_Tweed_Roosevelt_0002 Theodore_Tweed_Roosevelt_0002
Thomas_OBrien/Thomas_OBrien_0008 Thomas_OBrien_0008 Thomas_OBrien_0008
Tim_Allen/Tim_Allen_0001 Tim_Allen_0001 Tim_Allen_0001
Tim_Allen/Tim_Allen_0002 Tim_Allen_0002 Tim_Allen_0002
Tim_Curry/Tim_Curry_0001 Tim_Curry_0001 Tim_Curry_0001
Tippi_Hedren/Tippi_Hedren_0001 Tippi_Hedren_0001 Tippi_Hedren_0001
Todd_Haynes/Todd_Haynes_0001 Todd_Haynes_0001 Todd_Haynes_0001
Todd_Petit/Todd_Petit_0001 Todd_Petit_0001 Todd_Petit_0001
Tom_Coverdale/Tom_Coverdale_0001 Tom_Coverdale_0001 Tom_Coverdale_0001
Tom_Cruise/Tom_Cruise_0001 Tom_Cruise_0001 Tom_Cruise_0001
Tom_Cruise/Tom_Cruise_0002 Tom_Cruise_0002 Tom_Cruise_0002
Tom_Cruise/Tom_Cruise_0004 Tom_Cruise_0004 Tom_Cruise_0004
Tommy_Haas/Tommy_Haas_0002 Tommy_Haas_0002 Tommy_Haas_0002
Tomoko_Hagiwara/Tomoko_Hagiwara_0001 Tomoko_Hagiwara_0001 Tomoko_Hagiwara_0001
Tony_Shalhoub/Tony_Shalhoub_0001 Tony_Shalhoub_0001 Tony_Shalhoub_0001
Tracee_Ellis_Ross/Tracee_Ellis_Ross_0001 Tracee_Ellis_Ross_0001 Tracee_Ellis_Ross_0001
Tyler_Hamilton/Tyler_Hamilton_0001 Tyler_Hamilton_0001 Tyler_Hamilton_0001
Vaclav_Havel/Vaclav_Havel_0001 Vaclav_Havel_0001 Vaclav_Havel_0001
Vicente_Fernandez/Vicente_Fernandez_0002 Vicente_Fernandez_0002 Vicente_Fernandez_0002
Vicente_Fernandez/Vicente_Fernandez_0004 Vicente_Fernandez_0004 Vicente_Fernandez_0004
Victoria_Beckham/Victoria_Beckham_0002 Victoria_Beckham_0002 Victoria_Beckham_0002
Vincent_Brooks/Vincent_Brooks_0001 Vincent_Brooks_0001 Vincent_Brooks_0001
Vincent_Brooks/Vincent_Brooks_0002 Vincent_Brooks_0002 Vincent_Brooks_0002
Warren_Beatty/Warren_Beatty_0001 Warren_Beatty_0001 Warren_Beatty_0001
Warren_Buffett/Warren_Buffett_0001 Warren_Buffett_0001 Warren_Buffett_0001
Wesley_Clark/Wesley_Clark_0001 Wesley_Clark_0001 Wesley_Clark_0001
William_Burns/William_Burns_0001 William_Burns_0001 William_Burns_0001
William_Macy/William_Macy_0001 William_Macy_0001 William_Macy_0001
William_Macy/William_Macy_0002 William_Macy_0002 William_Macy_0002
William_Macy/William_Macy_0003 William_Macy_0003 William_Macy_0003
William_Rehnquist/William_Rehnquist_0001 William_Rehnquist_0001 William_Rehnquist_0001
Will_Smith/Will_Smith_0001 Will_Smith_0001 Will_Smith_0001
Winona_Ryder/Winona_Ryder_0006 Winona_Ryder_0006 Winona_Ryder_0006
Winona_Ryder/Winona_Ryder_0019 Winona_Ryder_0019 Winona_Ryder_0019
Yevgeny_Kafelnikov/Yevgeny_Kafelnikov_0003 Yevgeny_Kafelnikov_0003 Yevgeny_Kafelnikov_0003
Yoriko_Kawaguchi/Yoriko_Kawaguchi_0003 Yoriko_Kawaguchi_0003 Yoriko_Kawaguchi_0003
Zoran_Djindjic/Zoran_Djindjic_0003 Zoran_Djindjic_0003 Zoran_Djindjic_0003
