Abel_Pacheco/Abel_Pacheco_0004 Abel_Pacheco_0001 Abel_Pacheco_0001
Akhmed_Zakayev/Akhmed_Zakayev_0003 Akhmed_Zakayev_0001 Akhmed_Zakayev_0001
Akhmed_Zakayev/Akhmed_Zakayev_0003 Akhmed_Zakayev_0002 Akhmed_Zakayev_0002
Amber_Tamblyn/Amber_Tamblyn_0002 Amber_Tamblyn_0001 Amber_Tamblyn_0001
Anders_Fogh_Rasmussen/Anders_Fogh_Rasmussen_0003 Anders_Fogh_Rasmussen_0001 Anders_Fogh_Rasmussen_0001
Anders_Fogh_Rasmussen/Anders_Fogh_Rasmussen_0004 Anders_Fogh_Rasmussen_0001 Anders_Fogh_Rasmussen_0001
Angela_Bassett/Angela_Bassett_0005 Angela_Bassett_0001 Angela_Bassett_0001
Angela_Bassett/Angela_Bassett_0005 Angela_Bassett_0002 Angela_Bassett_0002
Angela_Bassett/Angela_Bassett_0004 Angela_Bassett_0003 Angela_Bassett_0003
Ann_Veneman/Ann_Veneman_0005 Ann_Veneman_0003 Ann_Veneman_0003
Ann_Veneman/Ann_Veneman_0010 Ann_Veneman_0006 Ann_Veneman_0006
Ann_Veneman/Ann_Veneman_0011 Ann_Veneman_0010 Ann_Veneman_0010
Anthony_Fauci/Anthony_Fauci_0002 Anthony_Fauci_0001 Anthony_Fauci_0001
Antony_Leung/Antony_Leung_0002 Antony_Leung_0001 Antony_Leung_0001
Antony_Leung/Antony_Leung_0003 Antony_Leung_0002 Antony_Leung_0002
Anwar_Ibrahim/Anwar_Ibrahim_0002 Anwar_Ibrahim_0001 Anwar_Ibrahim_0001
Augusto_Pinochet/Augusto_Pinochet_0002 Augusto_Pinochet_0001 Augusto_Pinochet_0001
Barbara_Brezigar/Barbara_Brezigar_0002 Barbara_Brezigar_0001 Barbara_Brezigar_0001
Benjamin_Netanyahu/Benjamin_Netanyahu_0001 Amber_Tamblyn_0002 Benjamin_Netanyahu_0001
Benjamin_Netanyahu/Benjamin_Netanyahu_0004 Benjamin_Netanyahu_0001 Benjamin_Netanyahu_0001
Benjamin_Netanyahu/Benjamin_Netanyahu_0005 Benjamin_Netanyahu_0004 Benjamin_Netanyahu_0004
Bernard_Law/Bernard_Law_0003 Bernard_Law_0002 Bernard_Law_0002
Bernard_Law/Bernard_Law_0004 Bernard_Law_0003 Bernard_Law_0003
Bertrand_Bonello/Bertrand_Bonello_0001 Alan_Dershowitz_0001 Bertrand_Bonello_0001
Bertrand_Bonello/Bertrand_Bonello_0002 Bertrand_Bonello_0001 Bertrand_Bonello_0001
Bill_Frist/Bill_Frist_0009 Bill_Frist_0002 Bill_Frist_0002
Bill_Frist/Bill_Frist_0005 Bill_Frist_0004 Bill_Frist_0004
Bill_Nelson/Bill_Nelson_0002 Alfonso_Soriano_0001 Bill_Nelson_0002
Bill_Stapleton/Bill_Stapleton_0001 Atom_Egoyan_0001 Bill_Stapleton_0001
Bob_Graham/Bob_Graham_0004 Bob_Graham_0002 Bob_Graham_0002
Bob_Graham/Bob_Graham_0006 Bob_Graham_0003 Bob_Graham_0003
Bob_Graham/Bob_Graham_0006 Bob_Graham_0004 Bob_Graham_0004
Bob_Graham/Bob_Graham_0006 Bob_Graham_0005 Bob_Graham_0005
Boris_Becker/Boris_Becker_0006 Boris_Becker_0002 Boris_Becker_0002
Brad_Johnson/Brad_Johnson_0003 Brad_Johnson_0001 Brad_Johnson_0001
Brad_Johnson/Brad_Johnson_0003 Brad_Johnson_0002 Brad_Johnson_0002
Brad_Johnson/Brad_Johnson_0004 Brad_Johnson_0002 Brad_Johnson_0002
Brad_Russ/Brad_Russ_0001 Bill_Maher_0001 Brad_Russ_0001
Brian_Griese/Brian_Griese_0002 Brian_Griese_0001 Brian_Griese_0001
Candice_Bergen/Candice_Bergen_0002 Candice_Bergen_0001 Candice_Bergen_0001
Candice_Bergen/Candice_Bergen_0003 Candice_Bergen_0002 Candice_Bergen_0002
Carla_Myers/Carla_Myers_0002 Carla_Myers_0001 Carla_Myers_0001
Cathy_Freeman/Cathy_Freeman_0002 Cathy_Freeman_0001 Cathy_Freeman_0001
Cecilia_Cheung/Cecilia_Cheung_0001 Alonzo_Mourning_0001 Cecilia_Cheung_0001
Chang_Dae-whan/Chang_Dae-whan_0002 Chang_Dae-whan_0001 Chang_Dae-whan_0001
Charles_Grassley/Charles_Grassley_0002 Charles_Grassley_0001 Charles_Grassley_0001
Chen_Tsai-chin/Chen_Tsai-chin_0001 Bill_Bradley_0001 Chen_Tsai-chin_0001
Chuck_Eidson/Chuck_Eidson_0001 Choi_Yun-yong_0001 Chuck_Eidson_0001
Clare_Short/Clare_Short_0003 Clare_Short_0001 Clare_Short_0001
Clare_Short/Clare_Short_0004 Clare_Short_0001 Clare_Short_0001
Corinne_Coman/Corinne_Coman_0002 Corinne_Coman_0001 Corinne_Coman_0001
Dai_Bachtiar/Dai_Bachtiar_0002 Dai_Bachtiar_0001 Dai_Bachtiar_0001
Dale_Earnhardt_Jr/Dale_Earnhardt_Jr_0003 Dale_Earnhardt_Jr_0001 Dale_Earnhardt_Jr_0001
Darvis_Patton/Darvis_Patton_0001 Coco_dEste_0001 Darvis_Patton_0001
Daryl_Parks/Daryl_Parks_0001 Cecilia_Cheung_0001 Daryl_Parks_0001
Daryl_Sabara/Daryl_Sabara_0001 Armand_Sargen_0001 Daryl_Sabara_0001
David_Alpay/David_Alpay_0001 Anwar_Ibrahim_0001 David_Alpay_0001
David_Bell/David_Bell_0001 Cho_Myung-kyun_0001 David_Bell_0001
David_Caruso/David_Caruso_0002 David_Caruso_0001 David_Caruso_0001
Dean_Barker/Dean_Barker_0001 Abdel_Madi_Shabneh_0001 Dean_Barker_0001
Demi_Moore/Demi_Moore_0003 Demi_Moore_0001 Demi_Moore_0001
Dereck_Whittenburg/Dereck_Whittenburg_0001 Chen_Tsai-chin_0001 Dereck_Whittenburg_0001
Dick_Vermeil/Dick_Vermeil_0002 Dick_Vermeil_0001 Dick_Vermeil_0001
Dimitar_Berbatov/Dimitar_Berbatov_0001 Andy_Wisecarver_0001 Dimitar_Berbatov_0001
Don_Carcieri/Don_Carcieri_0001 Clare_Short_0004 Don_Carcieri_0001
Donna_Morrissey/Donna_Morrissey_0001 Akhmed_Zakayev_0002 Donna_Morrissey_0001
Doris_Roberts/Doris_Roberts_0002 Doris_Roberts_0001 Doris_Roberts_0001
Doris_Roberts/Doris_Roberts_0003 Doris_Roberts_0001 Doris_Roberts_0001
Doris_Roberts/Doris_Roberts_0002 Barbara_Brezigar_0002 Doris_Roberts_0002
Drew_Barrymore/Drew_Barrymore_0002 Drew_Barrymore_0001 Drew_Barrymore_0001
Dwayne_Wade/Dwayne_Wade_0001 Afton_Smith_0001 Dwayne_Wade_0001
Dwayne_Wade/Dwayne_Wade_0001 Bob_Graham_0002 Dwayne_Wade_0001
Edmund_Stoiber/Edmund_Stoiber_0007 Edmund_Stoiber_0004 Edmund_Stoiber_0004
Edmund_Stoiber/Edmund_Stoiber_0005 Andrew_Shutley_0001 Edmund_Stoiber_0005
Edmund_Stoiber/Edmund_Stoiber_0007 Edmund_Stoiber_0005 Edmund_Stoiber_0005
Edmund_Stoiber/Edmund_Stoiber_0012 Edmund_Stoiber_0007 Edmund_Stoiber_0007
Edmund_Stoiber/Edmund_Stoiber_0011 Edmund_Stoiber_0009 Edmund_Stoiber_0009
Elinor_Caplan/Elinor_Caplan_0002 Elinor_Caplan_0001 Elinor_Caplan_0001
Eliza_Dushku/Eliza_Dushku_0001 Anthony_Carter_0001 Eliza_Dushku_0001
Emily_Stevens/Emily_Stevens_0001 Carlos_Paternina_0001 Emily_Stevens_0001
Emmanuelle_Beart/Emmanuelle_Beart_0002 Emmanuelle_Beart_0001 Emmanuelle_Beart_0001
Emmanuelle_Beart/Emmanuelle_Beart_0003 Emmanuelle_Beart_0001 Emmanuelle_Beart_0001
Ernie_Grunfeld/Ernie_Grunfeld_0001 Bart_Freundlich_0001 Ernie_Grunfeld_0001
Federico_Trillo/Federico_Trillo_0002 Federico_Trillo_0001 Federico_Trillo_0001
Federico_Trillo/Federico_Trillo_0003 Federico_Trillo_0001 Federico_Trillo_0001
Federico_Trillo/Federico_Trillo_0003 Federico_Trillo_0002 Federico_Trillo_0002
Fernando_Sanz/Fernando_Sanz_0001 Cho_Myung-kyun_0001 Fernando_Sanz_0001
Francis_Ford_Coppola/Francis_Ford_Coppola_0001 Carlo_Azeglio_Ciampi_0001 Francis_Ford_Coppola_0001
Francis_Ford_Coppola/Francis_Ford_Coppola_0002 Francis_Ford_Coppola_0001 Francis_Ford_Coppola_0001
Frank_Beamer/Frank_Beamer_0001 Benjamin_Netanyahu_0005 Frank_Beamer_0001
Frank_Beamer/Frank_Beamer_0001 Corinne_Coman_0002 Frank_Beamer_0001
Frank_Coraci/Frank_Coraci_0001 Ernie_Grunfeld_0001 Frank_Coraci_0001
Fred_Thompson/Fred_Thompson_0001 Demi_Moore_0002 Fred_Thompson_0001
Fred_Thompson/Fred_Thompson_0002 Fred_Thompson_0001 Fred_Thompson_0001
Fred_Thompson/Fred_Thompson_0003 Fred_Thompson_0001 Fred_Thompson_0001
Fred_Thompson/Fred_Thompson_0003 Fred_Thompson_0002 Fred_Thompson_0002
Garry_McCoy/Garry_McCoy_0001 Benjamin_Martinez_0001 Garry_McCoy_0001
Garry_Trudeau/Garry_Trudeau_0002 Garry_Trudeau_0001 Garry_Trudeau_0001
Gary_Gitnick/Gary_Gitnick_0001 Dave_Tucker_0001 Gary_Gitnick_0001
Gary_Williams/Gary_Williams_0002 Gary_Williams_0001 Gary_Williams_0001
Gene_Robinson/Gene_Robinson_0002 Gene_Robinson_0001 Gene_Robinson_0001
Gene_Robinson/Gene_Robinson_0003 Gene_Robinson_0001 Gene_Robinson_0001
Gene_Robinson/Gene_Robinson_0003 Gene_Robinson_0002 Gene_Robinson_0002
George_Galloway/George_Galloway_0003 George_Galloway_0001 George_Galloway_0001
George_Galloway/George_Galloway_0003 George_Galloway_0002 George_Galloway_0002
George_Galloway/George_Galloway_0004 George_Galloway_0002 George_Galloway_0002
George_Lucas/George_Lucas_0001 Eliza_Dushku_0001 George_Lucas_0001
Georgia_Giddings/Georgia_Giddings_0001 Cho_Myung-kyun_0001 Georgia_Giddings_0001
Georgia_Giddings/Georgia_Giddings_0001 Eriko_Tamura_0001 Georgia_Giddings_0001
Geraldine_Chaplin/Geraldine_Chaplin_0002 Geraldine_Chaplin_0001 Geraldine_Chaplin_0001
Geraldine_Chaplin/Geraldine_Chaplin_0004 Geraldine_Chaplin_0001 Geraldine_Chaplin_0001
Geraldine_Chaplin/Geraldine_Chaplin_0004 Geraldine_Chaplin_0003 Geraldine_Chaplin_0003
Geraldine_Chaplin/Geraldine_Chaplin_0004 Bob_Petrino_0001 Geraldine_Chaplin_0004
Gerardo_Gambala/Gerardo_Gambala_0002 Gerardo_Gambala_0001 Gerardo_Gambala_0001
Gerard_Tronche/Gerard_Tronche_0001 Darvis_Patton_0001 Gerard_Tronche_0001
Giancarlo_Fisichella/Giancarlo_Fisichella_0001 Abdel_Madi_Shabneh_0001 Giancarlo_Fisichella_0001
Gian_Marco/Gian_Marco_0002 Gian_Marco_0001 Gian_Marco_0001
Gian_Marco/Gian_Marco_0003 Gian_Marco_0002 Gian_Marco_0002
Gillian_Anderson/Gillian_Anderson_0001 Bill_Nelson_0002 Gillian_Anderson_0001
Gillian_Anderson/Gillian_Anderson_0002 Gillian_Anderson_0001 Gillian_Anderson_0001
Gordon_Brown/Gordon_Brown_0009 Gordon_Brown_0006 Gordon_Brown_0006
Gordon_Brown/Gordon_Brown_0013 Gordon_Brown_0010 Gordon_Brown_0010
Grant_Hackett/Grant_Hackett_0002 Grant_Hackett_0001 Grant_Hackett_0001
Grant_Hackett/Grant_Hackett_0003 Grant_Hackett_0001 Grant_Hackett_0001
Grant_Hackett/Grant_Hackett_0005 Grant_Hackett_0001 Grant_Hackett_0001
Gray_Davis/Gray_Davis_0022 Gray_Davis_0007 Gray_Davis_0007
Gray_Davis/Gray_Davis_0026 Gray_Davis_0021 Gray_Davis_0021
Gregg_Popovich/Gregg_Popovich_0005 Gregg_Popovich_0001 Gregg_Popovich_0001
Gregg_Popovich/Gregg_Popovich_0004 Gregg_Popovich_0003 Gregg_Popovich_0003
Guus_Hiddink/Guus_Hiddink_0001 Daryl_Parks_0001 Guus_Hiddink_0001
Guy_Ritchie/Guy_Ritchie_0002 Guy_Ritchie_0001 Guy_Ritchie_0001
Hamid_Efendi/Hamid_Efendi_0001 Carl_Reiner_0001 Hamid_Efendi_0001
Hamzah_Haz/Hamzah_Haz_0002 Hamzah_Haz_0001 Hamzah_Haz_0001
Hana_Urushima/Hana_Urushima_0001 Brad_Russ_0001 Hana_Urushima_0001
Harbhajan_Singh/Harbhajan_Singh_0002 Harbhajan_Singh_0001 Harbhajan_Singh_0001
Heather_Chinnock/Heather_Chinnock_0001 Alexander_Lukashenko_0001 Heather_Chinnock_0001
Helen_Alvare/Helen_Alvare_0001 Bill_Bradley_0001 Helen_Alvare_0001
Helen_Alvare/Helen_Alvare_0001 Fred_Thompson_0002 Helen_Alvare_0001
Henry_Castellanos/Henry_Castellanos_0001 Andrew_Gilligan_0001 Henry_Castellanos_0001
Henry_Castellanos/Henry_Castellanos_0001 Dario_Franchitti_0001 Henry_Castellanos_0001
Herb_Dhaliwal/Herb_Dhaliwal_0001 Billy_Bob_Thornton_0001 Herb_Dhaliwal_0001
Herb_Dhaliwal/Herb_Dhaliwal_0001 Guy_Ritchie_0002 Herb_Dhaliwal_0001
Hilary_McKay/Hilary_McKay_0001 Darren_Campel_0001 Hilary_McKay_0001
Hilary_McKay/Hilary_McKay_0001 Elinor_Caplan_0001 Hilary_McKay_0001
Hilary_McKay/Hilary_McKay_0001 Hamzah_Haz_0002 Hilary_McKay_0001
Hootie_Johnson/Hootie_Johnson_0002 Hootie_Johnson_0001 Hootie_Johnson_0001
Howard_Stern/Howard_Stern_0001 Dave_Johnson_0001 Howard_Stern_0001
Howard_Stern/Howard_Stern_0001 Garry_Witherall_0001 Howard_Stern_0001
Hugo_Chavez/Hugo_Chavez_0027 Hugo_Chavez_0002 Hugo_Chavez_0002
Hugo_Chavez/Hugo_Chavez_0053 Hugo_Chavez_0027 Hugo_Chavez_0027
Hugo_Chavez/Hugo_Chavez_0051 Hugo_Chavez_0036 Hugo_Chavez_0036
Hugo_Chavez/Hugo_Chavez_0050 Hugo_Chavez_0041 Hugo_Chavez_0041
Hugo_Chavez/Hugo_Chavez_0056 Hugo_Chavez_0045 Hugo_Chavez_0045
Hung_Wan-ting/Hung_Wan-ting_0001 Herb_Dhaliwal_0001 Hung_Wan-ting_0001
Ian_Smith/Ian_Smith_0001 Calbert_Cheaney_0001 Ian_Smith_0001
Ingrid_Betancourt/Ingrid_Betancourt_0001 Garry_Witherall_0001 Ingrid_Betancourt_0001
Isaiah_Washington/Isaiah_Washington_0002 Isaiah_Washington_0001 Isaiah_Washington_0001
Itzhak_Perlman/Itzhak_Perlman_0001 Eliza_Dushku_0001 Itzhak_Perlman_0001
Ivana_Trump/Ivana_Trump_0001 Imam_Samudra_0001 Ivana_Trump_0001
Jack_Grubman/Jack_Grubman_0002 Jack_Grubman_0001 Jack_Grubman_0001
Jacques_Rogge/Jacques_Rogge_0009 Jacques_Rogge_0001 Jacques_Rogge_0001
Jacques_Rogge/Jacques_Rogge_0007 Jacques_Rogge_0003 Jacques_Rogge_0003
Jacques_Rogge/Jacques_Rogge_0010 Jacques_Rogge_0003 Jacques_Rogge_0003
Jacques_Rogge/Jacques_Rogge_0006 Jacques_Rogge_0004 Jacques_Rogge_0004
Jacques_Rogge/Jacques_Rogge_0009 Jacques_Rogge_0004 Jacques_Rogge_0004
Jacques_Rogge/Jacques_Rogge_0008 Jacques_Rogge_0005 Jacques_Rogge_0005
Jacques_Rogge/Jacques_Rogge_0008 Jacques_Rogge_0006 Jacques_Rogge_0006
James_Caan/James_Caan_0002 James_Caan_0001 James_Caan_0001
James_Caan/James_Caan_0003 James_Caan_0001 James_Caan_0001
James_Caan/James_Caan_0003 James_Caan_0002 James_Caan_0002
James_Comey/James_Comey_0001 Ahmad_Jbarah_0001 James_Comey_0001
James_Jones/James_Jones_0002 James_Jones_0001 James_Jones_0001
Jamling_Norgay/Jamling_Norgay_0002 Jamling_Norgay_0001 Jamling_Norgay_0001
Janez_Drnovsek/Janez_Drnovsek_0001 Emily_Stevens_0001 Janez_Drnovsek_0001
Janica_Kostelic/Janica_Kostelic_0001 Don_Carcieri_0001 Janica_Kostelic_0001
Janica_Kostelic/Janica_Kostelic_0002 Janica_Kostelic_0001 Janica_Kostelic_0001
Janis_Ruth_Coulter/Janis_Ruth_Coulter_0001 Atom_Egoyan_0001 Janis_Ruth_Coulter_0001
Jason_Priestley/Jason_Priestley_0001 Alfonso_Cuaron_0001 Jason_Priestley_0001
Jean-Francois_Lemounier/Jean-Francois_Lemounier_0001 Abel_Pacheco_0002 Jean-Francois_Lemounier_0001
Jean-Francois_Lemounier/Jean-Francois_Lemounier_0001 Heather_Chinnock_0001 Jean-Francois_Lemounier_0001
Jeanne_Moreau/Jeanne_Moreau_0002 Jeanne_Moreau_0001 Jeanne_Moreau_0001
Jeffrey_Archer/Jeffrey_Archer_0001 Gavin_Degraw_0001 Jeffrey_Archer_0001
Jeffrey_Archer/Jeffrey_Archer_0002 Jeffrey_Archer_0001 Jeffrey_Archer_0001
Jeffrey_Archer/Jeffrey_Archer_0002 Brian_Griese_0002 Jeffrey_Archer_0002
Jennifer_Garner/Jennifer_Garner_0003 Jennifer_Garner_0001 Jennifer_Garner_0001
Jennifer_Garner/Jennifer_Garner_0009 Jennifer_Garner_0004 Jennifer_Garner_0004
Jennifer_Garner/Jennifer_Garner_0006 Jennifer_Garner_0005 Jennifer_Garner_0005
Jennifer_Garner/Jennifer_Garner_0009 Jennifer_Garner_0005 Jennifer_Garner_0005
Jennifer_Garner/Jennifer_Garner_0012 Jennifer_Garner_0007 Jennifer_Garner_0007
Jennifer_Garner/Jennifer_Garner_0011 Jennifer_Garner_0008 Jennifer_Garner_0008
Jeremy_Greenstock/Jeremy_Greenstock_0024 Jeremy_Greenstock_0002 Jeremy_Greenstock_0002
Jeremy_Greenstock/Jeremy_Greenstock_0022 Jeremy_Greenstock_0003 Jeremy_Greenstock_0003
Jeremy_Greenstock/Jeremy_Greenstock_0011 Jeremy_Greenstock_0005 Jeremy_Greenstock_0005
Jeremy_Greenstock/Jeremy_Greenstock_0014 Jeremy_Greenstock_0010 Jeremy_Greenstock_0010
Jeremy_Greenstock/Jeremy_Greenstock_0021 Jeremy_Greenstock_0017 Jeremy_Greenstock_0017
Jessica_Lange/Jessica_Lange_0002 Jessica_Lange_0001 Jessica_Lange_0001
Jim_Hardin/Jim_Hardin_0001 Edward_Arsenault_0001 Jim_Hardin_0001
Jimmy_Carter/Jimmy_Carter_0007 Jimmy_Carter_0001 Jimmy_Carter_0001
Jimmy_Carter/Jimmy_Carter_0006 Jimmy_Carter_0004 Jimmy_Carter_0004
Jimmy_Carter/Jimmy_Carter_0008 Jimmy_Carter_0005 Jimmy_Carter_0005
Jimmy_Carter/Jimmy_Carter_0007 Jimmy_Carter_0006 Jimmy_Carter_0006
Jimmy_Carter/Jimmy_Carter_0008 Hamid_Efendi_0001 Jimmy_Carter_0008
Jimmy_Kimmel/Jimmy_Kimmel_0002 Bill_Frist_0005 Jimmy_Kimmel_0002
Jodie_Foster/Jodie_Foster_0002 Jodie_Foster_0001 Jodie_Foster_0001
Joe_Pantoliano/Joe_Pantoliano_0001 Amporn_Falise_0001 Joe_Pantoliano_0001
Joe_Pantoliano/Joe_Pantoliano_0001 Jodie_Foster_0003 Joe_Pantoliano_0001
John_Coomber/John_Coomber_0001 Angela_Lansbury_0002 John_Coomber_0001
John_Engler/John_Engler_0001 Carl_Reiner_0002 John_Engler_0001
John_Manley/John_Manley_0006 John_Manley_0001 John_Manley_0001
John_Manley/John_Manley_0005 John_Manley_0002 John_Manley_0002
John_McCain/John_McCain_0003 John_McCain_0002 John_McCain_0002
John_McCain/John_McCain_0007 John_McCain_0003 John_McCain_0003
John_McCain/John_McCain_0007 John_McCain_0006 John_McCain_0006
John_Snow/John_Snow_0015 John_Snow_0003 John_Snow_0003
John_Snow/John_Snow_0016 John_Snow_0004 John_Snow_0004
John_Snow/John_Snow_0011 John_Snow_0009 John_Snow_0009
Johnson_Panjaitan/Johnson_Panjaitan_0002 Johnson_Panjaitan_0001 Johnson_Panjaitan_0001
Johnson_Panjaitan/Johnson_Panjaitan_0002 Anders_Fogh_Rasmussen_0002 Johnson_Panjaitan_0002
Jonathan_Woodgate/Jonathan_Woodgate_0001 Federico_Trillo_0001 Jonathan_Woodgate_0001
Jong_Thae_Hwa/Jong_Thae_Hwa_0002 Abel_Pacheco_0001 Jong_Thae_Hwa_0002
Jong_Thae_Hwa/Jong_Thae_Hwa_0002 Bertrand_Bonello_0001 Jong_Thae_Hwa_0002
Jorge_Castaneda/Jorge_Castaneda_0001 Bob_Petrino_0001 Jorge_Castaneda_0001
Jorge_Castaneda/Jorge_Castaneda_0002 Jorge_Castaneda_0001 Jorge_Castaneda_0001
Joseph_Blatter/Joseph_Blatter_0002 Joseph_Blatter_0001 Joseph_Blatter_0001
Joseph_Ralston/Joseph_Ralston_0001 Andre_Bucher_0001 Joseph_Ralston_0001
Joseph_Ralston/Joseph_Ralston_0001 Jonathan_Arden_0001 Joseph_Ralston_0001
Joseph_Ralston/Joseph_Ralston_0002 Joseph_Ralston_0001 Joseph_Ralston_0001
Jose_Serra/Jose_Serra_0009 Jose_Serra_0001 Jose_Serra_0001
Jose_Serra/Jose_Serra_0008 Jose_Serra_0002 Jose_Serra_0002
Jose_Serra/Jose_Serra_0005 Jose_Serra_0003 Jose_Serra_0003
Jose_Serra/Jose_Serra_0007 Jose_Serra_0003 Jose_Serra_0003
Jose_Serra/Jose_Serra_0009 Jose_Serra_0006 Jose_Serra_0006
Jose_Theodore/Jose_Theodore_0002 Jose_Theodore_0001 Jose_Theodore_0001
Juan_Carlos_Morales/Juan_Carlos_Morales_0001 James_Comey_0001 Juan_Carlos_Morales_0001
Juan_Pablo_Montoya/Juan_Pablo_Montoya_0001 Flor_Montulo_0002 Juan_Pablo_Montoya_0001
Juan_Pablo_Montoya/Juan_Pablo_Montoya_0008 Juan_Pablo_Montoya_0001 Juan_Pablo_Montoya_0001
Juan_Pablo_Montoya/Juan_Pablo_Montoya_0004 Juan_Pablo_Montoya_0002 Juan_Pablo_Montoya_0002
Juan_Pablo_Montoya/Juan_Pablo_Montoya_0005 Juan_Pablo_Montoya_0004 Juan_Pablo_Montoya_0004
Juan_Pablo_Montoya/Juan_Pablo_Montoya_0005 Joseph_Ralston_0002 Juan_Pablo_Montoya_0005
Julianna_Margulies/Julianna_Margulies_0002 Julianna_Margulies_0001 Julianna_Margulies_0001
Julianna_Margulies/Julianna_Margulies_0002 Boris_Becker_0004 Julianna_Margulies_0002
Juliette_Binoche/Juliette_Binoche_0001 Bill_Maher_0001 Juliette_Binoche_0001
Julio_De_Brun/Julio_De_Brun_0001 Alfonso_Soriano_0001 Julio_De_Brun_0001
Justine_Henin/Justine_Henin_0003 Justine_Henin_0002 Justine_Henin_0002
Justin_Guarini/Justin_Guarini_0002 Justin_Guarini_0001 Justin_Guarini_0001
Justin_Guarini/Justin_Guarini_0003 Justin_Guarini_0002 Justin_Guarini_0002
Karen_Lynn_Gorney/Karen_Lynn_Gorney_0001 Gray_Davis_0026 Karen_Lynn_Gorney_0001
Karen_Lynn_Gorney/Karen_Lynn_Gorney_0001 Hugo_Chavez_0033 Karen_Lynn_Gorney_0001
Kate_Winslet/Kate_Winslet_0002 Kate_Winslet_0001 Kate_Winslet_0001
Kate_Winslet/Kate_Winslet_0004 Kate_Winslet_0001 Kate_Winslet_0001
Kate_Winslet/Kate_Winslet_0003 Kate_Winslet_0002 Kate_Winslet_0002
Kate_Winslet/Kate_Winslet_0004 Kate_Winslet_0002 Kate_Winslet_0002
Kathy_Winters/Kathy_Winters_0002 Kathy_Winters_0001 Kathy_Winters_0001
Kelvin_Sampson/Kelvin_Sampson_0002 Kelvin_Sampson_0001 Kelvin_Sampson_0001
Kelvin_Sampson/Kelvin_Sampson_0003 Armand_Sargen_0001 Kelvin_Sampson_0003
Kevin_Millwood/Kevin_Millwood_0001 Bob_Alper_0001 Kevin_Millwood_0001
Kevin_Millwood/Kevin_Millwood_0001 Hilary_McKay_0001 Kevin_Millwood_0001
Kevin_Sorbo/Kevin_Sorbo_0001 Janice_Abreu_0001 Kevin_Sorbo_0001
Kevin_Stallings/Kevin_Stallings_0002 Kevin_Stallings_0001 Kevin_Stallings_0001
Kevin_Stallings/Kevin_Stallings_0002 Gian_Marco_0002 Kevin_Stallings_0002
Kim_Dong-hwa/Kim_Dong-hwa_0001 Jan_Pronk_0001 Kim_Dong-hwa_0001
Kim_Hong-gul/Kim_Hong-gul_0001 Gary_Gero_0001 Kim_Hong-gul_0001
Kim_Jong-Il/Kim_Jong-Il_0003 Kim_Jong-Il_0002 Kim_Jong-Il_0002
Kim_Jong-Il/Kim_Jong-Il_0003 Bill_Nelson_0001 Kim_Jong-Il_0003
Kirsten_Gilham/Kirsten_Gilham_0001 Bart_Freundlich_0001 Kirsten_Gilham_0001
Kristin_Davis/Kristin_Davis_0002 Kristin_Davis_0001 Kristin_Davis_0001
Kristin_Davis/Kristin_Davis_0003 Kristin_Davis_0002 Kristin_Davis_0002
Lance_Armstrong/Lance_Armstrong_0017 Lance_Armstrong_0001 Lance_Armstrong_0001
Lance_Armstrong/Lance_Armstrong_0010 Lance_Armstrong_0005 Lance_Armstrong_0005
Lance_Armstrong/Lance_Armstrong_0011 Lance_Armstrong_0007 Lance_Armstrong_0007
Lance_Armstrong/Lance_Armstrong_0018 Lance_Armstrong_0010 Lance_Armstrong_0010
Lance_Armstrong/Lance_Armstrong_0017 Lance_Armstrong_0014 Lance_Armstrong_0014
Larry_Wilmore/Larry_Wilmore_0001 Dean_Jacek_0001 Larry_Wilmore_0001
Larry_Wilmore/Larry_Wilmore_0001 Dianne_Reeves_0001 Larry_Wilmore_0001
Laura_Elena_Harring/Laura_Elena_Harring_0001 Brian_Griese_0002 Laura_Elena_Harring_0001
Laura_Elena_Harring/Laura_Elena_Harring_0001 Christian_Lacroix_0001 Laura_Elena_Harring_0001
Laurent_Jalabert/Laurent_Jalabert_0002 Laurent_Jalabert_0001 Laurent_Jalabert_0001
Lee_Baca/Lee_Baca_0001 Fatma_Kusibeh_0001 Lee_Baca_0001
Leticia_Dolera/Leticia_Dolera_0001 Barbara_Felt-Miller_0001 Leticia_Dolera_0001
Lindsey_Graham/Lindsey_Graham_0002 Lindsey_Graham_0001 Lindsey_Graham_0001
Lindsey_Graham/Lindsey_Graham_0002 Dereck_Whittenburg_0001 Lindsey_Graham_0002
Linus_Roache/Linus_Roache_0001 Demi_Moore_0002 Linus_Roache_0001
Lisa_Gottsegen/Lisa_Gottsegen_0002 Lisa_Gottsegen_0001 Lisa_Gottsegen_0001
Lisa_Gottsegen/Lisa_Gottsegen_0002 Armand_Sargen_0001 Lisa_Gottsegen_0002
Liu_Xiaoqing/Liu_Xiaoqing_0001 Bernard_Law_0001 Liu_Xiaoqing_0001
Lleyton_Hewitt/Lleyton_Hewitt_0013 Lleyton_Hewitt_0001 Lleyton_Hewitt_0001
Lleyton_Hewitt/Lleyton_Hewitt_0027 Lleyton_Hewitt_0016 Lleyton_Hewitt_0016
Lleyton_Hewitt/Lleyton_Hewitt_0037 Lleyton_Hewitt_0018 Lleyton_Hewitt_0018
Lleyton_Hewitt/Lleyton_Hewitt_0036 Lleyton_Hewitt_0024 Lleyton_Hewitt_0024
Luis_Ernesto_Derbez_Bautista/Luis_Ernesto_Derbez_Bautista_0002 John_Herrington_0001 Luis_Ernesto_Derbez_Bautista_0002
Luis_Ernesto_Derbez_Bautista/Luis_Ernesto_Derbez_Bautista_0006 Luis_Ernesto_Derbez_Bautista_0003 Luis_Ernesto_Derbez_Bautista_0003
Magda_Kertasz/Magda_Kertasz_0001 Fred_Thompson_0003 Magda_Kertasz_0001
Mahima_Chaudhari/Mahima_Chaudhari_0001 Eugene_Melnyk_0001 Mahima_Chaudhari_0001
Mahima_Chaudhari/Mahima_Chaudhari_0001 Georgia_Giddings_0001 Mahima_Chaudhari_0001
Makiya_Ali_Hassan/Makiya_Ali_Hassan_0001 Francois_Ozon_0001 Makiya_Ali_Hassan_0001
Mamdouh_Habib/Mamdouh_Habib_0001 Chen_Tsai-chin_0001 Mamdouh_Habib_0001
Maria_Callas/Maria_Callas_0001 Benjamin_Netanyahu_0001 Maria_Callas_0001
Maria_Callas/Maria_Callas_0001 Giancarlo_Fisichella_0001 Maria_Callas_0001
Maria_Callas/Maria_Callas_0001 Howard_Stern_0001 Maria_Callas_0001
Maria_Garcia/Maria_Garcia_0001 Andre_Bucher_0001 Maria_Garcia_0001
Maria_Garcia/Maria_Garcia_0001 Glenn_Plummer_0001 Maria_Garcia_0001
Maria_Garcia/Maria_Garcia_0001 Lance_Armstrong_0009 Maria_Garcia_0001
Mario_Dumont/Mario_Dumont_0002 Mario_Dumont_0001 Mario_Dumont_0001
Mark_Wahlberg/Mark_Wahlberg_0001 Gerard_de_Cortanze_0001 Mark_Wahlberg_0001
Mark_Wahlberg/Mark_Wahlberg_0003 Mark_Wahlberg_0001 Mark_Wahlberg_0001
Mark_Wahlberg/Mark_Wahlberg_0003 Mark_Wahlberg_0002 Mark_Wahlberg_0002
Mark_Wahlberg/Mark_Wahlberg_0004 Mark_Wahlberg_0002 Mark_Wahlberg_0002
Marlene_Weingartner/Marlene_Weingartner_0002 Marlene_Weingartner_0001 Marlene_Weingartner_0001
Marsha_Sharp/Marsha_Sharp_0001 Francisco_Garcia_0001 Marsha_Sharp_0001
Martha_Bowen/Martha_Bowen_0002 Martha_Bowen_0001 Martha_Bowen_0001
Martha_Bowen/Martha_Bowen_0002 Gene_Robinson_0003 Martha_Bowen_0002
Martin_Brooke/Martin_Brooke_0001 Douglas_Gansler_0001 Martin_Brooke_0001
Martin_Cauchon/Martin_Cauchon_0001 Alanis_Morissette_0001 Martin_Cauchon_0001
Martin_Cauchon/Martin_Cauchon_0002 Martin_Cauchon_0001 Martin_Cauchon_0001
Martin_Hoellwarth/Martin_Hoellwarth_0002 Martin_Hoellwarth_0001 Martin_Hoellwarth_0001
Martin_Keown/Martin_Keown_0001 Garry_Witherall_0001 Martin_Keown_0001
Martin_Sheen/Martin_Sheen_0002 Martin_Sheen_0001 Martin_Sheen_0001
Martin_Sheen/Martin_Sheen_0002 Mark_Everson_0001 Martin_Sheen_0002
Martin_Short/Martin_Short_0001 Kim_Clijsters_0004 Martin_Short_0001
Mary_Anne_Souza/Mary_Anne_Souza_0001 Bill_Elliott_0001 Mary_Anne_Souza_0001
Mary_Jo_Myers/Mary_Jo_Myers_0001 Jack_Smith_0001 Mary_Jo_Myers_0001
Mary_Katherine_Smart/Mary_Katherine_Smart_0001 Martin_Hoellwarth_0002 Mary_Katherine_Smart_0001
Matthew_Broderick/Matthew_Broderick_0004 Matthew_Broderick_0001 Matthew_Broderick_0001
Matthew_Broderick/Matthew_Broderick_0003 Matthew_Broderick_0002 Matthew_Broderick_0002
Matthew_Broderick/Matthew_Broderick_0003 Juliette_Binoche_0001 Matthew_Broderick_0003
Melina_Kanakaredes/Melina_Kanakaredes_0001 Coco_dEste_0001 Melina_Kanakaredes_0001
Michael_Dell/Michael_Dell_0001 Erika_Christensen_0002 Michael_Dell_0001
Michael_Dell/Michael_Dell_0001 Jeffrey_Ashby_0001 Michael_Dell_0001
Michael_Kors/Michael_Kors_0001 Bryan_Adams_0001 Michael_Kors_0001
Micky_Arison/Micky_Arison_0001 Jose_Rosado_0001 Micky_Arison_0001
Mike_Davis/Mike_Davis_0001 Casey_Mears_0001 Mike_Davis_0001
Mike_Duke/Mike_Duke_0001 Jennifer_Garner_0006 Mike_Duke_0001
Mike_Duke/Mike_Duke_0001 Kate_Winslet_0002 Mike_Duke_0001
Mike_Duke/Mike_Duke_0001 Michael_Dell_0001 Mike_Duke_0001
Mike_Farrar/Mike_Farrar_0001 Dwayne_Wade_0001 Mike_Farrar_0001
Mike_Krzyzewski/Mike_Krzyzewski_0006 Mike_Krzyzewski_0001 Mike_Krzyzewski_0001
Mike_Krzyzewski/Mike_Krzyzewski_0002 Kevin_Crane_0001 Mike_Krzyzewski_0002
Mikhail_Gorbachev/Mikhail_Gorbachev_0001 Abdel_Madi_Shabneh_0001 Mikhail_Gorbachev_0001
Mikhail_Gorbachev/Mikhail_Gorbachev_0002 Mikhail_Gorbachev_0001 Mikhail_Gorbachev_0001
Milo_Djukanovic/Milo_Djukanovic_0001 Helen_Alvare_0001 Milo_Djukanovic_0001
Milo_Djukanovic/Milo_Djukanovic_0003 Grant_Hackett_0003 Milo_Djukanovic_0003
Milo_Djukanovic/Milo_Djukanovic_0003 Kim_Hong-gul_0001 Milo_Djukanovic_0003
Minnie_Mendoza/Minnie_Mendoza_0001 Einars_Repse_0001 Minnie_Mendoza_0001
Miranda_Otto/Miranda_Otto_0001 Fernando_Sanz_0001 Miranda_Otto_0001
Mitchell_Crooks/Mitchell_Crooks_0001 Kevin_Millwood_0001 Mitchell_Crooks_0001
Mitchell_Swartz/Mitchell_Swartz_0001 Andrew_Shutley_0001 Mitchell_Swartz_0001
Mohamed_Seineldin/Mohamed_Seineldin_0001 Bryan_Adams_0001 Mohamed_Seineldin_0001
Momcilo_Perisic/Momcilo_Perisic_0001 Lorraine_Bracco_0001 Momcilo_Perisic_0001
Monica_Bellucci/Monica_Bellucci_0004 Monica_Bellucci_0001 Monica_Bellucci_0001
Monica_Bellucci/Monica_Bellucci_0004 Monica_Bellucci_0002 Monica_Bellucci_0002
Naomi_Campbell/Naomi_Campbell_0002 Naomi_Campbell_0001 Naomi_Campbell_0001
Natalie_Williams/Natalie_Williams_0001 Gideon_Yago_0001 Natalie_Williams_0001
Nestor_Kirchner/Nestor_Kirchner_0030 Nestor_Kirchner_0003 Nestor_Kirchner_0003
Nestor_Kirchner/Nestor_Kirchner_0021 Nestor_Kirchner_0012 Nestor_Kirchner_0012
Nestor_Kirchner/Nestor_Kirchner_0025 Nestor_Kirchner_0017 Nestor_Kirchner_0017
Nick_Reilly/Nick_Reilly_0001 Dale_Earnhardt_Jr_0001 Nick_Reilly_0001
Nick_Reilly/Nick_Reilly_0001 Daryl_Sabara_0001 Nick_Reilly_0001
Nicolas_Lapentti/Nicolas_Lapentti_0002 Nicolas_Lapentti_0001 Nicolas_Lapentti_0001
Nicolas_Lapentti/Nicolas_Lapentti_0002 Brian_Griese_0002 Nicolas_Lapentti_0002
Nigel_Redden/Nigel_Redden_0001 Jim_Freudenberg_0001 Nigel_Redden_0001
Nigel_Redden/Nigel_Redden_0001 Michael_Dell_0001 Nigel_Redden_0001
Noah_Wyle/Noah_Wyle_0003 Noah_Wyle_0002 Noah_Wyle_0002
Nong_Duc_Manh/Nong_Duc_Manh_0001 Billy_Bob_Thornton_0001 Nong_Duc_Manh_0001
Nong_Duc_Manh/Nong_Duc_Manh_0001 Coleen_Rowley_0001 Nong_Duc_Manh_0001
Nong_Duc_Manh/Nong_Duc_Manh_0001 Doris_Roberts_0001 Nong_Duc_Manh_0001
Nora_Bendijo/Nora_Bendijo_0002 Nora_Bendijo_0001 Nora_Bendijo_0001
Nursultan_Nazarbayev/Nursultan_Nazarbayev_0002 Nursultan_Nazarbayev_0001 Nursultan_Nazarbayev_0001
Ornella_Muti/Ornella_Muti_0001 Christian_Lacroix_0001 Ornella_Muti_0001
Ornella_Muti/Ornella_Muti_0001 Melina_Kanakaredes_0001 Ornella_Muti_0001
Osrat_Iosef/Osrat_Iosef_0001 Andy_Griffith_0001 Osrat_Iosef_0001
Pamela_Anderson/Pamela_Anderson_0002 Pamela_Anderson_0001 Pamela_Anderson_0001
Pamela_Anderson/Pamela_Anderson_0005 Pamela_Anderson_0001 Pamela_Anderson_0001
Pamela_Anderson/Pamela_Anderson_0004 Henry_Castellanos_0001 Pamela_Anderson_0004
Pascal_Affi_Nguessan/Pascal_Affi_Nguessan_0001 Cecilia_Cheung_0001 Pascal_Affi_Nguessan_0001
Patricia_Heaton/Patricia_Heaton_0002 Patricia_Heaton_0001 Patricia_Heaton_0001
Pat_Riley/Pat_Riley_0001 Garry_Trudeau_0001 Pat_Riley_0001
Pat_Riley/Pat_Riley_0001 Harald_Ringstorff_0001 Pat_Riley_0001
Patty_Schnyder/Patty_Schnyder_0001 Julio_De_Brun_0001 Patty_Schnyder_0001
Patty_Schnyder/Patty_Schnyder_0002 Patty_Schnyder_0001 Patty_Schnyder_0001
Patty_Schnyder/Patty_Schnyder_0002 Alfonso_Cuaron_0001 Patty_Schnyder_0002
Patty_Schnyder/Patty_Schnyder_0003 Patty_Schnyder_0002 Patty_Schnyder_0002
Patty_Schnyder/Patty_Schnyder_0004 Patty_Schnyder_0002 Patty_Schnyder_0002
Patty_Schnyder/Patty_Schnyder_0003 Alfonso_Soriano_0001 Patty_Schnyder_0003
Patty_Schnyder/Patty_Schnyder_0004 Patty_Schnyder_0003 Patty_Schnyder_0003
Patty_Schnyder/Patty_Schnyder_0004 Imelda_Marcos_0001 Patty_Schnyder_0004
Paul_Bremer/Paul_Bremer_0017 Paul_Bremer_0006 Paul_Bremer_0006
Paul_Bremer/Paul_Bremer_0010 Paul_Bremer_0007 Paul_Bremer_0007
Paul_Bremer/Paul_Bremer_0015 Paul_Bremer_0009 Paul_Bremer_0009
Paul_Bremer/Paul_Bremer_0016 Paul_Bremer_0014 Paul_Bremer_0014
Paul_Celluci/Paul_Celluci_0001 Antonio_Cassano_0001 Paul_Celluci_0001
Paul_Celluci/Paul_Celluci_0001 Pat_Summitt_0001 Paul_Celluci_0001
Paul_Sarbanes/Paul_Sarbanes_0001 Carlos_Paternina_0001 Paul_Sarbanes_0001
Paul_Sarbanes/Paul_Sarbanes_0003 Paul_Sarbanes_0001 Paul_Sarbanes_0001
Paul_Sarbanes/Paul_Sarbanes_0002 James_Caan_0002 Paul_Sarbanes_0002
Paul_Sarbanes/Paul_Sarbanes_0003 Paul_Sarbanes_0002 Paul_Sarbanes_0002
Paul_William_Hurley/Paul_William_Hurley_0001 Gideon_Yago_0001 Paul_William_Hurley_0001
Paul_William_Hurley/Paul_William_Hurley_0001 James_Comey_0001 Paul_William_Hurley_0001
Paul_William_Hurley/Paul_William_Hurley_0002 Paul_William_Hurley_0001 Paul_William_Hurley_0001
Pernilla_Bjorn/Pernilla_Bjorn_0001 Patty_Schnyder_0003 Pernilla_Bjorn_0001
Pervez_Musharraf/Pervez_Musharraf_0006 Pervez_Musharraf_0001 Pervez_Musharraf_0001
Pervez_Musharraf/Pervez_Musharraf_0016 Pervez_Musharraf_0002 Pervez_Musharraf_0002
Pervez_Musharraf/Pervez_Musharraf_0010 Pervez_Musharraf_0003 Pervez_Musharraf_0003
Pervez_Musharraf/Pervez_Musharraf_0014 Pervez_Musharraf_0004 Pervez_Musharraf_0004
Pervez_Musharraf/Pervez_Musharraf_0007 Pervez_Musharraf_0005 Pervez_Musharraf_0005
Pervez_Musharraf/Pervez_Musharraf_0015 Pervez_Musharraf_0005 Pervez_Musharraf_0005
Phil_Gramm/Phil_Gramm_0001 Gary_Gero_0001 Phil_Gramm_0001
Phil_Gramm/Phil_Gramm_0002 Phil_Gramm_0001 Phil_Gramm_0001
Phil_Jackson/Phil_Jackson_0001 Emmanuelle_Beart_0002 Phil_Jackson_0001
Portia_de_Rossi/Portia_de_Rossi_0001 Abdul_Rahman_0001 Portia_de_Rossi_0001
Portia_de_Rossi/Portia_de_Rossi_0001 Nina_Jacobson_0001 Portia_de_Rossi_0001
Prince_Edward/Prince_Edward_0001 Justin_Guarini_0002 Prince_Edward_0001
Prince_Edward/Prince_Edward_0002 Prince_Edward_0001 Prince_Edward_0001
Prince_Philippe/Prince_Philippe_0001 Patty_Schnyder_0003 Prince_Philippe_0001
Prince_Rainier_III/Prince_Rainier_III_0001 Carl_Reiner_0002 Prince_Rainier_III_0001
Rafiq_Hariri/Rafiq_Hariri_0001 Jim_Otto_0001 Rafiq_Hariri_0001
Ricardo_Lagos/Ricardo_Lagos_0012 Ricardo_Lagos_0003 Ricardo_Lagos_0003
Ricardo_Lagos/Ricardo_Lagos_0027 Ricardo_Lagos_0023 Ricardo_Lagos_0023
Ricardo_Lagos/Ricardo_Lagos_0025 Patty_Schnyder_0004 Ricardo_Lagos_0025
Ricardo_Monasterio/Ricardo_Monasterio_0002 Ricardo_Monasterio_0001 Ricardo_Monasterio_0001
Richard_Fine/Richard_Fine_0001 Cho_Myung-kyun_0001 Richard_Fine_0001
Richard_Rodriguez/Richard_Rodriguez_0001 Pervez_Musharraf_0003 Richard_Rodriguez_0001
Richard_Rodriguez/Richard_Rodriguez_0001 Richard_Fine_0001 Richard_Rodriguez_0001
Richard_Sambrook/Richard_Sambrook_0002 Dora_Bakoyianni_0001 Richard_Sambrook_0002
Rich_Gannon/Rich_Gannon_0002 Rich_Gannon_0001 Rich_Gannon_0001
Rick_Perry/Rick_Perry_0004 Rick_Perry_0001 Rick_Perry_0001
Rick_Perry/Rick_Perry_0005 Rick_Perry_0001 Rick_Perry_0001
Rick_Perry/Rick_Perry_0004 Rick_Perry_0002 Rick_Perry_0002
Rick_Perry/Rick_Perry_0004 Rick_Perry_0003 Rick_Perry_0003
Rick_Reed/Rick_Reed_0001 Kim_Jong-Il_0003 Rick_Reed_0001
Robbie_Coltrane/Robbie_Coltrane_0001 Noah_Wyle_0003 Robbie_Coltrane_0001
Robert_Bonner/Robert_Bonner_0001 Nursultan_Nazarbayev_0001 Robert_Bonner_0001
Robert_Bonner/Robert_Bonner_0003 Robert_Bonner_0002 Robert_Bonner_0002
Robert_Downey_Jr/Robert_Downey_Jr_0001 Calbert_Cheaney_0001 Robert_Downey_Jr_0001
Robert_Evans/Robert_Evans_0002 Keith_Lowen_0001 Robert_Evans_0002
Robert_Evans/Robert_Evans_0003 Robert_Evans_0002 Robert_Evans_0002
Robert_Fico/Robert_Fico_0001 Jorge_Castaneda_0001 Robert_Fico_0001
Robert_Fico/Robert_Fico_0002 Robert_Fico_0001 Robert_Fico_0001
Rodney_Rempt/Rodney_Rempt_0001 Geovani_Lapentti_0001 Rodney_Rempt_0001
Romano_Prodi/Romano_Prodi_0005 Romano_Prodi_0003 Romano_Prodi_0003
Romano_Prodi/Romano_Prodi_0006 Harald_Ringstorff_0001 Romano_Prodi_0006
Romano_Prodi/Romano_Prodi_0007 Leonardo_Fernandez_0001 Romano_Prodi_0007
Romeo_Gigli/Romeo_Gigli_0001 Brad_Russ_0001 Romeo_Gigli_0001
Romeo_Gigli/Romeo_Gigli_0001 Dianne_Reeves_0001 Romeo_Gigli_0001
Ronald_Kadish/Ronald_Kadish_0001 Douglas_Gansler_0001 Ronald_Kadish_0001
Ronald_Kadish/Ronald_Kadish_0001 Joseph_Blatter_0001 Ronald_Kadish_0001
Roy_Moore/Roy_Moore_0001 Fernando_Sanz_0001 Roy_Moore_0001
Roy_Moore/Roy_Moore_0005 Roy_Moore_0002 Roy_Moore_0002
Roy_Moore/Roy_Moore_0006 Roy_Moore_0003 Roy_Moore_0003
Ruth_Bader_Ginsburg/Ruth_Bader_Ginsburg_0001 Rick_Reed_0001 Ruth_Bader_Ginsburg_0001
Sachiko_Yamada/Sachiko_Yamada_0002 Sachiko_Yamada_0001 Sachiko_Yamada_0001
Sachiko_Yamada/Sachiko_Yamada_0004 Sachiko_Yamada_0001 Sachiko_Yamada_0001
Sachiko_Yamada/Sachiko_Yamada_0003 Sachiko_Yamada_0002 Sachiko_Yamada_0002
Sachiko_Yamada/Sachiko_Yamada_0004 Sachiko_Yamada_0002 Sachiko_Yamada_0002
Saeb_Erekat/Saeb_Erekat_0002 Saeb_Erekat_0001 Saeb_Erekat_0001
Saeb_Erekat/Saeb_Erekat_0002 Andrew_Shutley_0001 Saeb_Erekat_0002
Saeb_Erekat/Saeb_Erekat_0002 Dora_Bakoyianni_0001 Saeb_Erekat_0002
Salman_Khan/Salman_Khan_0001 David_Collenette_0001 Salman_Khan_0001
Salman_Khan/Salman_Khan_0001 Milan_Kucan_0001 Salman_Khan_0001
Sam_Bith/Sam_Bith_0002 Sam_Bith_0001 Sam_Bith_0001
Sam_Bith/Sam_Bith_0003 Sam_Bith_0001 Sam_Bith_0001
Sam_Bith/Sam_Bith_0003 Sam_Bith_0002 Sam_Bith_0002
Sam_Brownback/Sam_Brownback_0001 Fernando_Alonso_0001 Sam_Brownback_0001
Sam_Brownback/Sam_Brownback_0001 Geovani_Lapentti_0001 Sam_Brownback_0001
Sam_Brownback/Sam_Brownback_0001 Nancy_Kerrigan_0001 Sam_Brownback_0001
Sean_Hayes/Sean_Hayes_0002 Sean_Hayes_0001 Sean_Hayes_0001
Sedigh_Barmak/Sedigh_Barmak_0001 Bill_Stapleton_0001 Sedigh_Barmak_0001
Sedigh_Barmak/Sedigh_Barmak_0001 Jessica_Lange_0002 Sedigh_Barmak_0001
Se_Hyuk_Joo/Se_Hyuk_Joo_0001 John_Snow_0017 Se_Hyuk_Joo_0001
Sergio_Garcia/Sergio_Garcia_0002 Sergio_Garcia_0001 Sergio_Garcia_0001
Sergio_Garcia/Sergio_Garcia_0002 Ann_Veneman_0006 Sergio_Garcia_0002
Shane_Phillips/Shane_Phillips_0001 Carlos_Arroyo_0001 Shane_Phillips_0001
Sigourney_Weaver/Sigourney_Weaver_0001 Chuck_Eidson_0001 Sigourney_Weaver_0001
Silvia_Farina_Elia/Silvia_Farina_Elia_0002 Silvia_Farina_Elia_0001 Silvia_Farina_Elia_0001
Silvia_Farina_Elia/Silvia_Farina_Elia_0002 Keith_Lowen_0001 Silvia_Farina_Elia_0002
Silvia_Farina_Elia/Silvia_Farina_Elia_0003 Michael_Richards_0001 Silvia_Farina_Elia_0003
Simon_Yam/Simon_Yam_0001 Andy_Dick_0001 Simon_Yam_0001
SJ_Twu/SJ_Twu_0001 Annie-Jeanne_Reynaud_0001 SJ_Twu_0001
SJ_Twu/SJ_Twu_0001 Marquier_Montano_Contreras_0001 SJ_Twu_0001
Stan_Kroenke/Stan_Kroenke_0001 David_Westerfield_0001 Stan_Kroenke_0001
Stan_Kroenke/Stan_Kroenke_0001 Katie_Wagner_0001 Stan_Kroenke_0001
Stan_Kroenke/Stan_Kroenke_0001 Mario_Lemieux_0001 Stan_Kroenke_0001
Stefan_Tafrov/Stefan_Tafrov_0001 Phil_Gramm_0002 Stefan_Tafrov_0001
Sterling_Hitchcock/Sterling_Hitchcock_0001 Eric_Daze_0001 Sterling_Hitchcock_0001
Sterling_Hitchcock/Sterling_Hitchcock_0001 Fred_Thompson_0002 Sterling_Hitchcock_0001
Sterling_Hitchcock/Sterling_Hitchcock_0001 Janez_Drnovsek_0001 Sterling_Hitchcock_0001
Steve_Ballmer/Steve_Ballmer_0002 Steve_Ballmer_0001 Steve_Ballmer_0001
Steve_Ballmer/Steve_Ballmer_0003 Steve_Ballmer_0001 Steve_Ballmer_0001
Steven_Van_Zandt/Steven_Van_Zandt_0001 Angela_Lansbury_0001 Steven_Van_Zandt_0001
Steve_Shiver/Steve_Shiver_0001 Hugo_Chavez_0060 Steve_Shiver_0001
Steve_Shiver/Steve_Shiver_0001 Marsha_Sharp_0001 Steve_Shiver_0001
Steve_Shiver/Steve_Shiver_0001 Rachel_Roy_0001 Steve_Shiver_0001
Stockard_Channing/Stockard_Channing_0003 Stockard_Channing_0001 Stockard_Channing_0001
Stockard_Channing/Stockard_Channing_0003 Stockard_Channing_0002 Stockard_Channing_0002
Szu_Yu_Chen/Szu_Yu_Chen_0001 Doug_Wilson_0001 Szu_Yu_Chen_0001
Taku_Yamasaki/Taku_Yamasaki_0001 Ken_Loach_0001 Taku_Yamasaki_0001
Taylor_Twellman/Taylor_Twellman_0001 Chris_Dodd_0001 Taylor_Twellman_0001
Taylor_Twellman/Taylor_Twellman_0001 Jennifer_Renee_Short_0001 Taylor_Twellman_0001
Ted_Williams/Ted_Williams_0001 Ann_Veneman_0008 Ted_Williams_0001
Ted_Williams/Ted_Williams_0001 Leon_LaPorte_0001 Ted_Williams_0001
Terry_McAuliffe/Terry_McAuliffe_0001 Jimmy_Gurule_0001 Terry_McAuliffe_0001
Terry_McAuliffe/Terry_McAuliffe_0002 Terry_McAuliffe_0001 Terry_McAuliffe_0001
Terry_McAuliffe/Terry_McAuliffe_0003 Terry_McAuliffe_0001 Terry_McAuliffe_0001
Terry_McAuliffe/Terry_McAuliffe_0002 Martina_Hingis_0001 Terry_McAuliffe_0002
Terry_McAuliffe/Terry_McAuliffe_0003 Simon_Yam_0001 Terry_McAuliffe_0003
Thomas_Rupprath/Thomas_Rupprath_0001 Jerry_Tarkanian_0001 Thomas_Rupprath_0001
Thomas_Rupprath/Thomas_Rupprath_0003 Thomas_Rupprath_0001 Thomas_Rupprath_0001
Thomas_Rupprath/Thomas_Rupprath_0003 Thomas_Rupprath_0002 Thomas_Rupprath_0002
Thomas_Rupprath/Thomas_Rupprath_0003 Steve_Shiver_0001 Thomas_Rupprath_0003
Thomas_Watjen/Thomas_Watjen_0001 Sergio_Garcia_0002 Thomas_Watjen_0001
Tim_Blake_Nelson/Tim_Blake_Nelson_0001 Einars_Repse_0001 Tim_Blake_Nelson_0001
Tim_Blake_Nelson/Tim_Blake_Nelson_0001 Jerry_Seinfeld_0001 Tim_Blake_Nelson_0001
Tina_Pisnik/Tina_Pisnik_0001 Jim_Freudenberg_0001 Tina_Pisnik_0001
Tina_Pisnik/Tina_Pisnik_0001 Steve_Ballmer_0001 Tina_Pisnik_0001
Todd_Parrott/Todd_Parrott_0001 Maria_Burks_0001 Todd_Parrott_0001
Todd_Parrott/Todd_Parrott_0001 Tina_Fey_0001 Todd_Parrott_0001
Todd_Robbins/Todd_Robbins_0001 Grant_Hackett_0001 Todd_Robbins_0001
Todd_Robbins/Todd_Robbins_0001 Robert_Evans_0001 Todd_Robbins_0001
Tom_Coverdale/Tom_Coverdale_0002 Saeb_Erekat_0001 Tom_Coverdale_0002
Tom_Glavine/Tom_Glavine_0001 Leticia_Dolera_0001 Tom_Glavine_0001
Tom_Glavine/Tom_Glavine_0002 Brawley_King_0001 Tom_Glavine_0002
Tom_Glavine/Tom_Glavine_0002 Carl_Reiner_0002 Tom_Glavine_0002
Tom_Harkin/Tom_Harkin_0004 Romeo_Gigli_0001 Tom_Harkin_0004
Tom_Moss/Tom_Moss_0001 Pascal_Affi_Nguessan_0001 Tom_Moss_0001
Tommy_Haas/Tommy_Haas_0005 Tommy_Haas_0004 Tommy_Haas_0004
Tommy_Haas/Tommy_Haas_0005 Simon_Yam_0001 Tommy_Haas_0005
Tommy_Shane_Steiner/Tommy_Shane_Steiner_0001 Henry_Castellanos_0001 Tommy_Shane_Steiner_0001
Tommy_Shane_Steiner/Tommy_Shane_Steiner_0001 Robert_Downey_Jr_0001 Tommy_Shane_Steiner_0001
Tommy_Thompson/Tommy_Thompson_0002 Tommy_Thompson_0001 Tommy_Thompson_0001
Tommy_Thompson/Tommy_Thompson_0007 Tommy_Thompson_0001 Tommy_Thompson_0001
Tommy_Thompson/Tommy_Thompson_0008 Tommy_Thompson_0002 Tommy_Thompson_0002
Tommy_Thompson/Tommy_Thompson_0008 Tommy_Thompson_0004 Tommy_Thompson_0004
Tommy_Thompson/Tommy_Thompson_0005 Leon_LaPorte_0001 Tommy_Thompson_0005
Tommy_Thompson/Tommy_Thompson_0009 Tommy_Thompson_0006 Tommy_Thompson_0006
Tomoko_Hagiwara/Tomoko_Hagiwara_0001 Gregor_Gysi_0001 Tomoko_Hagiwara_0001
Tomoko_Hagiwara/Tomoko_Hagiwara_0002 Tomoko_Hagiwara_0001 Tomoko_Hagiwara_0001
Tomoko_Hagiwara/Tomoko_Hagiwara_0002 Frank_Coraci_0001 Tomoko_Hagiwara_0002
Tom_Ridge/Tom_Ridge_0016 Tom_Ridge_0006 Tom_Ridge_0006
Tom_Ridge/Tom_Ridge_0025 Tom_Ridge_0008 Tom_Ridge_0008
Tom_Ridge/Tom_Ridge_0026 Tom_Ridge_0009 Tom_Ridge_0009
Tom_Ridge/Tom_Ridge_0016 Naomi_Campbell_0001 Tom_Ridge_0016
Tom_Ridge/Tom_Ridge_0022 Tom_Ridge_0018 Tom_Ridge_0018
Tom_Rouen/Tom_Rouen_0001 Coco_dEste_0001 Tom_Rouen_0001
Tom_Rouen/Tom_Rouen_0001 Se_Hyuk_Joo_0001 Tom_Rouen_0001
Tom_Vilsack/Tom_Vilsack_0001 Chris_Swecker_0001 Tom_Vilsack_0001
Trent_Lott/Trent_Lott_0002 Trent_Lott_0001 Trent_Lott_0001
Trent_Lott/Trent_Lott_0003 Trent_Lott_0002 Trent_Lott_0002
Trent_Lott/Trent_Lott_0008 Trent_Lott_0002 Trent_Lott_0002
Trent_Lott/Trent_Lott_0011 Trent_Lott_0006 Trent_Lott_0006
Trent_Lott/Trent_Lott_0010 Trent_Lott_0007 Trent_Lott_0007
Trent_Lott/Trent_Lott_0016 Trent_Lott_0008 Trent_Lott_0008
Tsutomu_Takebe/Tsutomu_Takebe_0001 Frank_Van_Ecke_0001 Tsutomu_Takebe_0001
Tsutomu_Takebe/Tsutomu_Takebe_0001 Jim_Haslett_0001 Tsutomu_Takebe_0001
Tsutomu_Takebe/Tsutomu_Takebe_0002 Tsutomu_Takebe_0001 Tsutomu_Takebe_0001
Tyler_Hamilton/Tyler_Hamilton_0002 Tyler_Hamilton_0001 Tyler_Hamilton_0001
Tyra_Banks/Tyra_Banks_0001 Luis_Ernesto_Derbez_Bautista_0001 Tyra_Banks_0001
Tyra_Banks/Tyra_Banks_0002 Tyra_Banks_0001 Tyra_Banks_0001
Vaclav_Havel/Vaclav_Havel_0004 Vaclav_Havel_0002 Vaclav_Havel_0002
Vaclav_Havel/Vaclav_Havel_0005 Vaclav_Havel_0002 Vaclav_Havel_0002
Vaclav_Havel/Vaclav_Havel_0006 Vaclav_Havel_0002 Vaclav_Havel_0002
Vaclav_Havel/Vaclav_Havel_0009 Vaclav_Havel_0004 Vaclav_Havel_0004
Vaclav_Havel/Vaclav_Havel_0007 Vaclav_Havel_0005 Vaclav_Havel_0005
Valentina_Tereshkova/Valentina_Tereshkova_0001 Daryl_Sabara_0001 Valentina_Tereshkova_0001
Valerie_Harper/Valerie_Harper_0001 Bill_Stapleton_0001 Valerie_Harper_0001
Valerie_Harper/Valerie_Harper_0002 Valerie_Harper_0001 Valerie_Harper_0001
Valerie_Harper/Valerie_Harper_0002 Bernard_Law_0003 Valerie_Harper_0002
Vernon_Forrest/Vernon_Forrest_0001 Gregg_Popovich_0003 Vernon_Forrest_0001
Vernon_Forrest/Vernon_Forrest_0001 Julio_De_Brun_0001 Vernon_Forrest_0001
Vince_Carter/Vince_Carter_0004 Vince_Carter_0003 Vince_Carter_0003
Vincent_Brooks/Vincent_Brooks_0002 Robert_Bonner_0002 Vincent_Brooks_0002
Vincent_Brooks/Vincent_Brooks_0003 Vincent_Brooks_0002 Vincent_Brooks_0002
Vincent_Brooks/Vincent_Brooks_0007 Vincent_Brooks_0002 Vincent_Brooks_0002
Vincent_Brooks/Vincent_Brooks_0005 Vincent_Brooks_0004 Vincent_Brooks_0004
Vincent_Brooks/Vincent_Brooks_0007 Vincent_Brooks_0004 Vincent_Brooks_0004
Vincent_Gallo/Vincent_Gallo_0001 Laurent_Jalabert_0002 Vincent_Gallo_0001
Vincent_Gallo/Vincent_Gallo_0002 Vincent_Gallo_0001 Vincent_Gallo_0001
Vincent_Gallo/Vincent_Gallo_0003 Steve_Ballmer_0002 Vincent_Gallo_0003
Vitali_Klitschko/Vitali_Klitschko_0002 Vitali_Klitschko_0001 Vitali_Klitschko_0001
Vitali_Klitschko/Vitali_Klitschko_0003 Martin_Cauchon_0002 Vitali_Klitschko_0003
Vitali_Klitschko/Vitali_Klitschko_0004 Vitali_Klitschko_0003 Vitali_Klitschko_0003
William_Hyde/William_Hyde_0001 Stan_Kroenke_0001 William_Hyde_0001
William_Macy/William_Macy_0001 Guy_Ritchie_0002 William_Macy_0001
William_Macy/William_Macy_0004 William_Macy_0001 William_Macy_0001
William_Macy/William_Macy_0004 William_Macy_0002 William_Macy_0002
William_Macy/William_Macy_0004 William_Macy_0003 William_Macy_0003
William_Macy/William_Macy_0004 Darvis_Patton_0001 William_Macy_0004
William_Martin/William_Martin_0002 Cathy_Freeman_0002 William_Martin_0002
William_Martin/William_Martin_0002 Nora_Bendijo_0001 William_Martin_0002
Woody_Allen/Woody_Allen_0002 Erika_Christensen_0002 Woody_Allen_0002
Woody_Allen/Woody_Allen_0004 Woody_Allen_0002 Woody_Allen_0002
Woody_Allen/Woody_Allen_0005 Woody_Allen_0003 Woody_Allen_0003
Yasushi_Akashi/Yasushi_Akashi_0001 Janica_Kostelic_0002 Yasushi_Akashi_0001
Yasushi_Akashi/Yasushi_Akashi_0001 John_Richardson_0001 Yasushi_Akashi_0001
Yoshiyuki_Kamei/Yoshiyuki_Kamei_0001 Joseph_Ralston_0002 Yoshiyuki_Kamei_0001
Yukiko_Okudo/Yukiko_Okudo_0001 Casey_Mears_0001 Yukiko_Okudo_0001
Yukiko_Okudo/Yukiko_Okudo_0002 Yukiko_Okudo_0001 Yukiko_Okudo_0001
Zhong_Nanshan/Zhong_Nanshan_0001 Robbie_Naish_0001 Zhong_Nanshan_0001
Zico/Zico_0002 Zico_0001 Zico_0001
Zico/Zico_0002 Jamling_Norgay_0001 Zico_0002
Zico/Zico_0003 Zico_0002 Zico_0002
Zorica_Radovic/Zorica_Radovic_0001 Rachel_Kempson_0001 Zorica_Radovic_0001
