Abdullah_Gul/Abdullah_Gul_0001 Abdullah_Gul_0001
Abdullah_Gul/Abdullah_Gul_0007 Abdullah_Gul_0007
Abdullah_Gul/Abdullah_Gul_0009 Abdullah_Gul_0009
Adolfo_Rodriguez_Saa/Adolfo_Rodriguez_Saa_0001 Adolfo_Rodriguez_Saa_0001
Adrien_Brody/Adrien_Brody_0002 Adrien_Brody_0002
Adrien_Brody/Adrien_Brody_0003 Adrien_Brody_0003
Adrien_Brody/Adrien_Brody_0005 Adrien_Brody_0005
Adrien_Brody/Adrien_Brody_0007 Adrien_Brody_0007
Ahmed_Ahmed/Ahmed_Ahmed_0001 Ahmed_Ahmed_0001
Alberto_Sordi/Alberto_Sordi_0001 Alberto_Sordi_0001
Alejandro_Lerner/Alejandro_Lerner_0001 Alejandro_Lerner_0001
Alexandra_Stevenson/Alexandra_Stevenson_0001 Alexandra_Stevenson_0001
Alexandra_Stevenson/Alexandra_Stevenson_0003 Alexandra_Stevenson_0003
Alexandra_Vodjanikova/Alexandra_Vodjanikova_0001 Alexandra_Vodjanikova_0001
Alex_Penelas/Alex_Penelas_0001 Alex_Penelas_0001
Alex_Penelas/Alex_Penelas_0002 Alex_Penelas_0002
Ali_Adbul_Karim_Madani/Ali_Adbul_Karim_Madani_0001 Ali_Adbul_Karim_Madani_0001
Alicia_Silverstone/Alicia_Silverstone_0001 Alicia_Silverstone_0001
Alicia_Silverstone/Alicia_Silverstone_0002 Alicia_Silverstone_0002
Ali_Mohammed_Maher/Ali_Mohammed_Maher_0001 Ali_Mohammed_Maher_0001
Al_Sharpton/Al_Sharpton_0001 Al_Sharpton_0001
Al_Sharpton/Al_Sharpton_0002 Al_Sharpton_0002
Al_Sharpton/Al_Sharpton_0003 Al_Sharpton_0003
Al_Sharpton/Al_Sharpton_0005 Al_Sharpton_0005
Ana_Palacio/Ana_Palacio_0003 Ana_Palacio_0003
Ana_Palacio/Ana_Palacio_0006 Ana_Palacio_0006
Andre_Agassi/Andre_Agassi_0001 Andre_Agassi_0001
Andre_Agassi/Andre_Agassi_0002 Andre_Agassi_0002
Andre_Agassi/Andre_Agassi_0004 Andre_Agassi_0004
Andre_Agassi/Andre_Agassi_0009 Andre_Agassi_0009
Andre_Agassi/Andre_Agassi_0017 Andre_Agassi_0017
Andre_Agassi/Andre_Agassi_0031 Andre_Agassi_0031
Andre_Techine/Andre_Techine_0001 Andre_Techine_0001
Andy_Benes/Andy_Benes_0001 Andy_Benes_0001
Andy_Bryant/Andy_Bryant_0001 Andy_Bryant_0001
Anna_Kournikova/Anna_Kournikova_0002 Anna_Kournikova_0002
Anna_Kournikova/Anna_Kournikova_0003 Anna_Kournikova_0003
Anna_Kournikova/Anna_Kournikova_0007 Anna_Kournikova_0007
Anna_Kournikova/Anna_Kournikova_0008 Anna_Kournikova_0008
Anne_ONeil/Anne_ONeil_0001 Anne_ONeil_0001
Annette_Lu/Annette_Lu_0001 Annette_Lu_0001
Anthony_Lee_Johnson/Anthony_Lee_Johnson_0001 Anthony_Lee_Johnson_0001
Arnold_Palmer/Arnold_Palmer_0001 Arnold_Palmer_0001
Arnold_Palmer/Arnold_Palmer_0002 Arnold_Palmer_0002
Arnold_Palmer/Arnold_Palmer_0003 Arnold_Palmer_0003
Aron_Ralston/Aron_Ralston_0001 Aron_Ralston_0001
Arturo_Gatti/Arturo_Gatti_0002 Arturo_Gatti_0002
Bart_Hendricks/Bart_Hendricks_0001 Bart_Hendricks_0001
Bashar_Assad/Bashar_Assad_0001 Bashar_Assad_0001
Bashar_Assad/Bashar_Assad_0002 Bashar_Assad_0002
Benjamin_Neulander/Benjamin_Neulander_0001 Benjamin_Neulander_0001
Ben_Kingsley/Ben_Kingsley_0001 Ben_Kingsley_0001
Bernardo_Segura/Bernardo_Segura_0001 Bernardo_Segura_0001
Bernardo_Segura/Bernardo_Segura_0002 Bernardo_Segura_0002
Bill_Gates/Bill_Gates_0003 Bill_Gates_0003
Bill_Gates/Bill_Gates_0007 Bill_Gates_0007
Bill_Gates/Bill_Gates_0011 Bill_Gates_0011
Bill_Gates/Bill_Gates_0013 Bill_Gates_0013
Bill_Pryor/Bill_Pryor_0001 Bill_Pryor_0001
Bobby_Jackson/Bobby_Jackson_0001 Bobby_Jackson_0001
Bobby_Robson/Bobby_Robson_0001 Bobby_Robson_0001
Bob_Melvin/Bob_Melvin_0001 Bob_Melvin_0001
Bob_Stoops/Bob_Stoops_0002 Bob_Stoops_0002
Bob_Stoops/Bob_Stoops_0003 Bob_Stoops_0003
Bode_Miller/Bode_Miller_0001 Bode_Miller_0001
Bo_Pelini/Bo_Pelini_0001 Bo_Pelini_0001
Boris_Jordan/Boris_Jordan_0001 Boris_Jordan_0001
Brad_Alexander_Smith/Brad_Alexander_Smith_0001 Brad_Alexander_Smith_0001
Brandon_Webb/Brandon_Webb_0001 Brandon_Webb_0001
Brennon_Leighton/Brennon_Leighton_0001 Brennon_Leighton_0001
Brett_Hawke/Brett_Hawke_0001 Brett_Hawke_0001
Bruce_Gebhardt/Bruce_Gebhardt_0001 Bruce_Gebhardt_0001
Bryan_Cooley/Bryan_Cooley_0001 Bryan_Cooley_0001
Bryan_Murray/Bryan_Murray_0001 Bryan_Murray_0001
Camille_Colvin/Camille_Colvin_0001 Camille_Colvin_0001
Carey_Lowell/Carey_Lowell_0001 Carey_Lowell_0001
Carl_Pope/Carl_Pope_0001 Carl_Pope_0001
Carolina_Barco/Carolina_Barco_0001 Carolina_Barco_0001
Caroline_Kennedy/Caroline_Kennedy_0001 Caroline_Kennedy_0001
Caroline_Kennedy/Caroline_Kennedy_0002 Caroline_Kennedy_0002
Caroline_Kennedy/Caroline_Kennedy_0003 Caroline_Kennedy_0003
Catherine_Bell/Catherine_Bell_0001 Catherine_Bell_0001
Catherine_Zeta-Jones/Catherine_Zeta-Jones_0001 Catherine_Zeta-Jones_0001
Catherine_Zeta-Jones/Catherine_Zeta-Jones_0004 Catherine_Zeta-Jones_0004
Catherine_Zeta-Jones/Catherine_Zeta-Jones_0010 Catherine_Zeta-Jones_0010
Catherine_Zeta-Jones/Catherine_Zeta-Jones_0011 Catherine_Zeta-Jones_0011
Celso_Amorim/Celso_Amorim_0001 Celso_Amorim_0001
Celso_Amorim/Celso_Amorim_0002 Celso_Amorim_0002
Chanda_Rubin/Chanda_Rubin_0002 Chanda_Rubin_0002
Chanda_Rubin/Chanda_Rubin_0003 Chanda_Rubin_0003
Chanda_Rubin/Chanda_Rubin_0004 Chanda_Rubin_0004
Chan_Gailey/Chan_Gailey_0001 Chan_Gailey_0001
Chante_Jawan_Mallard/Chante_Jawan_Mallard_0001 Chante_Jawan_Mallard_0001
Charles_Bronson/Charles_Bronson_0001 Charles_Bronson_0001
Charles_Bronson/Charles_Bronson_0002 Charles_Bronson_0002
Charles_Kartman/Charles_Kartman_0001 Charles_Kartman_0001
Charles_Schumer/Charles_Schumer_0001 Charles_Schumer_0001
Charles_Schumer/Charles_Schumer_0002 Charles_Schumer_0002
Chris_Rock/Chris_Rock_0001 Chris_Rock_0001
Chris_Rock/Chris_Rock_0002 Chris_Rock_0002
Christine_Baumgartner/Christine_Baumgartner_0001 Christine_Baumgartner_0001
Christine_Baumgartner/Christine_Baumgartner_0002 Christine_Baumgartner_0002
Christine_Baumgartner/Christine_Baumgartner_0003 Christine_Baumgartner_0003
Chyung_Dai-chul/Chyung_Dai-chul_0001 Chyung_Dai-chul_0001
Cindy_Moll/Cindy_Moll_0001 Cindy_Moll_0001
Claire_De_Gryse/Claire_De_Gryse_0001 Claire_De_Gryse_0001
Claire_Tomalin/Claire_Tomalin_0001 Claire_Tomalin_0001
Clay_Campbell/Clay_Campbell_0001 Clay_Campbell_0001
Cole_Chapman/Cole_Chapman_0001 Cole_Chapman_0001
Colin_Farrell/Colin_Farrell_0001 Colin_Farrell_0001
Colin_Farrell/Colin_Farrell_0002 Colin_Farrell_0002
Colin_Farrell/Colin_Farrell_0003 Colin_Farrell_0003
Colin_Farrell/Colin_Farrell_0004 Colin_Farrell_0004
Colin_Phillips/Colin_Phillips_0001 Colin_Phillips_0001
Colin_Prescot/Colin_Prescot_0001 Colin_Prescot_0001
Connie_Freydell/Connie_Freydell_0001 Connie_Freydell_0001
Craig_OClair/Craig_OClair_0001 Craig_OClair_0001
Dalai_Lama/Dalai_Lama_0001 Dalai_Lama_0001
Damarius_Bilbo/Damarius_Bilbo_0001 Damarius_Bilbo_0001
Damon_Dash/Damon_Dash_0001 Damon_Dash_0001
Daniel_Comisso_Urdaneta/Daniel_Comisso_Urdaneta_0001 Daniel_Comisso_Urdaneta_0001
Daniel_Radcliffe/Daniel_Radcliffe_0001 Daniel_Radcliffe_0001
Daniel_Radcliffe/Daniel_Radcliffe_0003 Daniel_Radcliffe_0003
Dany_Heatley/Dany_Heatley_0001 Dany_Heatley_0001
Daryl_Hannah/Daryl_Hannah_0001 Daryl_Hannah_0001
Dave_Odom/Dave_Odom_0001 Dave_Odom_0001
David_Anderson/David_Anderson_0001 David_Anderson_0001
David_Beckham/David_Beckham_0001 David_Beckham_0001
David_Beckham/David_Beckham_0009 David_Beckham_0009
David_Beckham/David_Beckham_0011 David_Beckham_0011
David_Beckham/David_Beckham_0013 David_Beckham_0013
David_Beckham/David_Beckham_0015 David_Beckham_0015
David_Beckham/David_Beckham_0020 David_Beckham_0020
David_Beckham/David_Beckham_0022 David_Beckham_0022
David_Beckham/David_Beckham_0027 David_Beckham_0027
David_Duval/David_Duval_0001 David_Duval_0001
David_Ho/David_Ho_0001 David_Ho_0001
David_Howard/David_Howard_0001 David_Howard_0001
Denzel_Washington/Denzel_Washington_0002 Denzel_Washington_0002
Denzel_Washington/Denzel_Washington_0003 Denzel_Washington_0003
Denzel_Washington/Denzel_Washington_0004 Denzel_Washington_0004
Des_Brown/Des_Brown_0001 Des_Brown_0001
Diana_Ross/Diana_Ross_0001 Diana_Ross_0001
Dianne_Feinstein/Dianne_Feinstein_0001 Dianne_Feinstein_0001
Dianne_Feinstein/Dianne_Feinstein_0002 Dianne_Feinstein_0002
Dianne_Feinstein/Dianne_Feinstein_0003 Dianne_Feinstein_0003
Dick_Clark/Dick_Clark_0001 Dick_Clark_0001
Dick_Clark/Dick_Clark_0003 Dick_Clark_0003
Dino_Risi/Dino_Risi_0001 Dino_Risi_0001
Doc_Rivers/Doc_Rivers_0001 Doc_Rivers_0001
Dominick_Dunne/Dominick_Dunne_0001 Dominick_Dunne_0001
Donald_Fehr/Donald_Fehr_0001 Donald_Fehr_0001
Donald_Fehr/Donald_Fehr_0002 Donald_Fehr_0002
Donald_Fehr/Donald_Fehr_0003 Donald_Fehr_0003
Donald_Keyser/Donald_Keyser_0001 Donald_Keyser_0001
Don_Flanagan/Don_Flanagan_0001 Don_Flanagan_0001
Douglas_Paal/Douglas_Paal_0001 Douglas_Paal_0001
Dusty_Baker/Dusty_Baker_0001 Dusty_Baker_0001
Dwayne_Johnson/Dwayne_Johnson_0001 Dwayne_Johnson_0001
Eddie_Murray/Eddie_Murray_0001 Eddie_Murray_0001
Ed_Rendell/Ed_Rendell_0001 Ed_Rendell_0001
Ed_Rosenthal/Ed_Rosenthal_0001 Ed_Rosenthal_0001
Elaine_Stritch/Elaine_Stritch_0001 Elaine_Stritch_0001
Elena_Tihomirova/Elena_Tihomirova_0001 Elena_Tihomirova_0001
Eric_Schacht/Eric_Schacht_0001 Eric_Schacht_0001
Erik_Morales/Erik_Morales_0001 Erik_Morales_0001
Erik_Morales/Erik_Morales_0002 Erik_Morales_0002
Erik_Morales/Erik_Morales_0003 Erik_Morales_0003
Erin_Brockovich/Erin_Brockovich_0001 Erin_Brockovich_0001
Evander_Holyfield/Evander_Holyfield_0001 Evander_Holyfield_0001
Evan_Rachel_Wood/Evan_Rachel_Wood_0001 Evan_Rachel_Wood_0001
Evan_Rachel_Wood/Evan_Rachel_Wood_0002 Evan_Rachel_Wood_0002
Eve_Pelletier/Eve_Pelletier_0001 Eve_Pelletier_0001
Farouk_al-Sharaa/Farouk_al-Sharaa_0001 Farouk_al-Sharaa_0001
Farouk_al-Sharaa/Farouk_al-Sharaa_0002 Farouk_al-Sharaa_0002
Fatmir_Limaj/Fatmir_Limaj_0001 Fatmir_Limaj_0001
Felicity_Huffman/Felicity_Huffman_0001 Felicity_Huffman_0001
Felipe_De_Borbon/Felipe_De_Borbon_0001 Felipe_De_Borbon_0001
Frank_Cassell/Frank_Cassell_0001 Frank_Cassell_0001
Frank_Cassell/Frank_Cassell_0002 Frank_Cassell_0002
Frank_Cassell/Frank_Cassell_0003 Frank_Cassell_0003
Fred_Durst/Fred_Durst_0001 Fred_Durst_0001
Fujio_Cho/Fujio_Cho_0001 Fujio_Cho_0001
Fujio_Cho/Fujio_Cho_0002 Fujio_Cho_0002
Fujio_Cho/Fujio_Cho_0003 Fujio_Cho_0003
Fujio_Cho/Fujio_Cho_0004 Fujio_Cho_0004
Fujio_Cho/Fujio_Cho_0005 Fujio_Cho_0005
Fujio_Cho/Fujio_Cho_0006 Fujio_Cho_0006
Gabriel_Farhi/Gabriel_Farhi_0001 Gabriel_Farhi_0001
Gao_Qiang/Gao_Qiang_0001 Gao_Qiang_0001
Gao_Qiang/Gao_Qiang_0002 Gao_Qiang_0002
Gary_Stevens/Gary_Stevens_0001 Gary_Stevens_0001
Geoff_Hoon/Geoff_Hoon_0001 Geoff_Hoon_0001
Geoff_Hoon/Geoff_Hoon_0003 Geoff_Hoon_0003
Geoff_Hoon/Geoff_Hoon_0004 Geoff_Hoon_0004
Geoff_Hoon/Geoff_Hoon_0005 Geoff_Hoon_0005
George_Brumley/George_Brumley_0001 George_Brumley_0001
George_Brumley/George_Brumley_0002 George_Brumley_0002
George_Papandreou/George_Papandreou_0001 George_Papandreou_0001
George_Papandreou/George_Papandreou_0002 George_Papandreou_0002
George_Papandreou/George_Papandreou_0003 George_Papandreou_0003
George_Papandreou/George_Papandreou_0004 George_Papandreou_0004
Ghassan_Elashi/Ghassan_Elashi_0001 Ghassan_Elashi_0001
Gloria_Allred/Gloria_Allred_0001 Gloria_Allred_0001
Gloria_Allred/Gloria_Allred_0002 Gloria_Allred_0002
Greg_Kinsey/Greg_Kinsey_0001 Greg_Kinsey_0001
Greg_Ostertag/Greg_Ostertag_0001 Greg_Ostertag_0001
Greg_Ostertag/Greg_Ostertag_0002 Greg_Ostertag_0002
Greg_Owen/Greg_Owen_0001 Greg_Owen_0001
Greg_Owen/Greg_Owen_0002 Greg_Owen_0002
Gretchen_Mol/Gretchen_Mol_0001 Gretchen_Mol_0001
Gunilla_Backman/Gunilla_Backman_0001 Gunilla_Backman_0001
Hanan_Ashrawi/Hanan_Ashrawi_0001 Hanan_Ashrawi_0001
Hans_Leistritz/Hans_Leistritz_0001 Hans_Leistritz_0001
Hans_Peter_Briegel/Hans_Peter_Briegel_0001 Hans_Peter_Briegel_0001
Harriet_Lessy/Harriet_Lessy_0001 Harriet_Lessy_0001
Harry_Kalas/Harry_Kalas_0001 Harry_Kalas_0001
Harry_Kalas/Harry_Kalas_0002 Harry_Kalas_0002
Hayley_Tullett/Hayley_Tullett_0001 Hayley_Tullett_0001
Henry_Suazo/Henry_Suazo_0001 Henry_Suazo_0001
Hernan_Crespo/Hernan_Crespo_0001 Hernan_Crespo_0001
Hiroyuki_Yoshino/Hiroyuki_Yoshino_0001 Hiroyuki_Yoshino_0001
Howard_Dean/Howard_Dean_0001 Howard_Dean_0001
Howard_Dean/Howard_Dean_0002 Howard_Dean_0002
Howard_Dean/Howard_Dean_0004 Howard_Dean_0004
Howard_Dean/Howard_Dean_0005 Howard_Dean_0005
Hugh_Jessiman/Hugh_Jessiman_0001 Hugh_Jessiman_0001
Hugo_Conte/Hugo_Conte_0001 Hugo_Conte_0001
Hu_Jintao/Hu_Jintao_0004 Hu_Jintao_0004
Hu_Jintao/Hu_Jintao_0005 Hu_Jintao_0005
Hu_Jintao/Hu_Jintao_0006 Hu_Jintao_0006
Hu_Jintao/Hu_Jintao_0011 Hu_Jintao_0011
Ian_McKellen/Ian_McKellen_0001 Ian_McKellen_0001
Ibrahim_Jaafari/Ibrahim_Jaafari_0001 Ibrahim_Jaafari_0001
Irina_Yatchenko/Irina_Yatchenko_0001 Irina_Yatchenko_0001
Isabella_Rossellini/Isabella_Rossellini_0001 Isabella_Rossellini_0001
Ishaq_Shahryar/Ishaq_Shahryar_0001 Ishaq_Shahryar_0001
Isidro_Pastor/Isidro_Pastor_0001 Isidro_Pastor_0001
Ismail_Merchant/Ismail_Merchant_0001 Ismail_Merchant_0001
Ismail_Merchant/Ismail_Merchant_0002 Ismail_Merchant_0002
Ivan_Helguera/Ivan_Helguera_0001 Ivan_Helguera_0001
Iveta_Benesova/Iveta_Benesova_0001 Iveta_Benesova_0001
Jacques_Chirac/Jacques_Chirac_0002 Jacques_Chirac_0002
Jacques_Chirac/Jacques_Chirac_0019 Jacques_Chirac_0019
Jacques_Chirac/Jacques_Chirac_0020 Jacques_Chirac_0020
Jacques_Chirac/Jacques_Chirac_0035 Jacques_Chirac_0035
James_Cameron/James_Cameron_0001 James_Cameron_0001
James_McGreevey/James_McGreevey_0001 James_McGreevey_0001
James_Sensenbrenner/James_Sensenbrenner_0001 James_Sensenbrenner_0001
James_Watt/James_Watt_0001 James_Watt_0001
Jamie_Dimon/Jamie_Dimon_0001 Jamie_Dimon_0001
Jason_Alexander/Jason_Alexander_0001 Jason_Alexander_0001
Jason_Kidd/Jason_Kidd_0002 Jason_Kidd_0002
Jason_Kidd/Jason_Kidd_0003 Jason_Kidd_0003
Jason_Kidd/Jason_Kidd_0006 Jason_Kidd_0006
Jason_Kidd/Jason_Kidd_0007 Jason_Kidd_0007
Javier_Vargas/Javier_Vargas_0001 Javier_Vargas_0001
Jeanette_Gray/Jeanette_Gray_0001 Jeanette_Gray_0001
Jeanette_Stauffer/Jeanette_Stauffer_0001 Jeanette_Stauffer_0001
Jeffrey_Donaldson/Jeffrey_Donaldson_0001 Jeffrey_Donaldson_0001
Jelena_Dokic/Jelena_Dokic_0001 Jelena_Dokic_0001
Jelena_Dokic/Jelena_Dokic_0002 Jelena_Dokic_0002
Jelena_Dokic/Jelena_Dokic_0003 Jelena_Dokic_0003
Jelena_Dokic/Jelena_Dokic_0004 Jelena_Dokic_0004
Jelena_Dokic/Jelena_Dokic_0005 Jelena_Dokic_0005
Jelena_Dokic/Jelena_Dokic_0007 Jelena_Dokic_0007
Jennifer_Connelly/Jennifer_Connelly_0001 Jennifer_Connelly_0001
Jennifer_Connelly/Jennifer_Connelly_0002 Jennifer_Connelly_0002
Jennifer_Connelly/Jennifer_Connelly_0003 Jennifer_Connelly_0003
Jennifer_Connelly/Jennifer_Connelly_0004 Jennifer_Connelly_0004
Jennifer_Keller/Jennifer_Keller_0001 Jennifer_Keller_0001
Jennifer_Keller/Jennifer_Keller_0003 Jennifer_Keller_0003
Jennifer_Reilly/Jennifer_Reilly_0001 Jennifer_Reilly_0001
Jennifer_Thompson/Jennifer_Thompson_0001 Jennifer_Thompson_0001
Jesper_Parnevik/Jesper_Parnevik_0001 Jesper_Parnevik_0001
Jim_Hahn/Jim_Hahn_0001 Jim_Hahn_0001
Jim_Hahn/Jim_Hahn_0003 Jim_Hahn_0003
Jimmy_Smits/Jimmy_Smits_0001 Jimmy_Smits_0001
Joe_Crede/Joe_Crede_0001 Joe_Crede_0001
John_Burkett/John_Burkett_0001 John_Burkett_0001
John_McKay/John_McKay_0001 John_McKay_0001
Johnny_Carson/Johnny_Carson_0001 Johnny_Carson_0001
Johnny_Hallyday/Johnny_Hallyday_0001 Johnny_Hallyday_0001
Jonathan_Tiomkin/Jonathan_Tiomkin_0001 Jonathan_Tiomkin_0001
Jorge_Batlle/Jorge_Batlle_0001 Jorge_Batlle_0001
Jorge_Rodolfo_Canicoba_Corral/Jorge_Rodolfo_Canicoba_Corral_0001 Jorge_Rodolfo_Canicoba_Corral_0001
Jose_Bove/Jose_Bove_0001 Jose_Bove_0001
Juan_Ignacio_Chela/Juan_Ignacio_Chela_0001 Juan_Ignacio_Chela_0001
Juan_Ignacio_Chela/Juan_Ignacio_Chela_0002 Juan_Ignacio_Chela_0002
Juljia_Vysotskij/Juljia_Vysotskij_0001 Juljia_Vysotskij_0001
Justin_Gatlin/Justin_Gatlin_0001 Justin_Gatlin_0001
Karen_Mok/Karen_Mok_0001 Karen_Mok_0001
Kate_Lee/Kate_Lee_0001 Kate_Lee_0001
Kathie_Louise_Saunders/Kathie_Louise_Saunders_0001 Kathie_Louise_Saunders_0001
Katie_Harman/Katie_Harman_0001 Katie_Harman_0001
Katie_Harman/Katie_Harman_0002 Katie_Harman_0002
Kenneth_Branagh/Kenneth_Branagh_0001 Kenneth_Branagh_0001
Kevin_Costner/Kevin_Costner_0001 Kevin_Costner_0001
Kevin_Costner/Kevin_Costner_0002 Kevin_Costner_0002
Kevin_Costner/Kevin_Costner_0005 Kevin_Costner_0005
Kevin_Costner/Kevin_Costner_0006 Kevin_Costner_0006
Khader_Rashid_Rahim/Khader_Rashid_Rahim_0001 Khader_Rashid_Rahim_0001
Khalid_Khannouchi/Khalid_Khannouchi_0001 Khalid_Khannouchi_0001
Kimora_Lee/Kimora_Lee_0001 Kimora_Lee_0001
Kim_Su_Nam/Kim_Su_Nam_0001 Kim_Su_Nam_0001
Kim_Weeks/Kim_Weeks_0001 Kim_Weeks_0001
Kurt_Suzuki/Kurt_Suzuki_0001 Kurt_Suzuki_0001
Larry_Lindsey/Larry_Lindsey_0001 Larry_Lindsey_0001
Larry_Ralston/Larry_Ralston_0001 Larry_Ralston_0001
Laurel_Clark/Laurel_Clark_0001 Laurel_Clark_0001
Leandrinho_Barbosa/Leandrinho_Barbosa_0001 Leandrinho_Barbosa_0001
Leonardo_DiCaprio/Leonardo_DiCaprio_0003 Leonardo_DiCaprio_0003
Leonardo_DiCaprio/Leonardo_DiCaprio_0005 Leonardo_DiCaprio_0005
Leonardo_DiCaprio/Leonardo_DiCaprio_0006 Leonardo_DiCaprio_0006
Leonard_Schrank/Leonard_Schrank_0001 Leonard_Schrank_0001
Leon_Barmore/Leon_Barmore_0001 Leon_Barmore_0001
Linda_Franklin/Linda_Franklin_0001 Linda_Franklin_0001
Lindsay_Davenport/Lindsay_Davenport_0001 Lindsay_Davenport_0001
Lindsay_Davenport/Lindsay_Davenport_0002 Lindsay_Davenport_0002
Lindsay_Davenport/Lindsay_Davenport_0005 Lindsay_Davenport_0005
Lindsay_Davenport/Lindsay_Davenport_0017 Lindsay_Davenport_0017
Lionel_Chalmers/Lionel_Chalmers_0001 Lionel_Chalmers_0001
Lisa_Ling/Lisa_Ling_0001 Lisa_Ling_0001
Lisa_Ling/Lisa_Ling_0002 Lisa_Ling_0002
Lucy_Liu/Lucy_Liu_0002 Lucy_Liu_0002
Lucy_Liu/Lucy_Liu_0003 Lucy_Liu_0003
Manfred_Stolpe/Manfred_Stolpe_0001 Manfred_Stolpe_0001
Maria_Luisa_Mendonca/Maria_Luisa_Mendonca_0001 Maria_Luisa_Mendonca_0001
Maria_Luisa_Mendonca/Maria_Luisa_Mendonca_0002 Maria_Luisa_Mendonca_0002
Mariana_Ohata/Mariana_Ohata_0001 Mariana_Ohata_0001
Maria_Shkolnikova/Maria_Shkolnikova_0001 Maria_Shkolnikova_0001
Mario_Kreutzberger/Mario_Kreutzberger_0001 Mario_Kreutzberger_0001
Mario_Kreutzberger/Mario_Kreutzberger_0002 Mario_Kreutzberger_0002
Maritza_Macias_Furano/Maritza_Macias_Furano_0001 Maritza_Macias_Furano_0001
Mark_Butcher/Mark_Butcher_0001 Mark_Butcher_0001
Mark_Sisk/Mark_Sisk_0001 Mark_Sisk_0001
Masao_Azuma/Masao_Azuma_0001 Masao_Azuma_0001
McGuire_Gibson/McGuire_Gibson_0001 McGuire_Gibson_0001
Mehdi_Baala/Mehdi_Baala_0001 Mehdi_Baala_0001
Melissa_Etheridge/Melissa_Etheridge_0001 Melissa_Etheridge_0001
Melissa_Joan_Hart/Melissa_Joan_Hart_0001 Melissa_Joan_Hart_0001
Michael_Brandon/Michael_Brandon_0001 Michael_Brandon_0001
Michael_Jordan/Michael_Jordan_0001 Michael_Jordan_0001
Michael_Jordan/Michael_Jordan_0002 Michael_Jordan_0002
Michael_Shelby/Michael_Shelby_0001 Michael_Shelby_0001
Michel_Kratochvil/Michel_Kratochvil_0001 Michel_Kratochvil_0001
Mike_Eskew/Mike_Eskew_0001 Mike_Eskew_0001
Mike_OConnell/Mike_OConnell_0001 Mike_OConnell_0001
Mike_Sherman/Mike_Sherman_0001 Mike_Sherman_0001
Mikhail_Youzhny/Mikhail_Youzhny_0001 Mikhail_Youzhny_0001
Milt_Heflin/Milt_Heflin_0001 Milt_Heflin_0001
Mitchell_Daniels/Mitchell_Daniels_0001 Mitchell_Daniels_0001
Mitchell_Daniels/Mitchell_Daniels_0003 Mitchell_Daniels_0003
Mohammad_Khatami/Mohammad_Khatami_0001 Mohammad_Khatami_0001
Mohammad_Khatami/Mohammad_Khatami_0003 Mohammad_Khatami_0003
Mohammad_Khatami/Mohammad_Khatami_0008 Mohammad_Khatami_0008
Monique_Garbrecht-Enfeldt/Monique_Garbrecht-Enfeldt_0001 Monique_Garbrecht-Enfeldt_0001
Natalie_Maines/Natalie_Maines_0002 Natalie_Maines_0002
Natalie_Maines/Natalie_Maines_0004 Natalie_Maines_0004
Nelson_Mandela/Nelson_Mandela_0001 Nelson_Mandela_0001
Nicholoas_DiMarzio/Nicholoas_DiMarzio_0001 Nicholoas_DiMarzio_0001
Nikki_McKibbin/Nikki_McKibbin_0001 Nikki_McKibbin_0001
Norodom_Sihanouk/Norodom_Sihanouk_0001 Norodom_Sihanouk_0001
Norodom_Sihanouk/Norodom_Sihanouk_0002 Norodom_Sihanouk_0002
Osama_Al_Baz/Osama_Al_Baz_0001 Osama_Al_Baz_0001
Osama_bin_Laden/Osama_bin_Laden_0002 Osama_bin_Laden_0002
Osama_bin_Laden/Osama_bin_Laden_0003 Osama_bin_Laden_0003
Oxana_Fedorova/Oxana_Fedorova_0001 Oxana_Fedorova_0001
Patricia_Phillips/Patricia_Phillips_0001 Patricia_Phillips_0001
Paula_Locke/Paula_Locke_0001 Paula_Locke_0001
Peter_Bacanovic/Peter_Bacanovic_0001 Peter_Bacanovic_0001
Peter_Bacanovic/Peter_Bacanovic_0002 Peter_Bacanovic_0002
Philippe_Noiret/Philippe_Noiret_0001 Philippe_Noiret_0001
Pier_Ferdinando_Casini/Pier_Ferdinando_Casini_0001 Pier_Ferdinando_Casini_0001
Placido_Domingo/Placido_Domingo_0001 Placido_Domingo_0001
Placido_Domingo/Placido_Domingo_0002 Placido_Domingo_0002
Princess_Aiko/Princess_Aiko_0001 Princess_Aiko_0001
Prince_William/Prince_William_0001 Prince_William_0001
Priscilla_Presley/Priscilla_Presley_0001 Priscilla_Presley_0001
Priscilla_Presley/Priscilla_Presley_0002 Priscilla_Presley_0002
Raaf_Schefter/Raaf_Schefter_0001 Raaf_Schefter_0001
Richard_Haass/Richard_Haass_0001 Richard_Haass_0001
Richard_Shelby/Richard_Shelby_0001 Richard_Shelby_0001
Richard_Sterner/Richard_Sterner_0001 Richard_Sterner_0001
Rick_Barnes/Rick_Barnes_0001 Rick_Barnes_0001
Rick_Dinse/Rick_Dinse_0001 Rick_Dinse_0001
Rick_Dinse/Rick_Dinse_0002 Rick_Dinse_0002
Rio_Ferdinand/Rio_Ferdinand_0001 Rio_Ferdinand_0001
Rita_Grande/Rita_Grande_0001 Rita_Grande_0001
Rita_Grande/Rita_Grande_0002 Rita_Grande_0002
Roberto_Lavagna/Roberto_Lavagna_0001 Roberto_Lavagna_0001
Robin_McLaurin_Williams/Robin_McLaurin_Williams_0001 Robin_McLaurin_Williams_0001
Rodolfo_Abalos/Rodolfo_Abalos_0001 Rodolfo_Abalos_0001
Rod_Stewart/Rod_Stewart_0001 Rod_Stewart_0001
Roman_Tam/Roman_Tam_0001 Roman_Tam_0001
Saddam_Hussein/Saddam_Hussein_0002 Saddam_Hussein_0002
Saddam_Hussein/Saddam_Hussein_0003 Saddam_Hussein_0003
Saddam_Hussein/Saddam_Hussein_0006 Saddam_Hussein_0006
Sally_Field/Sally_Field_0001 Sally_Field_0001
Salma_Hayek/Salma_Hayek_0001 Salma_Hayek_0001
Sandra_Bullock/Sandra_Bullock_0001 Sandra_Bullock_0001
Sandra_Bullock/Sandra_Bullock_0002 Sandra_Bullock_0002
Sandra_Bullock/Sandra_Bullock_0003 Sandra_Bullock_0003
Sarah_Hughes/Sarah_Hughes_0001 Sarah_Hughes_0001
Sarah_Hughes/Sarah_Hughes_0002 Sarah_Hughes_0002
Sarah_Hughes/Sarah_Hughes_0003 Sarah_Hughes_0003
Sarah_Hughes/Sarah_Hughes_0004 Sarah_Hughes_0004
Scott_Hoch/Scott_Hoch_0001 Scott_Hoch_0001
Seymour_Cassell/Seymour_Cassell_0001 Seymour_Cassell_0001
Sharon_Frey/Sharon_Frey_0001 Sharon_Frey_0001
Shaun_Rusling/Shaun_Rusling_0001 Shaun_Rusling_0001
Sheldon_Silver/Sheldon_Silver_0001 Sheldon_Silver_0001
Silvio_Berlusconi/Silvio_Berlusconi_0006 Silvio_Berlusconi_0006
Silvio_Berlusconi/Silvio_Berlusconi_0008 Silvio_Berlusconi_0008
Silvio_Berlusconi/Silvio_Berlusconi_0013 Silvio_Berlusconi_0013
Silvio_Berlusconi/Silvio_Berlusconi_0017 Silvio_Berlusconi_0017
Silvio_Berlusconi/Silvio_Berlusconi_0018 Silvio_Berlusconi_0018
Silvio_Berlusconi/Silvio_Berlusconi_0023 Silvio_Berlusconi_0023
Silvio_Berlusconi/Silvio_Berlusconi_0024 Silvio_Berlusconi_0024
Silvio_Berlusconi/Silvio_Berlusconi_0026 Silvio_Berlusconi_0026
Spencer_Abraham/Spencer_Abraham_0003 Spencer_Abraham_0003
Steffi_Graf/Steffi_Graf_0002 Steffi_Graf_0002
Steffi_Graf/Steffi_Graf_0003 Steffi_Graf_0003
Stephane_Delajoux/Stephane_Delajoux_0001 Stephane_Delajoux_0001
Steven_Spielberg/Steven_Spielberg_0001 Steven_Spielberg_0001
Steven_Spielberg/Steven_Spielberg_0003 Steven_Spielberg_0003
Steven_Spielberg/Steven_Spielberg_0004 Steven_Spielberg_0004
Steven_Spielberg/Steven_Spielberg_0006 Steven_Spielberg_0006
Takahiro_Mori/Takahiro_Mori_0001 Takahiro_Mori_0001
Theresa_May/Theresa_May_0001 Theresa_May_0001
Theresa_May/Theresa_May_0002 Theresa_May_0002
Thierry_Falise/Thierry_Falise_0002 Thierry_Falise_0002
Tippi_Hedren/Tippi_Hedren_0001 Tippi_Hedren_0001
Todd_Haynes/Todd_Haynes_0001 Todd_Haynes_0001
Todd_Haynes/Todd_Haynes_0002 Todd_Haynes_0002
Tony_Blair/Tony_Blair_0018 Tony_Blair_0018
Tony_Blair/Tony_Blair_0032 Tony_Blair_0032
Tony_Blair/Tony_Blair_0053 Tony_Blair_0053
Tony_Blair/Tony_Blair_0091 Tony_Blair_0091
Tony_Blair/Tony_Blair_0092 Tony_Blair_0092
Tony_Blair/Tony_Blair_0105 Tony_Blair_0105
Vicente_Fox/Vicente_Fox_0004 Vicente_Fox_0004
Vicente_Fox/Vicente_Fox_0009 Vicente_Fox_0009
Vicente_Fox/Vicente_Fox_0011 Vicente_Fox_0011
Vicente_Fox/Vicente_Fox_0015 Vicente_Fox_0015
Vojislav_Kostunica/Vojislav_Kostunica_0001 Vojislav_Kostunica_0001
Vojislav_Kostunica/Vojislav_Kostunica_0002 Vojislav_Kostunica_0002
Vojislav_Kostunica/Vojislav_Kostunica_0004 Vojislav_Kostunica_0004
Vojislav_Kostunica/Vojislav_Kostunica_0005 Vojislav_Kostunica_0005
Walter_Mondale/Walter_Mondale_0001 Walter_Mondale_0001
Walter_Mondale/Walter_Mondale_0005 Walter_Mondale_0005
Walter_Mondale/Walter_Mondale_0006 Walter_Mondale_0006
Walter_Mondale/Walter_Mondale_0007 Walter_Mondale_0007
Wang_Yingfan/Wang_Yingfan_0002 Wang_Yingfan_0002
William_Bratton/William_Bratton_0001 William_Bratton_0001
William_Donaldson/William_Donaldson_0001 William_Donaldson_0001
William_Donaldson/William_Donaldson_0003 William_Donaldson_0003
William_Donaldson/William_Donaldson_0004 William_Donaldson_0004
Xavier_Malisse/Xavier_Malisse_0001 Xavier_Malisse_0001
Xavier_Malisse/Xavier_Malisse_0003 Xavier_Malisse_0003
Yevgeny_Kafelnikov/Yevgeny_Kafelnikov_0001 Yevgeny_Kafelnikov_0001
Zarai_Toledo/Zarai_Toledo_0001 Zarai_Toledo_0001
